Component: Arm Compiler for Embedded 6.22 Tool: armlink [5ee90200]

==============================================================================

Section Cross References

    startup_n32g4fr.o(STACK) refers (Special) to heapauxi.o(.text) for __use_two_region_memory
    startup_n32g4fr.o(HEAP) refers (Special) to heapauxi.o(.text) for __use_two_region_memory
    startup_n32g4fr.o(RESET) refers (Special) to heapauxi.o(.text) for __use_two_region_memory
    startup_n32g4fr.o(RESET) refers to startup_n32g4fr.o(STACK) for __initial_sp
    startup_n32g4fr.o(RESET) refers to startup_n32g4fr.o(.text) for Reset_Handler
    startup_n32g4fr.o(RESET) refers to n32g4fr_it.o(.text.NMI_Handler) for NMI_Handler
    startup_n32g4fr.o(RESET) refers to n32g4fr_it.o(.text.HardFault_Handler) for HardFault_Handler
    startup_n32g4fr.o(RESET) refers to n32g4fr_it.o(.text.MemManage_Handler) for MemManage_Handler
    startup_n32g4fr.o(RESET) refers to n32g4fr_it.o(.text.BusFault_Handler) for BusFault_Handler
    startup_n32g4fr.o(RESET) refers to n32g4fr_it.o(.text.UsageFault_Handler) for UsageFault_Handler
    startup_n32g4fr.o(RESET) refers to n32g4fr_it.o(.text.SVC_Handler) for SVC_Handler
    startup_n32g4fr.o(RESET) refers to n32g4fr_it.o(.text.DebugMon_Handler) for DebugMon_Handler
    startup_n32g4fr.o(RESET) refers to n32g4fr_it.o(.text.SysTick_Handler) for SysTick_Handler
    startup_n32g4fr.o(RESET) refers to usart.o(.text.USART1_IRQHandler) for USART1_IRQHandler
    startup_n32g4fr.o(.text) refers (Special) to heapauxi.o(.text) for __use_two_region_memory
    startup_n32g4fr.o(.text) refers to system_n32g4fr.o(.text.SystemInit) for SystemInit
    startup_n32g4fr.o(.text) refers to __main.o(!!!main) for __main
    startup_n32g4fr.o(.text) refers to startup_n32g4fr.o(HEAP) for Heap_Mem
    startup_n32g4fr.o(.text) refers to startup_n32g4fr.o(STACK) for Stack_Mem
    system_n32g4fr.o(.text.SystemInit) refers to n32g4fr_rcc.o(.text.RCC_ConfigSysclk) for RCC_ConfigSysclk
    system_n32g4fr.o(.text.SystemInit) refers to n32g4fr_rcc.o(.text.RCC_GetSysclkSrc) for RCC_GetSysclkSrc
    system_n32g4fr.o(.text.SystemInit) refers to system_n32g4fr.o(.text.ReadBackBDCTRL) for ReadBackBDCTRL
    system_n32g4fr.o(.text.SystemInit) refers to system_n32g4fr.o(.text.SetSysClock) for SetSysClock
    system_n32g4fr.o(.text.SystemInit) refers to system_n32g4fr.o(.text.SetVDDDBKTrim) for SetVDDDBKTrim
    system_n32g4fr.o(.ARM.exidx.text.SystemInit) refers to system_n32g4fr.o(.text.SystemInit) for [Anonymous Symbol]
    system_n32g4fr.o(.ARM.exidx.text.ReadBackBDCTRL) refers to system_n32g4fr.o(.text.ReadBackBDCTRL) for [Anonymous Symbol]
    system_n32g4fr.o(.text.SetSysClock) refers to system_n32g4fr.o(.data.SystemCoreClock) for SystemCoreClock
    system_n32g4fr.o(.ARM.exidx.text.SetSysClock) refers to system_n32g4fr.o(.text.SetSysClock) for [Anonymous Symbol]
    system_n32g4fr.o(.ARM.exidx.text.SetVDDDBKTrim) refers to system_n32g4fr.o(.text.SetVDDDBKTrim) for [Anonymous Symbol]
    system_n32g4fr.o(.text.SystemCoreClockUpdate) refers to system_n32g4fr.o(.data.SystemCoreClock) for SystemCoreClock
    system_n32g4fr.o(.text.SystemCoreClockUpdate) refers to system_n32g4fr.o(.rodata.AHBPrescTable) for AHBPrescTable
    system_n32g4fr.o(.ARM.exidx.text.SystemCoreClockUpdate) refers to system_n32g4fr.o(.text.SystemCoreClockUpdate) for [Anonymous Symbol]
    misc.o(.ARM.exidx.text.NVIC_PriorityGroupConfig) refers to misc.o(.text.NVIC_PriorityGroupConfig) for [Anonymous Symbol]
    misc.o(.ARM.exidx.text.NVIC_Init) refers to misc.o(.text.NVIC_Init) for [Anonymous Symbol]
    misc.o(.ARM.exidx.text.NVIC_SetVectorTable) refers to misc.o(.text.NVIC_SetVectorTable) for [Anonymous Symbol]
    misc.o(.ARM.exidx.text.NVIC_SystemLPConfig) refers to misc.o(.text.NVIC_SystemLPConfig) for [Anonymous Symbol]
    misc.o(.ARM.exidx.text.SysTick_CLKSourceConfig) refers to misc.o(.text.SysTick_CLKSourceConfig) for [Anonymous Symbol]
    n32g4fr_adc.o(.text.ADC_DeInit) refers to n32g4fr_rcc.o(.text.RCC_EnableAHBPeriphReset) for RCC_EnableAHBPeriphReset
    n32g4fr_adc.o(.ARM.exidx.text.ADC_DeInit) refers to n32g4fr_adc.o(.text.ADC_DeInit) for [Anonymous Symbol]
    n32g4fr_adc.o(.text.ADC_Init) refers to n32g4fr_adc.o(.bss.RCC_Clocks) for RCC_Clocks
    n32g4fr_adc.o(.text.ADC_Init) refers to n32g4fr_rcc.o(.text.RCC_GetClocksFreqValue) for RCC_GetClocksFreqValue
    n32g4fr_adc.o(.ARM.exidx.text.ADC_Init) refers to n32g4fr_adc.o(.text.ADC_Init) for [Anonymous Symbol]
    n32g4fr_adc.o(.ARM.exidx.text.ADC_InitStruct) refers to n32g4fr_adc.o(.text.ADC_InitStruct) for [Anonymous Symbol]
    n32g4fr_adc.o(.ARM.exidx.text.ADC_Enable) refers to n32g4fr_adc.o(.text.ADC_Enable) for [Anonymous Symbol]
    n32g4fr_adc.o(.ARM.exidx.text.ADC_EnableDMA) refers to n32g4fr_adc.o(.text.ADC_EnableDMA) for [Anonymous Symbol]
    n32g4fr_adc.o(.ARM.exidx.text.ADC_ConfigInt) refers to n32g4fr_adc.o(.text.ADC_ConfigInt) for [Anonymous Symbol]
[...]
    Removing n32g4fr_tim.o(.ARM.exidx.text.TIM_SetInCap1Prescaler), (8 bytes).
    Removing n32g4fr_tim.o(.text.ConfigTI2), (258 bytes).
    Removing n32g4fr_tim.o(.ARM.exidx.text.ConfigTI2), (8 bytes).
    Removing n32g4fr_tim.o(.text.TIM_SetInCap2Prescaler), (36 bytes).
    Removing n32g4fr_tim.o(.ARM.exidx.text.TIM_SetInCap2Prescaler), (8 bytes).
    Removing n32g4fr_tim.o(.text.ConfigTI3), (246 bytes).
    Removing n32g4fr_tim.o(.ARM.exidx.text.ConfigTI3), (8 bytes).
    Removing n32g4fr_tim.o(.text.TIM_SetInCap3Prescaler), (34 bytes).
    Removing n32g4fr_tim.o(.ARM.exidx.text.TIM_SetInCap3Prescaler), (8 bytes).
    Removing n32g4fr_tim.o(.text.ConfigTI4), (258 bytes).
    Removing n32g4fr_tim.o(.ARM.exidx.text.ConfigTI4), (8 bytes).
    Removing n32g4fr_tim.o(.text.TIM_SetInCap4Prescaler), (36 bytes).
    Removing n32g4fr_tim.o(.ARM.exidx.text.TIM_SetInCap4Prescaler), (8 bytes).
    Removing n32g4fr_tim.o(.text.TIM_ConfigPwmIc), (190 bytes).
    Removing n32g4fr_tim.o(.ARM.exidx.text.TIM_ConfigPwmIc), (8 bytes).
    Removing n32g4fr_tim.o(.text.TIM_ConfigBkdt), (146 bytes).
    Removing n32g4fr_tim.o(.ARM.exidx.text.TIM_ConfigBkdt), (8 bytes).
    Removing n32g4fr_tim.o(.text.TIM_InitTimBaseStruct), (58 bytes).
    Removing n32g4fr_tim.o(.ARM.exidx.text.TIM_InitTimBaseStruct), (8 bytes).
    Removing n32g4fr_tim.o(.text.TIM_InitOcStruct), (42 bytes).
    Removing n32g4fr_tim.o(.ARM.exidx.text.TIM_InitOcStruct), (8 bytes).
    Removing n32g4fr_tim.o(.text.TIM_InitIcStruct), (32 bytes).
    Removing n32g4fr_tim.o(.ARM.exidx.text.TIM_InitIcStruct), (8 bytes).
    Removing n32g4fr_tim.o(.text.TIM_InitBkdtStruct), (50 bytes).
    Removing n32g4fr_tim.o(.ARM.exidx.text.TIM_InitBkdtStruct), (8 bytes).
    Removing n32g4fr_tim.o(.text.TIM_Enable), (44 bytes).
    Removing n32g4fr_tim.o(.ARM.exidx.text.TIM_Enable), (8 bytes).
    Removing n32g4fr_tim.o(.text.TIM_EnableCtrlPwmOutputs), (52 bytes).
    Removing n32g4fr_tim.o(.ARM.exidx.text.TIM_EnableCtrlPwmOutputs), (8 bytes).
    Removing n32g4fr_tim.o(.text.TIM_ConfigInt), (52 bytes).
    Removing n32g4fr_tim.o(.ARM.exidx.text.TIM_ConfigInt), (8 bytes).
    Removing n32g4fr_tim.o(.text.TIM_GenerateEvent), (20 bytes).
    Removing n32g4fr_tim.o(.ARM.exidx.text.TIM_GenerateEvent), (8 bytes).
    Removing n32g4fr_tim.o(.text.TIM_ConfigDma), (32 bytes).
    Removing n32g4fr_tim.o(.ARM.exidx.text.TIM_ConfigDma), (8 bytes).
    Removing n32g4fr_tim.o(.text.TIM_EnableDma), (52 bytes).
    Removing n32g4fr_tim.o(.ARM.exidx.text.TIM_EnableDma), (8 bytes).
    Removing n32g4fr_tim.o(.text.TIM_ConfigInternalClk), (18 bytes).
    Removing n32g4fr_tim.o(.ARM.exidx.text.TIM_ConfigInternalClk), (8 bytes).
    Removing n32g4fr_tim.o(.text.TIM_ConfigInternalTrigToExt), (34 bytes).
    Removing n32g4fr_tim.o(.ARM.exidx.text.TIM_ConfigInternalTrigToExt), (8 bytes).
    Removing n32g4fr_tim.o(.text.TIM_SelectInputTrig), (60 bytes).
    Removing n32g4fr_tim.o(.ARM.exidx.text.TIM_SelectInputTrig), (8 bytes).
    Removing n32g4fr_tim.o(.text.TIM_ConfigExtTrigAsClk), (88 bytes).
    Removing n32g4fr_tim.o(.ARM.exidx.text.TIM_ConfigExtTrigAsClk), (8 bytes).
    Removing n32g4fr_tim.o(.text.TIM_ConfigExtClkMode1), (110 bytes).
    Removing n32g4fr_tim.o(.ARM.exidx.text.TIM_ConfigExtClkMode1), (8 bytes).
    Removing n32g4fr_tim.o(.text.TIM_ConfigExtTrig), (78 bytes).
    Removing n32g4fr_tim.o(.ARM.exidx.text.TIM_ConfigExtTrig), (8 bytes).
    Removing n32g4fr_tim.o(.text.TIM_ConfigExtClkMode2), (50 bytes).
    Removing n32g4fr_tim.o(.ARM.exidx.text.TIM_ConfigExtClkMode2), (8 bytes).
    Removing n32g4fr_tim.o(.text.TIM_ConfigPrescaler), (32 bytes).
    Removing n32g4fr_tim.o(.ARM.exidx.text.TIM_ConfigPrescaler), (8 bytes).
    Removing n32g4fr_tim.o(.text.TIM_ConfigCntMode), (46 bytes).
    Removing n32g4fr_tim.o(.ARM.exidx.text.TIM_ConfigCntMode), (8 bytes).
    Removing n32g4fr_tim.o(.text.TIM_ConfigEncoderInterface), (158 bytes).
    Removing n32g4fr_tim.o(.ARM.exidx.text.TIM_ConfigEncoderInterface), (8 bytes).
    Removing n32g4fr_tim.o(.text.TIM_ConfigForcedOc1), (60 bytes).
    Removing n32g4fr_tim.o(.ARM.exidx.text.TIM_ConfigForcedOc1), (8 bytes).
    Removing n32g4fr_tim.o(.text.TIM_ConfigForcedOc2), (62 bytes).
    Removing n32g4fr_tim.o(.ARM.exidx.text.TIM_ConfigForcedOc2), (8 bytes).
    Removing n32g4fr_tim.o(.text.TIM_ConfigForcedOc3), (60 bytes).
    Removing n32g4fr_tim.o(.ARM.exidx.text.TIM_ConfigForcedOc3), (8 bytes).
    Removing n32g4fr_tim.o(.text.TIM_ConfigForcedOc4), (62 bytes).
    Removing n32g4fr_tim.o(.ARM.exidx.text.TIM_ConfigForcedOc4), (8 bytes).
    Removing n32g4fr_tim.o(.text.TIM_ConfigForcedOc5), (64 bytes).
    Removing n32g4fr_tim.o(.ARM.exidx.text.TIM_ConfigForcedOc5), (8 bytes).
    Removing n32g4fr_tim.o(.text.TIM_ConfigForcedOc6), (66 bytes).
    Removing n32g4fr_tim.o(.ARM.exidx.text.TIM_ConfigForcedOc6), (8 bytes).
    Removing n32g4fr_tim.o(.text.TIM_ConfigArPreload), (44 bytes).
    Removing n32g4fr_tim.o(.ARM.exidx.text.TIM_ConfigArPreload), (8 bytes).
    Removing n32g4fr_tim.o(.text.TIM_SelectComEvt), (44 bytes).
    Removing n32g4fr_tim.o(.ARM.exidx.text.TIM_SelectComEvt), (8 bytes).
    Removing n32g4fr_tim.o(.text.TIM_SelectCapCmpDmaSrc), (44 bytes).
    Removing n32g4fr_tim.o(.ARM.exidx.text.TIM_SelectCapCmpDmaSrc), (8 bytes).
    Removing n32g4fr_tim.o(.text.TIM_EnableCapCmpPreloadControl), (44 bytes).
    Removing n32g4fr_tim.o(.ARM.exidx.text.TIM_EnableCapCmpPreloadControl), (8 bytes).
    Removing n32g4fr_tim.o(.text.TIM_ConfigOc1Preload), (60 bytes).
    Removing n32g4fr_tim.o(.ARM.exidx.text.TIM_ConfigOc1Preload), (8 bytes).
    Removing n32g4fr_tim.o(.text.TIM_ConfigOc2Preload), (62 bytes).
    Removing n32g4fr_tim.o(.ARM.exidx.text.TIM_ConfigOc2Preload), (8 bytes).
    Removing n32g4fr_tim.o(.text.TIM_ConfigOc3Preload), (60 bytes).
    Removing n32g4fr_tim.o(.ARM.exidx.text.TIM_ConfigOc3Preload), (8 bytes).
    Removing n32g4fr_tim.o(.text.TIM_ConfigOc4Preload), (62 bytes).
    Removing n32g4fr_tim.o(.ARM.exidx.text.TIM_ConfigOc4Preload), (8 bytes).
    Removing n32g4fr_tim.o(.text.TIM_ConfigOc5Preload), (64 bytes).
    Removing n32g4fr_tim.o(.ARM.exidx.text.TIM_ConfigOc5Preload), (8 bytes).
    Removing n32g4fr_tim.o(.text.TIM_ConfigOc6Preload), (66 bytes).
    Removing n32g4fr_tim.o(.ARM.exidx.text.TIM_ConfigOc6Preload), (8 bytes).
    Removing n32g4fr_tim.o(.text.TIM_ConfigOc1Fast), (60 bytes).
    Removing n32g4fr_tim.o(.ARM.exidx.text.TIM_ConfigOc1Fast), (8 bytes).
    Removing n32g4fr_tim.o(.text.TIM_ConfigOc2Fast), (62 bytes).
    Removing n32g4fr_tim.o(.ARM.exidx.text.TIM_ConfigOc2Fast), (8 bytes).
    Removing n32g4fr_tim.o(.text.TIM_ConfigOc3Fast), (60 bytes).
    Removing n32g4fr_tim.o(.ARM.exidx.text.TIM_ConfigOc3Fast), (8 bytes).
    Removing n32g4fr_tim.o(.text.TIM_ConfigOc4Fast), (62 bytes).
    Removing n32g4fr_tim.o(.ARM.exidx.text.TIM_ConfigOc4Fast), (8 bytes).
    Removing n32g4fr_tim.o(.text.TIM_ConfigOc5Fast), (64 bytes).
    Removing n32g4fr_tim.o(.ARM.exidx.text.TIM_ConfigOc5Fast), (8 bytes).
    Removing n32g4fr_tim.o(.text.TIM_ConfigOc6Fast), (66 bytes).
    Removing n32g4fr_tim.o(.ARM.exidx.text.TIM_ConfigOc6Fast), (8 bytes).
    Removing n32g4fr_tim.o(.text.TIM_ClrOc1Ref), (60 bytes).
    Removing n32g4fr_tim.o(.ARM.exidx.text.TIM_ClrOc1Ref), (8 bytes).
    Removing n32g4fr_tim.o(.text.TIM_ClrOc2Ref), (62 bytes).
    Removing n32g4fr_tim.o(.ARM.exidx.text.TIM_ClrOc2Ref), (8 bytes).
    Removing n32g4fr_tim.o(.text.TIM_ClrOc3Ref), (60 bytes).
    Removing n32g4fr_tim.o(.ARM.exidx.text.TIM_ClrOc3Ref), (8 bytes).
    Removing n32g4fr_tim.o(.text.TIM_ClrOc4Ref), (62 bytes).
    Removing n32g4fr_tim.o(.ARM.exidx.text.TIM_ClrOc4Ref), (8 bytes).
    Removing n32g4fr_tim.o(.text.TIM_ClrOc5Ref), (64 bytes).
    Removing n32g4fr_tim.o(.ARM.exidx.text.TIM_ClrOc5Ref), (8 bytes).
    Removing n32g4fr_tim.o(.text.TIM_ClrOc6Ref), (66 bytes).
    Removing n32g4fr_tim.o(.ARM.exidx.text.TIM_ClrOc6Ref), (8 bytes).
    Removing n32g4fr_tim.o(.text.TIM_ConfigOc1Polarity), (46 bytes).
    Removing n32g4fr_tim.o(.ARM.exidx.text.TIM_ConfigOc1Polarity), (8 bytes).
    Removing n32g4fr_tim.o(.text.TIM_ConfigOc1NPolarity), (46 bytes).
    Removing n32g4fr_tim.o(.ARM.exidx.text.TIM_ConfigOc1NPolarity), (8 bytes).
    Removing n32g4fr_tim.o(.text.TIM_ConfigOc2Polarity), (48 bytes).
    Removing n32g4fr_tim.o(.ARM.exidx.text.TIM_ConfigOc2Polarity), (8 bytes).
    Removing n32g4fr_tim.o(.text.TIM_ConfigOc2NPolarity), (48 bytes).
    Removing n32g4fr_tim.o(.ARM.exidx.text.TIM_ConfigOc2NPolarity), (8 bytes).
    Removing n32g4fr_tim.o(.text.TIM_ConfigOc3Polarity), (48 bytes).
    Removing n32g4fr_tim.o(.ARM.exidx.text.TIM_ConfigOc3Polarity), (8 bytes).
    Removing n32g4fr_tim.o(.text.TIM_ConfigOc3NPolarity), (48 bytes).
    Removing n32g4fr_tim.o(.ARM.exidx.text.TIM_ConfigOc3NPolarity), (8 bytes).
    Removing n32g4fr_tim.o(.text.TIM_ConfigOc4Polarity), (48 bytes).
    Removing n32g4fr_tim.o(.ARM.exidx.text.TIM_ConfigOc4Polarity), (8 bytes).
    Removing n32g4fr_tim.o(.text.TIM_ConfigOc5Polarity), (48 bytes).
    Removing n32g4fr_tim.o(.ARM.exidx.text.TIM_ConfigOc5Polarity), (8 bytes).
    Removing n32g4fr_tim.o(.text.TIM_ConfigOc6Polarity), (48 bytes).
    Removing n32g4fr_tim.o(.ARM.exidx.text.TIM_ConfigOc6Polarity), (8 bytes).
    Removing n32g4fr_tim.o(.text.TIM_EnableCapCmpCh), (62 bytes).
    Removing n32g4fr_tim.o(.ARM.exidx.text.TIM_EnableCapCmpCh), (8 bytes).
    Removing n32g4fr_tim.o(.text.TIM_EnableCapCmpChN), (62 bytes).
    Removing n32g4fr_tim.o(.ARM.exidx.text.TIM_EnableCapCmpChN), (8 bytes).
    Removing n32g4fr_tim.o(.text.TIM_SelectOcMode), (158 bytes).
    Removing n32g4fr_tim.o(.ARM.exidx.text.TIM_SelectOcMode), (8 bytes).
    Removing n32g4fr_tim.o(.text.TIM_EnableUpdateEvt), (44 bytes).
    Removing n32g4fr_tim.o(.ARM.exidx.text.TIM_EnableUpdateEvt), (8 bytes).
    Removing n32g4fr_tim.o(.text.TIM_ConfigUpdateEvt), (44 bytes).
    Removing n32g4fr_tim.o(.ARM.exidx.text.TIM_ConfigUpdateEvt), (8 bytes).
    Removing n32g4fr_tim.o(.text.TIM_ConfigUpdateRequestIntSrc), (44 bytes).
    Removing n32g4fr_tim.o(.ARM.exidx.text.TIM_ConfigUpdateRequestIntSrc), (8 bytes).
    Removing n32g4fr_tim.o(.text.TIM_SelectHallSensor), (44 bytes).
    Removing n32g4fr_tim.o(.ARM.exidx.text.TIM_SelectHallSensor), (8 bytes).
    Removing n32g4fr_tim.o(.text.TIM_SelectOnePulseMode), (34 bytes).
    Removing n32g4fr_tim.o(.ARM.exidx.text.TIM_SelectOnePulseMode), (8 bytes).
    Removing n32g4fr_tim.o(.text.TIM_SelectOutputTrig), (34 bytes).
    Removing n32g4fr_tim.o(.ARM.exidx.text.TIM_SelectOutputTrig), (8 bytes).
    Removing n32g4fr_tim.o(.text.TIM_SelectExtSignalSource), (34 bytes).
    Removing n32g4fr_tim.o(.ARM.exidx.text.TIM_SelectExtSignalSource), (8 bytes).
    Removing n32g4fr_tim.o(.text.TIM_SelectSlaveMode), (34 bytes).
    Removing n32g4fr_tim.o(.ARM.exidx.text.TIM_SelectSlaveMode), (8 bytes).
    Removing n32g4fr_tim.o(.text.TIM_SelectMasterSlaveMode), (34 bytes).
    Removing n32g4fr_tim.o(.ARM.exidx.text.TIM_SelectMasterSlaveMode), (8 bytes).
    Removing n32g4fr_tim.o(.text.TIM_SetCnt), (20 bytes).
    Removing n32g4fr_tim.o(.ARM.exidx.text.TIM_SetCnt), (8 bytes).
    Removing n32g4fr_tim.o(.text.TIM_SetAutoReload), (20 bytes).
    Removing n32g4fr_tim.o(.ARM.exidx.text.TIM_SetAutoReload), (8 bytes).
    Removing n32g4fr_tim.o(.text.TIM_SetCmp1), (20 bytes).
    Removing n32g4fr_tim.o(.ARM.exidx.text.TIM_SetCmp1), (8 bytes).
    Removing n32g4fr_tim.o(.text.TIM_SetCmp2), (20 bytes).
    Removing n32g4fr_tim.o(.ARM.exidx.text.TIM_SetCmp2), (8 bytes).
    Removing n32g4fr_tim.o(.text.TIM_SetCmp3), (20 bytes).
    Removing n32g4fr_tim.o(.ARM.exidx.text.TIM_SetCmp3), (8 bytes).
    Removing n32g4fr_tim.o(.text.TIM_SetCmp4), (22 bytes).
    Removing n32g4fr_tim.o(.ARM.exidx.text.TIM_SetCmp4), (8 bytes).
    Removing n32g4fr_tim.o(.text.TIM_SetCmp5), (22 bytes).
    Removing n32g4fr_tim.o(.ARM.exidx.text.TIM_SetCmp5), (8 bytes).
    Removing n32g4fr_tim.o(.text.TIM_SetCmp6), (22 bytes).
    Removing n32g4fr_tim.o(.ARM.exidx.text.TIM_SetCmp6), (8 bytes).
    Removing n32g4fr_tim.o(.text.TIM_SetClkDiv), (34 bytes).
    Removing n32g4fr_tim.o(.ARM.exidx.text.TIM_SetClkDiv), (8 bytes).
    Removing n32g4fr_tim.o(.text.TIM_GetCap1), (12 bytes).
    Removing n32g4fr_tim.o(.ARM.exidx.text.TIM_GetCap1), (8 bytes).
    Removing n32g4fr_tim.o(.text.TIM_GetCap2), (12 bytes).
    Removing n32g4fr_tim.o(.ARM.exidx.text.TIM_GetCap2), (8 bytes).
    Removing n32g4fr_tim.o(.text.TIM_GetCap3), (12 bytes).
    Removing n32g4fr_tim.o(.ARM.exidx.text.TIM_GetCap3), (8 bytes).
    Removing n32g4fr_tim.o(.text.TIM_GetCap4), (14 bytes).
    Removing n32g4fr_tim.o(.ARM.exidx.text.TIM_GetCap4), (8 bytes).
    Removing n32g4fr_tim.o(.text.TIM_GetCap5), (14 bytes).
    Removing n32g4fr_tim.o(.ARM.exidx.text.TIM_GetCap5), (8 bytes).
    Removing n32g4fr_tim.o(.text.TIM_GetCap6), (14 bytes).
    Removing n32g4fr_tim.o(.ARM.exidx.text.TIM_GetCap6), (8 bytes).
    Removing n32g4fr_tim.o(.text.TIM_GetCnt), (12 bytes).
    Removing n32g4fr_tim.o(.ARM.exidx.text.TIM_GetCnt), (8 bytes).
    Removing n32g4fr_tim.o(.text.TIM_GetPrescaler), (12 bytes).
    Removing n32g4fr_tim.o(.ARM.exidx.text.TIM_GetPrescaler), (8 bytes).
    Removing n32g4fr_tim.o(.text.TIM_GetAutoReload), (12 bytes).
    Removing n32g4fr_tim.o(.ARM.exidx.text.TIM_GetAutoReload), (8 bytes).
    Removing n32g4fr_tim.o(.text.TIM_GetCCENStatus), (172 bytes).
    Removing n32g4fr_tim.o(.ARM.exidx.text.TIM_GetCCENStatus), (8 bytes).
    Removing n32g4fr_tim.o(.text.TIM_GetFlagStatus), (48 bytes).
    Removing n32g4fr_tim.o(.ARM.exidx.text.TIM_GetFlagStatus), (8 bytes).
    Removing n32g4fr_tim.o(.text.TIM_ClearFlag), (18 bytes).
    Removing n32g4fr_tim.o(.ARM.exidx.text.TIM_ClearFlag), (8 bytes).
    Removing n32g4fr_tim.o(.text.TIM_GetIntStatus), (72 bytes).
    Removing n32g4fr_tim.o(.ARM.exidx.text.TIM_GetIntStatus), (8 bytes).
    Removing n32g4fr_tim.o(.text.TIM_ClrIntPendingBit), (18 bytes).
    Removing n32g4fr_tim.o(.ARM.exidx.text.TIM_ClrIntPendingBit), (8 bytes).
    Removing n32g4fr_tsc.o(.text), (0 bytes).
    Removing n32g4fr_tsc.o(.text.TSC_Init), (196 bytes).
    Removing n32g4fr_tsc.o(.ARM.exidx.text.TSC_Init), (8 bytes).
    Removing n32g4fr_tsc.o(.text.TSC_ClockConfig), (190 bytes).
    Removing n32g4fr_tsc.o(.ARM.exidx.text.TSC_ClockConfig), (8 bytes).
    Removing n32g4fr_tsc.o(.text.TSC_ConfigInternalResistor), (232 bytes).
    Removing n32g4fr_tsc.o(.ARM.exidx.text.TSC_ConfigInternalResistor), (8 bytes).
    Removing n32g4fr_tsc.o(.text.TSC_ConfigThreshold), (218 bytes).
    Removing n32g4fr_tsc.o(.ARM.exidx.text.TSC_ConfigThreshold), (8 bytes).
    Removing n32g4fr_tsc.o(.text.TSC_GetChannelCfg), (202 bytes).
    Removing n32g4fr_tsc.o(.ARM.exidx.text.TSC_GetChannelCfg), (8 bytes).
    Removing n32g4fr_tsc.o(.text.TSC_GetStatus), (156 bytes).
    Removing n32g4fr_tsc.o(.ARM.exidx.text.TSC_GetStatus), (8 bytes).
    Removing n32g4fr_tsc.o(.text.TSC_Cmd), (176 bytes).
    Removing n32g4fr_tsc.o(.ARM.exidx.text.TSC_Cmd), (8 bytes).
    Removing n32g4fr_tsc.o(.text.TSC_SW_SwtichChn), (356 bytes).
    Removing n32g4fr_tsc.o(.ARM.exidx.text.TSC_SW_SwtichChn), (8 bytes).
    Removing n32g4fr_tsc.o(.text.TSC_SetAnaoCfg), (96 bytes).
    Removing n32g4fr_tsc.o(.ARM.exidx.text.TSC_SetAnaoCfg), (8 bytes).
    Removing n32g4fr_tsc.o(.text.TSC_SetChannelCfg), (118 bytes).
    Removing n32g4fr_tsc.o(.ARM.exidx.text.TSC_SetChannelCfg), (8 bytes).
    Removing n32g4fr_usart.o(.text), (0 bytes).
    Removing n32g4fr_usart.o(.text.USART_DeInit), (288 bytes).
    Removing n32g4fr_usart.o(.ARM.exidx.text.USART_DeInit), (8 bytes).
    Removing n32g4fr_usart.o(.ARM.exidx.text.USART_Init), (8 bytes).
    Removing n32g4fr_usart.o(.text.USART_StructInit), (40 bytes).
    Removing n32g4fr_usart.o(.ARM.exidx.text.USART_StructInit), (8 bytes).
    Removing n32g4fr_usart.o(.text.USART_ClockInit), (58 bytes).
    Removing n32g4fr_usart.o(.ARM.exidx.text.USART_ClockInit), (8 bytes).
    Removing n32g4fr_usart.o(.text.USART_ClockStructInit), (26 bytes).
    Removing n32g4fr_usart.o(.ARM.exidx.text.USART_ClockStructInit), (8 bytes).
    Removing n32g4fr_usart.o(.ARM.exidx.text.USART_Enable), (8 bytes).
    Removing n32g4fr_usart.o(.ARM.exidx.text.USART_ConfigInt), (8 bytes).
    Removing n32g4fr_usart.o(.ARM.exidx.text.USART_EnableDMA), (8 bytes).
    Removing n32g4fr_usart.o(.text.USART_SetAddr), (34 bytes).
    Removing n32g4fr_usart.o(.ARM.exidx.text.USART_SetAddr), (8 bytes).
    Removing n32g4fr_usart.o(.text.USART_ConfigWakeUpMode), (34 bytes).
    Removing n32g4fr_usart.o(.ARM.exidx.text.USART_ConfigWakeUpMode), (8 bytes).
    Removing n32g4fr_usart.o(.text.USART_EnableRcvWakeUp), (44 bytes).
    Removing n32g4fr_usart.o(.ARM.exidx.text.USART_EnableRcvWakeUp), (8 bytes).
    Removing n32g4fr_usart.o(.text.USART_ConfigLINBreakDetectLength), (34 bytes).
    Removing n32g4fr_usart.o(.ARM.exidx.text.USART_ConfigLINBreakDetectLength), (8 bytes).
    Removing n32g4fr_usart.o(.text.USART_EnableLIN), (44 bytes).
    Removing n32g4fr_usart.o(.ARM.exidx.text.USART_EnableLIN), (8 bytes).
    Removing n32g4fr_usart.o(.ARM.exidx.text.USART_SendData), (8 bytes).
    Removing n32g4fr_usart.o(.ARM.exidx.text.USART_ReceiveData), (8 bytes).
    Removing n32g4fr_usart.o(.text.USART_SendBreak), (18 bytes).
    Removing n32g4fr_usart.o(.ARM.exidx.text.USART_SendBreak), (8 bytes).
    Removing n32g4fr_usart.o(.text.USART_SetGuardTime), (34 bytes).
    Removing n32g4fr_usart.o(.ARM.exidx.text.USART_SetGuardTime), (8 bytes).
    Removing n32g4fr_usart.o(.text.USART_SetPrescaler), (34 bytes).
    Removing n32g4fr_usart.o(.ARM.exidx.text.USART_SetPrescaler), (8 bytes).
    Removing n32g4fr_usart.o(.text.USART_EnableSmartCard), (44 bytes).
    Removing n32g4fr_usart.o(.ARM.exidx.text.USART_EnableSmartCard), (8 bytes).
    Removing n32g4fr_usart.o(.text.USART_SetSmartCardNACK), (44 bytes).
    Removing n32g4fr_usart.o(.ARM.exidx.text.USART_SetSmartCardNACK), (8 bytes).
    Removing n32g4fr_usart.o(.text.USART_EnableHalfDuplex), (44 bytes).
    Removing n32g4fr_usart.o(.ARM.exidx.text.USART_EnableHalfDuplex), (8 bytes).
    Removing n32g4fr_usart.o(.text.USART_ConfigIrDAMode), (34 bytes).
    Removing n32g4fr_usart.o(.ARM.exidx.text.USART_ConfigIrDAMode), (8 bytes).
    Removing n32g4fr_usart.o(.text.USART_EnableIrDA), (44 bytes).
    Removing n32g4fr_usart.o(.ARM.exidx.text.USART_EnableIrDA), (8 bytes).
    Removing n32g4fr_usart.o(.ARM.exidx.text.USART_GetFlagStatus), (8 bytes).
    Removing n32g4fr_usart.o(.text.USART_ClrFlag), (36 bytes).
    Removing n32g4fr_usart.o(.ARM.exidx.text.USART_ClrFlag), (8 bytes).
    Removing n32g4fr_usart.o(.ARM.exidx.text.USART_GetIntStatus), (8 bytes).
    Removing n32g4fr_usart.o(.text.USART_ClrIntPendingBit), (68 bytes).
    Removing n32g4fr_usart.o(.ARM.exidx.text.USART_ClrIntPendingBit), (8 bytes).
    Removing n32g4fr_wwdg.o(.text), (0 bytes).
    Removing n32g4fr_wwdg.o(.text.WWDG_DeInit), (28 bytes).
    Removing n32g4fr_wwdg.o(.ARM.exidx.text.WWDG_DeInit), (8 bytes).
    Removing n32g4fr_wwdg.o(.text.WWDG_SetPrescalerDiv), (40 bytes).
    Removing n32g4fr_wwdg.o(.ARM.exidx.text.WWDG_SetPrescalerDiv), (8 bytes).
    Removing n32g4fr_wwdg.o(.text.WWDG_SetWValue), (48 bytes).
    Removing n32g4fr_wwdg.o(.ARM.exidx.text.WWDG_SetWValue), (8 bytes).
    Removing n32g4fr_wwdg.o(.text.WWDG_EnableInt), (14 bytes).
    Removing n32g4fr_wwdg.o(.ARM.exidx.text.WWDG_EnableInt), (8 bytes).
    Removing n32g4fr_wwdg.o(.text.WWDG_SetCnt), (28 bytes).
    Removing n32g4fr_wwdg.o(.ARM.exidx.text.WWDG_SetCnt), (8 bytes).
    Removing n32g4fr_wwdg.o(.text.WWDG_Enable), (28 bytes).
    Removing n32g4fr_wwdg.o(.ARM.exidx.text.WWDG_Enable), (8 bytes).
    Removing n32g4fr_wwdg.o(.text.WWDG_GetEWINTF), (14 bytes).
    Removing n32g4fr_wwdg.o(.ARM.exidx.text.WWDG_GetEWINTF), (8 bytes).
    Removing n32g4fr_wwdg.o(.text.WWDG_ClrEWINTF), (14 bytes).
    Removing n32g4fr_wwdg.o(.ARM.exidx.text.WWDG_ClrEWINTF), (8 bytes).
    Removing main.o(.text), (0 bytes).
    Removing main.o(.text.Delay), (26 bytes).
    Removing main.o(.ARM.exidx.text.Delay), (8 bytes).
    Removing main.o(.ARM.exidx.text.main), (8 bytes).
    Removing main.o(.bss.usart1_send_request_flag), (1 bytes).
    Removing main.o(.ARM.use_no_argv), (4 bytes).
    Removing n32g4fr_it.o(.text), (0 bytes).
    Removing n32g4fr_it.o(.ARM.exidx.text.NMI_Handler), (8 bytes).
    Removing n32g4fr_it.o(.ARM.exidx.text.HardFault_Handler), (8 bytes).
    Removing n32g4fr_it.o(.ARM.exidx.text.MemManage_Handler), (8 bytes).
    Removing n32g4fr_it.o(.ARM.exidx.text.BusFault_Handler), (8 bytes).
    Removing n32g4fr_it.o(.ARM.exidx.text.UsageFault_Handler), (8 bytes).
    Removing n32g4fr_it.o(.ARM.exidx.text.SVC_Handler), (8 bytes).
    Removing n32g4fr_it.o(.ARM.exidx.text.DebugMon_Handler), (8 bytes).
    Removing n32g4fr_it.o(.ARM.exidx.text.SysTick_Handler), (8 bytes).
    Removing n32g4fr_it.o(.text.DMA_IRQ_HANDLER), (2 bytes).
    Removing n32g4fr_it.o(.ARM.exidx.text.DMA_IRQ_HANDLER), (8 bytes).
    Removing usart.o(.text), (0 bytes).
    Removing usart.o(.ARM.exidx.text.usart1_init), (8 bytes).
    Removing usart.o(.ARM.exidx.text.usart1_gpio_init), (8 bytes).
    Removing usart.o(.ARM.exidx.text.usart1_dma_tx_init), (8 bytes).
    Removing usart.o(.ARM.exidx.text.usart1_rx_irq_init), (8 bytes).
    Removing usart.o(.ARM.exidx.text.usart1_dma_send_u16), (8 bytes).
    Removing usart.o(.ARM.exidx.text.usart1_dma_tx_status), (8 bytes).
    Removing usart.o(.text.usart1_send_byte), (50 bytes).
    Removing usart.o(.ARM.exidx.text.usart1_send_byte), (8 bytes).
    Removing usart.o(.ARM.exidx.text.USART1_IRQHandler), (8 bytes).
    Removing usart.o(.ARM.exidx.text.USART1_Transmit), (8 bytes).
    Removing usart.o(.ARM.exidx.text.USART1_SetBaudRate), (8 bytes).
    Removing usart.o(.bss.dma_usart_rx), (44 bytes).
    Removing rcc.o(.text), (0 bytes).
    Removing rcc.o(.text.RCC_Configuration), (140 bytes).
    Removing rcc.o(.ARM.exidx.text.RCC_Configuration), (8 bytes).
    Removing signal_process.o(.text), (0 bytes).
    Removing signal_process.o(.ARM.exidx.text.signal_process), (8 bytes).
    Removing signal_process.o(.rodata.ref_code_pack), (128 bytes).
    Removing modbus.o(.text), (0 bytes).
    Removing modbus.o(.ARM.exidx.text.Modbus_Process), (8 bytes).
    Removing modbus.o(.ARM.exidx.text.CRC16), (8 bytes).
    Removing modbus.o(.ARM.exidx.text.Modbus_SendException), (8 bytes).
    Removing modbus.o(.ARM.exidx.text.Modbus_SendReadHoldingOneReg), (8 bytes).
    Removing modbus.o(.ARM.exidx.text.Modbus_SendWriteSingleRegAck), (8 bytes).

1183 unused section(s) (total 48091 bytes) removed from the image.

==============================================================================

Image Symbol Table

    Local Symbols

    Symbol Name                              Value     Ov Type        Size  Object(Section)

    ../clib/angel/boardlib.s                 0x00000000   Number         0  boardinit1.o ABSOLUTE
    ../clib/angel/boardlib.s                 0x00000000   Number         0  boardinit2.o ABSOLUTE
    ../clib/angel/boardlib.s                 0x00000000   Number         0  boardinit3.o ABSOLUTE
    ../clib/angel/boardlib.s                 0x00000000   Number         0  boardshut.o ABSOLUTE
    ../clib/angel/handlers.s                 0x00000000   Number         0  __scatter_copy.o ABSOLUTE
    ../clib/angel/handlers.s                 0x00000000   Number         0  __scatter_zi.o ABSOLUTE
    ../clib/angel/kernel.s                   0x00000000   Number         0  __rtentry.o ABSOLUTE
    ../clib/angel/kernel.s                   0x00000000   Number         0  __rtentry2.o ABSOLUTE
    ../clib/angel/kernel.s                   0x00000000   Number         0  __rtentry4.o ABSOLUTE
    ../clib/angel/kernel.s                   0x00000000   Number         0  rtexit.o ABSOLUTE
    ../clib/angel/kernel.s                   0x00000000   Number         0  rtexit2.o ABSOLUTE
    ../clib/angel/rt.s                       0x00000000   Number         0  rt_raise.o ABSOLUTE
    ../clib/angel/scatter.s                  0x00000000   Number         0  __scatter.o ABSOLUTE
    ../clib/angel/startup.s                  0x00000000   Number         0  __main.o ABSOLUTE
    ../clib/angel/sys.s                      0x00000000   Number         0  sys_stackheap_outer.o ABSOLUTE
    ../clib/angel/sys.s                      0x00000000   Number         0  libspace.o ABSOLUTE
    ../clib/angel/sys.s                      0x00000000   Number         0  use_no_semi.o ABSOLUTE
    ../clib/angel/sys.s                      0x00000000   Number         0  indicate_semi.o ABSOLUTE
    ../clib/angel/sysapp.c                   0x00000000   Number         0  sys_exit.o ABSOLUTE
    ../clib/angel/sysapp.c                   0x00000000   Number         0  sys_exit_hlt.o ABSOLUTE
    ../clib/angel/sysapp.c                   0x00000000   Number         0  sys_command.o ABSOLUTE
    ../clib/angel/sysapp.c                   0x00000000   Number         0  sys_command_hlt.o ABSOLUTE
    ../clib/angel/sysapp.c                   0x00000000   Number         0  sys_wrch.o ABSOLUTE
    ../clib/angel/sysapp.c                   0x00000000   Number         0  sys_wrch_hlt.o ABSOLUTE
    ../clib/armsys.c                         0x00000000   Number         0  argv_veneer.o ABSOLUTE
    ../clib/armsys.c                         0x00000000   Number         0  argv_veneer.o ABSOLUTE
    ../clib/armsys.c                         0x00000000   Number         0  _get_argv_nomalloc.o ABSOLUTE
    ../clib/armsys.c                         0x00000000   Number         0  no_argv.o ABSOLUTE
    ../clib/heapalloc.c                      0x00000000   Number         0  hrguard.o ABSOLUTE
    ../clib/heapaux.c                        0x00000000   Number         0  heapauxi.o ABSOLUTE
    ../clib/libinit.s                        0x00000000   Number         0  libinit.o ABSOLUTE
    ../clib/libinit.s                        0x00000000   Number         0  libinit2.o ABSOLUTE
    ../clib/libinit.s                        0x00000000   Number         0  libshutdown.o ABSOLUTE
    ../clib/libinit.s                        0x00000000   Number         0  libshutdown2.o ABSOLUTE
    ../clib/memcpset.s                       0x00000000   Number         0  rt_memclr.o ABSOLUTE
    ../clib/memcpset.s                       0x00000000   Number         0  rt_memclr_w.o ABSOLUTE
    ../clib/signal.c                         0x00000000   Number         0  defsig_rtmem_outer.o ABSOLUTE
    ../clib/signal.c                         0x00000000   Number         0  defsig_rtmem_formal.o ABSOLUTE
    ../clib/signal.c                         0x00000000   Number         0  defsig_exit.o ABSOLUTE
    ../clib/signal.c                         0x00000000   Number         0  defsig_rtmem_inner.o ABSOLUTE
    ../clib/signal.c                         0x00000000   Number         0  __raise.o ABSOLUTE
    ../clib/signal.c                         0x00000000   Number         0  defsig_general.o ABSOLUTE
    ../clib/signal.c                         0x00000000   Number         0  defsig_abrt_inner.o ABSOLUTE
    ../clib/signal.c                         0x00000000   Number         0  defsig_fpe_inner.o ABSOLUTE
    ../clib/signal.c                         0x00000000   Number         0  defsig_rtred_inner.o ABSOLUTE
    ../clib/signal.c                         0x00000000   Number         0  defsig_stak_inner.o ABSOLUTE
    ../clib/signal.c                         0x00000000   Number         0  defsig_pvfn_inner.o ABSOLUTE
    ../clib/signal.c                         0x00000000   Number         0  defsig_cppl_inner.o ABSOLUTE
    ../clib/signal.c                         0x00000000   Number         0  defsig_segv_inner.o ABSOLUTE
    ../clib/signal.c                         0x00000000   Number         0  defsig_other.o ABSOLUTE
    ../clib/signal.s                         0x00000000   Number         0  defsig.o ABSOLUTE
    ../clib/stdlib.c                         0x00000000   Number         0  exit.o ABSOLUTE
    ../fplib/fpinit.s                        0x00000000   Number         0  fpinit.o ABSOLUTE
    dc.s                                     0x00000000   Number         0  dc.o ABSOLUTE
    firmware/CMSIS/device/startup/startup_n32g4fr.s 0x00000000   Number         0  startup_n32g4fr.o ABSOLUTE
    main.c                                   0x00000000   Number         0  main.o ABSOLUTE
    misc.c                                   0x00000000   Number         0  misc.o ABSOLUTE
    modbus.c                                 0x00000000   Number         0  modbus.o ABSOLUTE
    n32g4fr_adc.c                            0x00000000   Number         0  n32g4fr_adc.o ABSOLUTE
    n32g4fr_bkp.c                            0x00000000   Number         0  n32g4fr_bkp.o ABSOLUTE
    n32g4fr_can.c                            0x00000000   Number         0  n32g4fr_can.o ABSOLUTE
    n32g4fr_crc.c                            0x00000000   Number         0  n32g4fr_crc.o ABSOLUTE
    n32g4fr_dac.c                            0x00000000   Number         0  n32g4fr_dac.o ABSOLUTE
    n32g4fr_dbg.c                            0x00000000   Number         0  n32g4fr_dbg.o ABSOLUTE
    n32g4fr_dma.c                            0x00000000   Number         0  n32g4fr_dma.o ABSOLUTE
    n32g4fr_dvp.c                            0x00000000   Number         0  n32g4fr_dvp.o ABSOLUTE
    n32g4fr_exti.c                           0x00000000   Number         0  n32g4fr_exti.o ABSOLUTE
    n32g4fr_flash.c                          0x00000000   Number         0  n32g4fr_flash.o ABSOLUTE
    n32g4fr_gpio.c                           0x00000000   Number         0  n32g4fr_gpio.o ABSOLUTE
    n32g4fr_i2c.c                            0x00000000   Number         0  n32g4fr_i2c.o ABSOLUTE
    n32g4fr_it.c                             0x00000000   Number         0  n32g4fr_it.o ABSOLUTE
    n32g4fr_iwdg.c                           0x00000000   Number         0  n32g4fr_iwdg.o ABSOLUTE
    n32g4fr_pwr.c                            0x00000000   Number         0  n32g4fr_pwr.o ABSOLUTE
    n32g4fr_qspi.c                           0x00000000   Number         0  n32g4fr_qspi.o ABSOLUTE
    n32g4fr_rcc.c                            0x00000000   Number         0  n32g4fr_rcc.o ABSOLUTE
    n32g4fr_rtc.c                            0x00000000   Number         0  n32g4fr_rtc.o ABSOLUTE
    n32g4fr_sdio.c                           0x00000000   Number         0  n32g4fr_sdio.o ABSOLUTE
    n32g4fr_spi.c                            0x00000000   Number         0  n32g4fr_spi.o ABSOLUTE
    n32g4fr_tim.c                            0x00000000   Number         0  n32g4fr_tim.o ABSOLUTE
    n32g4fr_tsc.c                            0x00000000   Number         0  n32g4fr_tsc.o ABSOLUTE
    n32g4fr_usart.c                          0x00000000   Number         0  n32g4fr_usart.o ABSOLUTE
    n32g4fr_wwdg.c                           0x00000000   Number         0  n32g4fr_wwdg.o ABSOLUTE
    rcc.c                                    0x00000000   Number         0  rcc.o ABSOLUTE
    signal_process.c                         0x00000000   Number         0  signal_process.o ABSOLUTE
    system_n32g4fr.c                         0x00000000   Number         0  system_n32g4fr.o ABSOLUTE
    usart.c                                  0x00000000   Number         0  usart.o ABSOLUTE
    RESET                                    0x08000000   Section      408  startup_n32g4fr.o(RESET)
    !!!main                                  0x08000198   Section        8  __main.o(!!!main)
    !!!scatter                               0x080001a0   Section       92  __scatter.o(!!!scatter)
    !!handler_copy                           0x080001fc   Section       26  __scatter_copy.o(!!handler_copy)
    !!handler_null                           0x08000218   Section        2  __scatter.o(!!handler_null)
    !!handler_zi                             0x0800021c   Section       28  __scatter_zi.o(!!handler_zi)
    .ARM.Collect$$libinit$$00000000          0x08000238   Section        2  libinit.o(.ARM.Collect$$libinit$$00000000)
    .ARM.Collect$$libinit$$00000001          0x0800023a   Section        4  libinit2.o(.ARM.Collect$$libinit$$00000001)
    .ARM.Collect$$libinit$$00000004          0x0800023e   Section        0  libinit2.o(.ARM.Collect$$libinit$$00000004)
    .ARM.Collect$$libinit$$00000006          0x0800023e   Section        0  libinit2.o(.ARM.Collect$$libinit$$00000006)
    .ARM.Collect$$libinit$$0000000C          0x0800023e   Section        0  libinit2.o(.ARM.Collect$$libinit$$0000000C)
    .ARM.Collect$$libinit$$0000000E          0x0800023e   Section        0  libinit2.o(.ARM.Collect$$libinit$$0000000E)
    .ARM.Collect$$libinit$$00000010          0x0800023e   Section        0  libinit2.o(.ARM.Collect$$libinit$$00000010)
    .ARM.Collect$$libinit$$00000013          0x0800023e   Section        0  libinit2.o(.ARM.Collect$$libinit$$00000013)
    .ARM.Collect$$libinit$$00000015          0x0800023e   Section        0  libinit2.o(.ARM.Collect$$libinit$$00000015)
    .ARM.Collect$$libinit$$00000017          0x0800023e   Section        0  libinit2.o(.ARM.Collect$$libinit$$00000017)
    .ARM.Collect$$libinit$$00000019          0x0800023e   Section        0  libinit2.o(.ARM.Collect$$libinit$$00000019)
    .ARM.Collect$$libinit$$0000001B          0x0800023e   Section        0  libinit2.o(.ARM.Collect$$libinit$$0000001B)
    .ARM.Collect$$libinit$$0000001D          0x0800023e   Section        0  libinit2.o(.ARM.Collect$$libinit$$0000001D)
    .ARM.Collect$$libinit$$0000001F          0x0800023e   Section        0  libinit2.o(.ARM.Collect$$libinit$$0000001F)
    .ARM.Collect$$libinit$$00000021          0x0800023e   Section        0  libinit2.o(.ARM.Collect$$libinit$$00000021)
    .ARM.Collect$$libinit$$00000023          0x0800023e   Section        0  libinit2.o(.ARM.Collect$$libinit$$00000023)
    .ARM.Collect$$libinit$$00000025          0x0800023e   Section        0  libinit2.o(.ARM.Collect$$libinit$$00000025)
    .ARM.Collect$$libinit$$00000027          0x0800023e   Section        0  libinit2.o(.ARM.Collect$$libinit$$00000027)
    .ARM.Collect$$libinit$$0000002E          0x0800023e   Section        0  libinit2.o(.ARM.Collect$$libinit$$0000002E)
    .ARM.Collect$$libinit$$00000030          0x0800023e   Section        0  libinit2.o(.ARM.Collect$$libinit$$00000030)
    .ARM.Collect$$libinit$$00000032          0x0800023e   Section        0  libinit2.o(.ARM.Collect$$libinit$$00000032)
    .ARM.Collect$$libinit$$00000034          0x0800023e   Section        0  libinit2.o(.ARM.Collect$$libinit$$00000034)
    .ARM.Collect$$libinit$$00000035          0x0800023e   Section        2  libinit2.o(.ARM.Collect$$libinit$$00000035)
    .ARM.Collect$$libshutdown$$00000000      0x08000240   Section        2  libshutdown.o(.ARM.Collect$$libshutdown$$00000000)
    .ARM.Collect$$libshutdown$$00000002      0x08000242   Section        0  libshutdown2.o(.ARM.Collect$$libshutdown$$00000002)
    .ARM.Collect$$libshutdown$$00000004      0x08000242   Section        0  libshutdown2.o(.ARM.Collect$$libshutdown$$00000004)
    .ARM.Collect$$libshutdown$$00000007      0x08000242   Section        0  libshutdown2.o(.ARM.Collect$$libshutdown$$00000007)
    .ARM.Collect$$libshutdown$$0000000A      0x08000242   Section        0  libshutdown2.o(.ARM.Collect$$libshutdown$$0000000A)
    .ARM.Collect$$libshutdown$$0000000C      0x08000242   Section        0  libshutdown2.o(.ARM.Collect$$libshutdown$$0000000C)
    .ARM.Collect$$libshutdown$$0000000F      0x08000242   Section        0  libshutdown2.o(.ARM.Collect$$libshutdown$$0000000F)
    .ARM.Collect$$libshutdown$$00000010      0x08000242   Section        2  libshutdown2.o(.ARM.Collect$$libshutdown$$00000010)
    .ARM.Collect$$rtentry$$00000000          0x08000244   Section        0  __rtentry.o(.ARM.Collect$$rtentry$$00000000)
    .ARM.Collect$$rtentry$$00000002          0x08000244   Section        0  __rtentry2.o(.ARM.Collect$$rtentry$$00000002)
    .ARM.Collect$$rtentry$$00000004          0x08000244   Section        6  __rtentry4.o(.ARM.Collect$$rtentry$$00000004)
    .ARM.Collect$$rtentry$$00000009          0x0800024a   Section        0  __rtentry2.o(.ARM.Collect$$rtentry$$00000009)
    .ARM.Collect$$rtentry$$0000000A          0x0800024a   Section        4  __rtentry2.o(.ARM.Collect$$rtentry$$0000000A)
    .ARM.Collect$$rtentry$$0000000C          0x0800024e   Section        0  __rtentry2.o(.ARM.Collect$$rtentry$$0000000C)
    .ARM.Collect$$rtentry$$0000000D          0x0800024e   Section        8  __rtentry2.o(.ARM.Collect$$rtentry$$0000000D)
    .ARM.Collect$$rtexit$$00000000           0x08000256   Section        2  rtexit.o(.ARM.Collect$$rtexit$$00000000)
    .ARM.Collect$$rtexit$$00000002           0x08000258   Section        0  rtexit2.o(.ARM.Collect$$rtexit$$00000002)
    .ARM.Collect$$rtexit$$00000003           0x08000258   Section        4  rtexit2.o(.ARM.Collect$$rtexit$$00000003)
    .ARM.Collect$$rtexit$$00000004           0x0800025c   Section        6  rtexit2.o(.ARM.Collect$$rtexit$$00000004)
    $v0                                      0x08000264   Number         0  startup_n32g4fr.o(.text)
    .text                                    0x08000264   Section       64  startup_n32g4fr.o(.text)
    RESERVE47_IRQHandler                     0x0800027f   Thumb Code     0  startup_n32g4fr.o(.text)
    RESERVE48_IRQHandler                     0x0800027f   Thumb Code     0  startup_n32g4fr.o(.text)
    RESERVE61_IRQHandler                     0x0800027f   Thumb Code     0  startup_n32g4fr.o(.text)
    RESERVE62_IRQHandler                     0x0800027f   Thumb Code     0  startup_n32g4fr.o(.text)
    RESERVE82_IRQHandler                     0x0800027f   Thumb Code     0  startup_n32g4fr.o(.text)
    RESERVE83_IRQHandler                     0x0800027f   Thumb Code     0  startup_n32g4fr.o(.text)
    RESERVE84_IRQHandler                     0x0800027f   Thumb Code     0  startup_n32g4fr.o(.text)
    .text                                    0x080002a4   Section       68  rt_memclr.o(.text)
    .text                                    0x080002e8   Section        0  heapauxi.o(.text)
    .text                                    0x080002ee   Section       78  rt_memclr_w.o(.text)
    .text                                    0x0800033c   Section       74  sys_stackheap_outer.o(.text)
    .text                                    0x08000386   Section        0  exit.o(.text)
    .text                                    0x08000398   Section        8  libspace.o(.text)
    .text                                    0x080003a0   Section        0  sys_exit.o(.text)
    .text                                    0x080003ac   Section        2  use_no_semi.o(.text)
    .text                                    0x080003ae   Section        0  indicate_semi.o(.text)
    [Anonymous Symbol]                       0x080003b0   Section        0  n32g4fr_it.o(.text.BusFault_Handler)
    CRC16                                    0x080003b5   Thumb Code   142  modbus.o(.text.CRC16)
    [Anonymous Symbol]                       0x080003b4   Section        0  modbus.o(.text.CRC16)
    [Anonymous Symbol]                       0x08000444   Section        0  n32g4fr_dma.o(.text.DMA_ClearFlag)
    [Anonymous Symbol]                       0x08000454   Section        0  n32g4fr_dma.o(.text.DMA_DeInit)
    [Anonymous Symbol]                       0x08000670   Section        0  n32g4fr_dma.o(.text.DMA_EnableChannel)
    [Anonymous Symbol]                       0x080006a0   Section        0  n32g4fr_dma.o(.text.DMA_GetCurrDataCounter)
    [Anonymous Symbol]                       0x080006b0   Section        0  n32g4fr_dma.o(.text.DMA_GetFlagStatus)
    [Anonymous Symbol]                       0x080006e8   Section        0  n32g4fr_dma.o(.text.DMA_Init)
    [Anonymous Symbol]                       0x08000754   Section        0  n32g4fr_dma.o(.text.DMA_RequestRemap)
    [Anonymous Symbol]                       0x08000788   Section        0  n32g4fr_it.o(.text.DebugMon_Handler)
    [Anonymous Symbol]                       0x0800078c   Section        0  n32g4fr_gpio.o(.text.GPIO_InitPeripheral)
    [Anonymous Symbol]                       0x08000914   Section        0  n32g4fr_it.o(.text.HardFault_Handler)
    [Anonymous Symbol]                       0x08000918   Section        0  n32g4fr_it.o(.text.MemManage_Handler)
    [Anonymous Symbol]                       0x0800091c   Section        0  modbus.o(.text.Modbus_Process)
    Modbus_SendException                     0x08000bdd   Thumb Code    92  modbus.o(.text.Modbus_SendException)
    [Anonymous Symbol]                       0x08000bdc   Section        0  modbus.o(.text.Modbus_SendException)
    Modbus_SendReadHoldingOneReg             0x08000c39   Thumb Code    96  modbus.o(.text.Modbus_SendReadHoldingOneReg)
    [Anonymous Symbol]                       0x08000c38   Section        0  modbus.o(.text.Modbus_SendReadHoldingOneReg)
    Modbus_SendWriteSingleRegAck             0x08000c99   Thumb Code   106  modbus.o(.text.Modbus_SendWriteSingleRegAck)
    [Anonymous Symbol]                       0x08000c98   Section        0  modbus.o(.text.Modbus_SendWriteSingleRegAck)
    [Anonymous Symbol]                       0x08000d04   Section        0  n32g4fr_it.o(.text.NMI_Handler)
    [Anonymous Symbol]                       0x08000d08   Section        0  misc.o(.text.NVIC_Init)
    [Anonymous Symbol]                       0x08000db0   Section        0  n32g4fr_rcc.o(.text.RCC_ConfigSysclk)
    [Anonymous Symbol]                       0x08000ddc   Section        0  n32g4fr_rcc.o(.text.RCC_EnableAHBPeriphClk)
    [Anonymous Symbol]                       0x08000e14   Section        0  n32g4fr_rcc.o(.text.RCC_EnableAPB2PeriphClk)
    [Anonymous Symbol]                       0x08000e4c   Section        0  n32g4fr_rcc.o(.text.RCC_GetClocksFreqValue)
    [Anonymous Symbol]                       0x08001010   Section        0  n32g4fr_rcc.o(.text.RCC_GetSysclkSrc)
    ReadBackBDCTRL                           0x08001021   Thumb Code    78  system_n32g4fr.o(.text.ReadBackBDCTRL)
    [Anonymous Symbol]                       0x08001020   Section        0  system_n32g4fr.o(.text.ReadBackBDCTRL)
    [Anonymous Symbol]                       0x08001070   Section        0  n32g4fr_it.o(.text.SVC_Handler)
    SetSysClock                              0x08001075   Thumb Code   358  system_n32g4fr.o(.text.SetSysClock)
    [Anonymous Symbol]                       0x08001074   Section        0  system_n32g4fr.o(.text.SetSysClock)
    SetVDDDBKTrim                            0x080011dd   Thumb Code   152  system_n32g4fr.o(.text.SetVDDDBKTrim)
    [Anonymous Symbol]                       0x080011dc   Section        0  system_n32g4fr.o(.text.SetVDDDBKTrim)
    [Anonymous Symbol]                       0x08001274   Section        0  n32g4fr_it.o(.text.SysTick_Handler)
    [Anonymous Symbol]                       0x08001278   Section        0  system_n32g4fr.o(.text.SystemInit)
    [Anonymous Symbol]                       0x080013a4   Section        0  usart.o(.text.USART1_IRQHandler)
    [Anonymous Symbol]                       0x08001440   Section        0  usart.o(.text.USART1_SetBaudRate)
    [Anonymous Symbol]                       0x080014c0   Section        0  usart.o(.text.USART1_Transmit)
    [Anonymous Symbol]                       0x08001554   Section        0  n32g4fr_usart.o(.text.USART_ConfigInt)
    [Anonymous Symbol]                       0x080015e8   Section        0  n32g4fr_usart.o(.text.USART_Enable)
    [Anonymous Symbol]                       0x08001614   Section        0  n32g4fr_usart.o(.text.USART_EnableDMA)
    [Anonymous Symbol]                       0x08001648   Section        0  n32g4fr_usart.o(.text.USART_GetFlagStatus)
    [Anonymous Symbol]                       0x0800168c   Section        0  n32g4fr_usart.o(.text.USART_GetIntStatus)
    [Anonymous Symbol]                       0x0800173c   Section        0  n32g4fr_usart.o(.text.USART_Init)
    [Anonymous Symbol]                       0x0800188c   Section        0  n32g4fr_usart.o(.text.USART_ReceiveData)
    [Anonymous Symbol]                       0x0800189c   Section        0  n32g4fr_usart.o(.text.USART_SendData)
    [Anonymous Symbol]                       0x080018b4   Section        0  n32g4fr_it.o(.text.UsageFault_Handler)
    [Anonymous Symbol]                       0x080018b8   Section        0  main.o(.text.main)
    [Anonymous Symbol]                       0x080018f8   Section        0  signal_process.o(.text.signal_process)
    __arm_cp.0_9                             0x08001abc   Number         4  signal_process.o(.text.signal_process)
    [Anonymous Symbol]                       0x08003c08   Section        0  usart.o(.text.usart1_dma_send_u16)
    [Anonymous Symbol]                       0x08003d0c   Section        0  usart.o(.text.usart1_dma_tx_init)
    [Anonymous Symbol]                       0x08003d54   Section        0  usart.o(.text.usart1_dma_tx_status)
    [Anonymous Symbol]                       0x08003e14   Section        0  usart.o(.text.usart1_gpio_init)
    [Anonymous Symbol]                       0x08003e68   Section        0  usart.o(.text.usart1_init)
    usart1_rx_irq_init                       0x08003eb1   Thumb Code    56  usart.o(.text.usart1_rx_irq_init)
    [Anonymous Symbol]                       0x08003eb0   Section        0  usart.o(.text.usart1_rx_irq_init)
    $v0                                      0x08003ee8   Number         0  fpinit.o(x$fpl$fpinit)
    x$fpl$fpinit                             0x08003ee8   Section       26  fpinit.o(x$fpl$fpinit)
    s_AdcHclkPresTable                       0x08003f02   Data          16  n32g4fr_rcc.o(.rodata.s_AdcHclkPresTable)
    [Anonymous Symbol]                       0x08003f02   Section        0  n32g4fr_rcc.o(.rodata.s_AdcHclkPresTable)
    s_AdcPllClkPresTable                     0x08003f12   Data          32  n32g4fr_rcc.o(.rodata.s_AdcPllClkPresTable)
    [Anonymous Symbol]                       0x08003f12   Section        0  n32g4fr_rcc.o(.rodata.s_AdcPllClkPresTable)
    s_ApbAhbPresTable                        0x08003f32   Data          16  n32g4fr_rcc.o(.rodata.s_ApbAhbPresTable)
    [Anonymous Symbol]                       0x08003f32   Section        0  n32g4fr_rcc.o(.rodata.s_ApbAhbPresTable)
    .bss                                     0x20000008   Section       96  libspace.o(.bss)
    s_i_win2                                 0x20005f38   Data         252  signal_process.o(.bss.s_i_win2)
    [Anonymous Symbol]                       0x20005f38   Section        0  signal_process.o(.bss.s_i_win2)
    s_mag_buf                                0x20006034   Data       12108  signal_process.o(.bss.s_mag_buf)
    [Anonymous Symbol]                       0x20006034   Section        0  signal_process.o(.bss.s_mag_buf)
    s_q_win2                                 0x20008f80   Data         252  signal_process.o(.bss.s_q_win2)
    [Anonymous Symbol]                       0x20008f80   Section        0  signal_process.o(.bss.s_q_win2)
    usart1_dma_busy                          0x20009086   Data           1  usart.o(.bss.usart1_dma_busy)
    [Anonymous Symbol]                       0x20009086   Section        0  usart.o(.bss.usart1_dma_busy)
    Heap_Mem                                 0x20009090   Data         768  startup_n32g4fr.o(HEAP)
    HEAP                                     0x20009090   Section      768  startup_n32g4fr.o(HEAP)
    Stack_Mem                                0x20009390   Data        5376  startup_n32g4fr.o(STACK)
    STACK                                    0x20009390   Section     5376  startup_n32g4fr.o(STACK)
    __initial_sp                             0x2000a890   Data           0  startup_n32g4fr.o(STACK)

    Global Symbols

    Symbol Name                              Value     Ov Type        Size  Object(Section)

    BuildAttributes$$THM_ISAv4$E$P$D$K$B$S$7EM$VFPi3$EXTD16$VFPS$VFMA$PE$A:L22UL41UL21$X:L11$S22US41US21$IEEE1$IW$~IW$USESV6$~STKCKD$USESV7$~SHL$OSPACE$ROPI$EBA8$UX$STANDARDLIB$REQ8$PRES8$EABIv2 0x00000000   Number         0  anon$$obj.o ABSOLUTE
    __ARM_exceptions_init                     - Undefined Weak Reference
    __alloca_initialize                       - Undefined Weak Reference
    __arm_preinit_                            - Undefined Weak Reference
    __arm_relocate_pie_                       - Undefined Weak Reference
    __cpp_initialize__aeabi_                  - Undefined Weak Reference
    __cxa_finalize                            - Undefined Weak Reference
    __rt_locale                               - Undefined Weak Reference
    __sigvec_lookup                           - Undefined Weak Reference
    _atexit_init                              - Undefined Weak Reference
    _call_atexit_fns                          - Undefined Weak Reference
    _clock_init                               - Undefined Weak Reference
    _fp_trap_init                             - Undefined Weak Reference
    _fp_trap_shutdown                         - Undefined Weak Reference
    _get_lc_collate                           - Undefined Weak Reference
    _get_lc_ctype                             - Undefined Weak Reference
    _get_lc_monetary                          - Undefined Weak Reference
    _get_lc_numeric                           - Undefined Weak Reference
    _get_lc_time                              - Undefined Weak Reference
    _getenv_init                              - Undefined Weak Reference
    _handle_redirection                       - Undefined Weak Reference
    _init_alloc                               - Undefined Weak Reference
    _init_user_alloc                          - Undefined Weak Reference
    _initio                                   - Undefined Weak Reference
    _rand_init                                - Undefined Weak Reference
    _signal_finish                            - Undefined Weak Reference
    _signal_init                              - Undefined Weak Reference
    _terminate_alloc                          - Undefined Weak Reference
    _terminate_user_alloc                     - Undefined Weak Reference
    _terminateio                              - Undefined Weak Reference
    __Vectors_Size                           0x00000198   Number         0  startup_n32g4fr.o ABSOLUTE
    __Vectors                                0x08000000   Data           4  startup_n32g4fr.o(RESET)
    __Vectors_End                            0x08000198   Data           0  startup_n32g4fr.o(RESET)
    __main                                   0x08000199   Thumb Code     8  __main.o(!!!main)
    __scatterload                            0x080001a1   Thumb Code     0  __scatter.o(!!!scatter)
    __scatterload_rt2                        0x080001a1   Thumb Code    84  __scatter.o(!!!scatter)
    __scatterload_rt2_thumb_only             0x080001a1   Thumb Code     0  __scatter.o(!!!scatter)
    __scatterload_loop                       0x080001ab   Thumb Code     0  __scatter.o(!!!scatter)
    __scatterload_copy                       0x080001fd   Thumb Code    26  __scatter_copy.o(!!handler_copy)
    __scatterload_null                       0x08000219   Thumb Code     2  __scatter.o(!!handler_null)
    __scatterload_zeroinit                   0x0800021d   Thumb Code    28  __scatter_zi.o(!!handler_zi)
    __rt_lib_init                            0x08000239   Thumb Code     0  libinit.o(.ARM.Collect$$libinit$$00000000)
    __rt_lib_init_fp_1                       0x0800023b   Thumb Code     0  libinit2.o(.ARM.Collect$$libinit$$00000001)
    __rt_lib_init_alloca_1                   0x0800023f   Thumb Code     0  libinit2.o(.ARM.Collect$$libinit$$00000030)
    __rt_lib_init_argv_1                     0x0800023f   Thumb Code     0  libinit2.o(.ARM.Collect$$libinit$$0000002E)
    __rt_lib_init_atexit_1                   0x0800023f   Thumb Code     0  libinit2.o(.ARM.Collect$$libinit$$0000001D)
    __rt_lib_init_clock_1                    0x0800023f   Thumb Code     0  libinit2.o(.ARM.Collect$$libinit$$00000023)
    __rt_lib_init_cpp_1                      0x0800023f   Thumb Code     0  libinit2.o(.ARM.Collect$$libinit$$00000034)
    __rt_lib_init_exceptions_1               0x0800023f   Thumb Code     0  libinit2.o(.ARM.Collect$$libinit$$00000032)
    __rt_lib_init_fp_trap_1                  0x0800023f   Thumb Code     0  libinit2.o(.ARM.Collect$$libinit$$00000021)
    __rt_lib_init_getenv_1                   0x0800023f   Thumb Code     0  libinit2.o(.ARM.Collect$$libinit$$00000025)
    __rt_lib_init_heap_1                     0x0800023f   Thumb Code     0  libinit2.o(.ARM.Collect$$libinit$$0000000C)
    __rt_lib_init_lc_collate_1               0x0800023f   Thumb Code     0  libinit2.o(.ARM.Collect$$libinit$$00000013)
    __rt_lib_init_lc_ctype_1                 0x0800023f   Thumb Code     0  libinit2.o(.ARM.Collect$$libinit$$00000015)
    __rt_lib_init_lc_monetary_1              0x0800023f   Thumb Code     0  libinit2.o(.ARM.Collect$$libinit$$00000017)
    __rt_lib_init_lc_numeric_1               0x0800023f   Thumb Code     0  libinit2.o(.ARM.Collect$$libinit$$00000019)
    __rt_lib_init_lc_time_1                  0x0800023f   Thumb Code     0  libinit2.o(.ARM.Collect$$libinit$$0000001B)
    __rt_lib_init_preinit_1                  0x0800023f   Thumb Code     0  libinit2.o(.ARM.Collect$$libinit$$00000006)
    __rt_lib_init_rand_1                     0x0800023f   Thumb Code     0  libinit2.o(.ARM.Collect$$libinit$$00000010)
    __rt_lib_init_relocate_pie_1             0x0800023f   Thumb Code     0  libinit2.o(.ARM.Collect$$libinit$$00000004)
    __rt_lib_init_return                     0x0800023f   Thumb Code     0  libinit2.o(.ARM.Collect$$libinit$$00000035)
    __rt_lib_init_signal_1                   0x0800023f   Thumb Code     0  libinit2.o(.ARM.Collect$$libinit$$0000001F)
    __rt_lib_init_stdio_1                    0x0800023f   Thumb Code     0  libinit2.o(.ARM.Collect$$libinit$$00000027)
    __rt_lib_init_user_alloc_1               0x0800023f   Thumb Code     0  libinit2.o(.ARM.Collect$$libinit$$0000000E)
    __rt_lib_shutdown                        0x08000241   Thumb Code     0  libshutdown.o(.ARM.Collect$$libshutdown$$00000000)
    __rt_lib_shutdown_cpp_1                  0x08000243   Thumb Code     0  libshutdown2.o(.ARM.Collect$$libshutdown$$00000002)
    __rt_lib_shutdown_fp_trap_1              0x08000243   Thumb Code     0  libshutdown2.o(.ARM.Collect$$libshutdown$$00000007)
    __rt_lib_shutdown_heap_1                 0x08000243   Thumb Code     0  libshutdown2.o(.ARM.Collect$$libshutdown$$0000000F)
    __rt_lib_shutdown_return                 0x08000243   Thumb Code     0  libshutdown2.o(.ARM.Collect$$libshutdown$$00000010)
    __rt_lib_shutdown_signal_1               0x08000243   Thumb Code     0  libshutdown2.o(.ARM.Collect$$libshutdown$$0000000A)
    __rt_lib_shutdown_stdio_1                0x08000243   Thumb Code     0  libshutdown2.o(.ARM.Collect$$libshutdown$$00000004)
    __rt_lib_shutdown_user_alloc_1           0x08000243   Thumb Code     0  libshutdown2.o(.ARM.Collect$$libshutdown$$0000000C)
    __rt_entry                               0x08000245   Thumb Code     0  __rtentry.o(.ARM.Collect$$rtentry$$00000000)
    __rt_entry_presh_1                       0x08000245   Thumb Code     0  __rtentry2.o(.ARM.Collect$$rtentry$$00000002)
    __rt_entry_sh                            0x08000245   Thumb Code     0  __rtentry4.o(.ARM.Collect$$rtentry$$00000004)
    __rt_entry_li                            0x0800024b   Thumb Code     0  __rtentry2.o(.ARM.Collect$$rtentry$$0000000A)
    __rt_entry_postsh_1                      0x0800024b   Thumb Code     0  __rtentry2.o(.ARM.Collect$$rtentry$$00000009)
    __rt_entry_main                          0x0800024f   Thumb Code     0  __rtentry2.o(.ARM.Collect$$rtentry$$0000000D)
    __rt_entry_postli_1                      0x0800024f   Thumb Code     0  __rtentry2.o(.ARM.Collect$$rtentry$$0000000C)
    __rt_exit                                0x08000257   Thumb Code     0  rtexit.o(.ARM.Collect$$rtexit$$00000000)
    __rt_exit_ls                             0x08000259   Thumb Code     0  rtexit2.o(.ARM.Collect$$rtexit$$00000003)
    __rt_exit_prels_1                        0x08000259   Thumb Code     0  rtexit2.o(.ARM.Collect$$rtexit$$00000002)
    __rt_exit_exit                           0x0800025d   Thumb Code     0  rtexit2.o(.ARM.Collect$$rtexit$$00000004)
    Reset_Handler                            0x08000265   Thumb Code     8  startup_n32g4fr.o(.text)
    PendSV_Handler                           0x0800027b   Thumb Code     2  startup_n32g4fr.o(.text)
    ADC1_2_IRQHandler                        0x0800027f   Thumb Code     0  startup_n32g4fr.o(.text)
    CAN1_RX1_IRQHandler                      0x0800027f   Thumb Code     0  startup_n32g4fr.o(.text)
    CAN1_SCE_IRQHandler                      0x0800027f   Thumb Code     0  startup_n32g4fr.o(.text)
    CAN2_RX0_IRQHandler                      0x0800027f   Thumb Code     0  startup_n32g4fr.o(.text)
    CAN2_RX1_IRQHandler                      0x0800027f   Thumb Code     0  startup_n32g4fr.o(.text)
    CAN2_SCE_IRQHandler                      0x0800027f   Thumb Code     0  startup_n32g4fr.o(.text)
    CAN2_TX_IRQHandler                       0x0800027f   Thumb Code     0  startup_n32g4fr.o(.text)
    DMA1_Channel1_IRQHandler                 0x0800027f   Thumb Code     0  startup_n32g4fr.o(.text)
    DMA1_Channel2_IRQHandler                 0x0800027f   Thumb Code     0  startup_n32g4fr.o(.text)
    DMA1_Channel3_IRQHandler                 0x0800027f   Thumb Code     0  startup_n32g4fr.o(.text)
    DMA1_Channel4_IRQHandler                 0x0800027f   Thumb Code     0  startup_n32g4fr.o(.text)
    DMA1_Channel5_IRQHandler                 0x0800027f   Thumb Code     0  startup_n32g4fr.o(.text)
    DMA1_Channel6_IRQHandler                 0x0800027f   Thumb Code     0  startup_n32g4fr.o(.text)
    DMA1_Channel7_IRQHandler                 0x0800027f   Thumb Code     0  startup_n32g4fr.o(.text)
    DMA1_Channel8_IRQHandler                 0x0800027f   Thumb Code     0  startup_n32g4fr.o(.text)
    DMA2_Channel1_IRQHandler                 0x0800027f   Thumb Code     0  startup_n32g4fr.o(.text)
    DMA2_Channel2_IRQHandler                 0x0800027f   Thumb Code     0  startup_n32g4fr.o(.text)
    DMA2_Channel3_IRQHandler                 0x0800027f   Thumb Code     0  startup_n32g4fr.o(.text)
    DMA2_Channel4_IRQHandler                 0x0800027f   Thumb Code     0  startup_n32g4fr.o(.text)
    DMA2_Channel5_IRQHandler                 0x0800027f   Thumb Code     0  startup_n32g4fr.o(.text)
    DMA2_Channel6_IRQHandler                 0x0800027f   Thumb Code     0  startup_n32g4fr.o(.text)
    DMA2_Channel7_IRQHandler                 0x0800027f   Thumb Code     0  startup_n32g4fr.o(.text)
    DMA2_Channel8_IRQHandler                 0x0800027f   Thumb Code     0  startup_n32g4fr.o(.text)
    DVP_IRQHandler                           0x0800027f   Thumb Code     0  startup_n32g4fr.o(.text)
    EXTI0_IRQHandler                         0x0800027f   Thumb Code     0  startup_n32g4fr.o(.text)
    EXTI15_10_IRQHandler                     0x0800027f   Thumb Code     0  startup_n32g4fr.o(.text)
    EXTI1_IRQHandler                         0x0800027f   Thumb Code     0  startup_n32g4fr.o(.text)
    EXTI2_IRQHandler                         0x0800027f   Thumb Code     0  startup_n32g4fr.o(.text)
    EXTI3_IRQHandler                         0x0800027f   Thumb Code     0  startup_n32g4fr.o(.text)
    EXTI4_IRQHandler                         0x0800027f   Thumb Code     0  startup_n32g4fr.o(.text)
    EXTI9_5_IRQHandler                       0x0800027f   Thumb Code     0  startup_n32g4fr.o(.text)
    FLASH_IRQHandler                         0x0800027f   Thumb Code     0  startup_n32g4fr.o(.text)
    I2C1_ER_IRQHandler                       0x0800027f   Thumb Code     0  startup_n32g4fr.o(.text)
    I2C1_EV_IRQHandler                       0x0800027f   Thumb Code     0  startup_n32g4fr.o(.text)
    I2C2_ER_IRQHandler                       0x0800027f   Thumb Code     0  startup_n32g4fr.o(.text)
    I2C2_EV_IRQHandler                       0x0800027f   Thumb Code     0  startup_n32g4fr.o(.text)
    I2C3_ER_IRQHandler                       0x0800027f   Thumb Code     0  startup_n32g4fr.o(.text)
    I2C3_EV_IRQHandler                       0x0800027f   Thumb Code     0  startup_n32g4fr.o(.text)
    I2C4_ER_IRQHandler                       0x0800027f   Thumb Code     0  startup_n32g4fr.o(.text)
    I2C4_EV_IRQHandler                       0x0800027f   Thumb Code     0  startup_n32g4fr.o(.text)
    MMU_IRQHandler                           0x0800027f   Thumb Code     0  startup_n32g4fr.o(.text)
    PVD_IRQHandler                           0x0800027f   Thumb Code     0  startup_n32g4fr.o(.text)
    QSPI_IRQHandler                          0x0800027f   Thumb Code     0  startup_n32g4fr.o(.text)
    RCC_IRQHandler                           0x0800027f   Thumb Code     0  startup_n32g4fr.o(.text)
    RSRAM_IRQHandler                         0x0800027f   Thumb Code     0  startup_n32g4fr.o(.text)
    RTCAlarm_IRQHandler                      0x0800027f   Thumb Code     0  startup_n32g4fr.o(.text)
    RTC_WKUP_IRQHandler                      0x0800027f   Thumb Code     0  startup_n32g4fr.o(.text)
    SAC_IRQHandler                           0x0800027f   Thumb Code     0  startup_n32g4fr.o(.text)
    SDIO_IRQHandler                          0x0800027f   Thumb Code     0  startup_n32g4fr.o(.text)
    SPI1_IRQHandler                          0x0800027f   Thumb Code     0  startup_n32g4fr.o(.text)
    SPI2_IRQHandler                          0x0800027f   Thumb Code     0  startup_n32g4fr.o(.text)
    SPI3_IRQHandler                          0x0800027f   Thumb Code     0  startup_n32g4fr.o(.text)
    TAMPER_IRQHandler                        0x0800027f   Thumb Code     0  startup_n32g4fr.o(.text)
    TIM1_BRK_IRQHandler                      0x0800027f   Thumb Code     0  startup_n32g4fr.o(.text)
    TIM1_CC_IRQHandler                       0x0800027f   Thumb Code     0  startup_n32g4fr.o(.text)
    TIM1_TRG_COM_IRQHandler                  0x0800027f   Thumb Code     0  startup_n32g4fr.o(.text)
    TIM1_UP_IRQHandler                       0x0800027f   Thumb Code     0  startup_n32g4fr.o(.text)
    TIM2_IRQHandler                          0x0800027f   Thumb Code     0  startup_n32g4fr.o(.text)
    TIM3_IRQHandler                          0x0800027f   Thumb Code     0  startup_n32g4fr.o(.text)
    TIM4_IRQHandler                          0x0800027f   Thumb Code     0  startup_n32g4fr.o(.text)
    TIM5_IRQHandler                          0x0800027f   Thumb Code     0  startup_n32g4fr.o(.text)
    TIM6_IRQHandler                          0x0800027f   Thumb Code     0  startup_n32g4fr.o(.text)
    TIM7_IRQHandler                          0x0800027f   Thumb Code     0  startup_n32g4fr.o(.text)
    TIM8_BRK_IRQHandler                      0x0800027f   Thumb Code     0  startup_n32g4fr.o(.text)
    TIM8_CC_IRQHandler                       0x0800027f   Thumb Code     0  startup_n32g4fr.o(.text)
    TIM8_TRG_COM_IRQHandler                  0x0800027f   Thumb Code     0  startup_n32g4fr.o(.text)
    TIM8_UP_IRQHandler                       0x0800027f   Thumb Code     0  startup_n32g4fr.o(.text)
    TSC_IRQHandler                           0x0800027f   Thumb Code     0  startup_n32g4fr.o(.text)
    UART4_IRQHandler                         0x0800027f   Thumb Code     0  startup_n32g4fr.o(.text)
    UART5_IRQHandler                         0x0800027f   Thumb Code     0  startup_n32g4fr.o(.text)
    UART6_IRQHandler                         0x0800027f   Thumb Code     0  startup_n32g4fr.o(.text)
    UART7_IRQHandler                         0x0800027f   Thumb Code     0  startup_n32g4fr.o(.text)
    USART2_IRQHandler                        0x0800027f   Thumb Code     0  startup_n32g4fr.o(.text)
    USART3_IRQHandler                        0x0800027f   Thumb Code     0  startup_n32g4fr.o(.text)
    USBWakeUp_IRQHandler                     0x0800027f   Thumb Code     0  startup_n32g4fr.o(.text)
    USB_HP_CAN1_TX_IRQHandler                0x0800027f   Thumb Code     0  startup_n32g4fr.o(.text)
    USB_LP_CAN1_RX0_IRQHandler               0x0800027f   Thumb Code     0  startup_n32g4fr.o(.text)
    WWDG_IRQHandler                          0x0800027f   Thumb Code     0  startup_n32g4fr.o(.text)
    __user_initial_stackheap                 0x08000281   Thumb Code     0  startup_n32g4fr.o(.text)
    __aeabi_memclr                           0x080002a5   Thumb Code     0  rt_memclr.o(.text)
    __rt_memclr                              0x080002a5   Thumb Code     0  rt_memclr.o(.text)
    _memset                                  0x080002a9   Thumb Code    64  rt_memclr.o(.text)
    __use_two_region_memory                  0x080002e9   Thumb Code     2  heapauxi.o(.text)
    __rt_heap_escrow$2region                 0x080002eb   Thumb Code     2  heapauxi.o(.text)
    __rt_heap_expand$2region                 0x080002ed   Thumb Code     2  heapauxi.o(.text)
    __aeabi_memclr4                          0x080002ef   Thumb Code     0  rt_memclr_w.o(.text)
    __aeabi_memclr8                          0x080002ef   Thumb Code     0  rt_memclr_w.o(.text)
    __rt_memclr_w                            0x080002ef   Thumb Code     0  rt_memclr_w.o(.text)
    _memset_w                                0x080002f3   Thumb Code    74  rt_memclr_w.o(.text)
    __user_setup_stackheap                   0x0800033d   Thumb Code    74  sys_stackheap_outer.o(.text)
    exit                                     0x08000387   Thumb Code    18  exit.o(.text)
    __user_libspace                          0x08000399   Thumb Code     8  libspace.o(.text)
    __user_perproc_libspace                  0x08000399   Thumb Code     0  libspace.o(.text)
    __user_perthread_libspace                0x08000399   Thumb Code     0  libspace.o(.text)
    _sys_exit                                0x080003a1   Thumb Code     8  sys_exit.o(.text)
    __I$use$semihosting                      0x080003ad   Thumb Code     0  use_no_semi.o(.text)
    __use_no_semihosting_swi                 0x080003ad   Thumb Code     2  use_no_semi.o(.text)
    __semihosting_library_function           0x080003af   Thumb Code     0  indicate_semi.o(.text)
    BusFault_Handler                         0x080003b1   Thumb Code     4  n32g4fr_it.o(.text.BusFault_Handler)
    DMA_ClearFlag                            0x08000445   Thumb Code    16  n32g4fr_dma.o(.text.DMA_ClearFlag)
    DMA_DeInit                               0x08000455   Thumb Code   540  n32g4fr_dma.o(.text.DMA_DeInit)
    DMA_EnableChannel                        0x08000671   Thumb Code    46  n32g4fr_dma.o(.text.DMA_EnableChannel)
    DMA_GetCurrDataCounter                   0x080006a1   Thumb Code    14  n32g4fr_dma.o(.text.DMA_GetCurrDataCounter)
    DMA_GetFlagStatus                        0x080006b1   Thumb Code    54  n32g4fr_dma.o(.text.DMA_GetFlagStatus)
    DMA_Init                                 0x080006e9   Thumb Code   108  n32g4fr_dma.o(.text.DMA_Init)
    DMA_RequestRemap                         0x08000755   Thumb Code    50  n32g4fr_dma.o(.text.DMA_RequestRemap)
    DebugMon_Handler                         0x08000789   Thumb Code     2  n32g4fr_it.o(.text.DebugMon_Handler)
    GPIO_InitPeripheral                      0x0800078d   Thumb Code   390  n32g4fr_gpio.o(.text.GPIO_InitPeripheral)
    HardFault_Handler                        0x08000915   Thumb Code     4  n32g4fr_it.o(.text.HardFault_Handler)
    MemManage_Handler                        0x08000919   Thumb Code     4  n32g4fr_it.o(.text.MemManage_Handler)
    Modbus_Process                           0x0800091d   Thumb Code   702  modbus.o(.text.Modbus_Process)
    NMI_Handler                              0x08000d05   Thumb Code     2  n32g4fr_it.o(.text.NMI_Handler)
    NVIC_Init                                0x08000d09   Thumb Code   166  misc.o(.text.NVIC_Init)
    RCC_ConfigSysclk                         0x08000db1   Thumb Code    44  n32g4fr_rcc.o(.text.RCC_ConfigSysclk)
    RCC_EnableAHBPeriphClk                   0x08000ddd   Thumb Code    56  n32g4fr_rcc.o(.text.RCC_EnableAHBPeriphClk)
    RCC_EnableAPB2PeriphClk                  0x08000e15   Thumb Code    56  n32g4fr_rcc.o(.text.RCC_EnableAPB2PeriphClk)
    RCC_GetClocksFreqValue                   0x08000e4d   Thumb Code   452  n32g4fr_rcc.o(.text.RCC_GetClocksFreqValue)
    RCC_GetSysclkSrc                         0x08001011   Thumb Code    16  n32g4fr_rcc.o(.text.RCC_GetSysclkSrc)
    SVC_Handler                              0x08001071   Thumb Code     2  n32g4fr_it.o(.text.SVC_Handler)
    SysTick_Handler                          0x08001275   Thumb Code     2  n32g4fr_it.o(.text.SysTick_Handler)
    SystemInit                               0x08001279   Thumb Code   300  system_n32g4fr.o(.text.SystemInit)
    USART1_IRQHandler                        0x080013a5   Thumb Code   156  usart.o(.text.USART1_IRQHandler)
    USART1_SetBaudRate                       0x08001441   Thumb Code   128  usart.o(.text.USART1_SetBaudRate)
    USART1_Transmit                          0x080014c1   Thumb Code   148  usart.o(.text.USART1_Transmit)
    USART_ConfigInt                          0x08001555   Thumb Code   146  n32g4fr_usart.o(.text.USART_ConfigInt)
    USART_Enable                             0x080015e9   Thumb Code    44  n32g4fr_usart.o(.text.USART_Enable)
    USART_EnableDMA                          0x08001615   Thumb Code    52  n32g4fr_usart.o(.text.USART_EnableDMA)
    USART_GetFlagStatus                      0x08001649   Thumb Code    68  n32g4fr_usart.o(.text.USART_GetFlagStatus)
    USART_GetIntStatus                       0x0800168d   Thumb Code   176  n32g4fr_usart.o(.text.USART_GetIntStatus)
    USART_Init                               0x0800173d   Thumb Code   334  n32g4fr_usart.o(.text.USART_Init)
    USART_ReceiveData                        0x0800188d   Thumb Code    16  n32g4fr_usart.o(.text.USART_ReceiveData)
    USART_SendData                           0x0800189d   Thumb Code    24  n32g4fr_usart.o(.text.USART_SendData)
    UsageFault_Handler                       0x080018b5   Thumb Code     4  n32g4fr_it.o(.text.UsageFault_Handler)
    main                                     0x080018b9   Thumb Code    62  main.o(.text.main)
    signal_process                           0x080018f9   Thumb Code  8948  signal_process.o(.text.signal_process)
    usart1_dma_send_u16                      0x08003c09   Thumb Code   260  usart.o(.text.usart1_dma_send_u16)
    usart1_dma_tx_init                       0x08003d0d   Thumb Code    70  usart.o(.text.usart1_dma_tx_init)
    usart1_dma_tx_status                     0x08003d55   Thumb Code   190  usart.o(.text.usart1_dma_tx_status)
    usart1_gpio_init                         0x08003e15   Thumb Code    84  usart.o(.text.usart1_gpio_init)
    usart1_init                              0x08003e69   Thumb Code    70  usart.o(.text.usart1_init)
    _fp_init                                 0x08003ee9   Thumb Code    26  fpinit.o(x$fpl$fpinit)
    __fplib_config_fpu_vfp                   0x08003f01   Thumb Code     0  fpinit.o(x$fpl$fpinit)
    __fplib_config_pureend_doubles           0x08003f01   Thumb Code     0  fpinit.o(x$fpl$fpinit)
    Region$$Table$$Base                      0x08003f44   Number         0  anon$$obj.o(Region$$Table)
    Region$$Table$$Limit                     0x08003f64   Number         0  anon$$obj.o(Region$$Table)
    SystemCoreClock                          0x20000000   Data           4  system_n32g4fr.o(.data.SystemCoreClock)
    slave_addr                               0x20000004   Data           1  modbus.o(.data.slave_addr)
    __libspace_start                         0x20000008   Data          96  libspace.o(.bss)
    ADC_buff                                 0x20000068   Data       24192  main.o(.bss.ADC_buff)
    __temporary_stack_top$libspace           0x20000068   Data           0  libspace.o(.bss)
    distance_mm                              0x20005ee8   Data           2  main.o(.bss.distance_mm)
    distance_temp                            0x20005eea   Data           2  modbus.o(.bss.distance_temp)
    dma_usart_tx                             0x20005eec   Data          44  usart.o(.bss.dma_usart_tx)
    huart1                                   0x20005f18   Data          16  usart.o(.bss.huart1)
    res                                      0x20005f28   Data          16  main.o(.bss.res)
    uart1_rx_buf                             0x2000907c   Data           8  main.o(.bss.uart1_rx_buf)
    uart1_rx_index                           0x20009084   Data           1  usart.o(.bss.uart1_rx_index)
    uart1_rx_ready                           0x20009085   Data           1  main.o(.bss.uart1_rx_ready)
    use_gpio_usart                           0x20009088   Data           4  usart.o(.bss.use_gpio_usart)



==============================================================================

Memory Map of the image

  Image Entry point : 0x08000199

  Load Region LR_IROM1 (Base: 0x08000000, Size: 0x00003f70, Max: 0x00080000, ABSOLUTE)

    Execution Region ER_IROM1 (Exec base: 0x08000000, Load base: 0x08000000, Size: 0x00003f64, Max: 0x00080000, ABSOLUTE)

    Exec Addr    Load Addr    Size         Type   Attr      Idx    E Section Name        Object

    0x08000000   0x08000000   0x00000198   Data   RO            3    RESET               startup_n32g4fr.o
    0x08000198   0x08000198   0x00000008   Code   RO         1452  * !!!main             c_w.l(__main.o)
    0x080001a0   0x080001a0   0x0000005c   Code   RO         1619    !!!scatter          c_w.l(__scatter.o)
    0x080001fc   0x080001fc   0x0000001a   Code   RO         1623    !!handler_copy      c_w.l(__scatter_copy.o)
    0x08000216   0x08000216   0x00000002   PAD
    0x08000218   0x08000218   0x00000002   Code   RO         1620    !!handler_null      c_w.l(__scatter.o)
    0x0800021a   0x0800021a   0x00000002   PAD
    0x0800021c   0x0800021c   0x0000001c   Code   RO         1625    !!handler_zi        c_w.l(__scatter_zi.o)
    0x08000238   0x08000238   0x00000002   Code   RO         1481    .ARM.Collect$$libinit$$00000000  c_w.l(libinit.o)
    0x0800023a   0x0800023a   0x00000004   Code   RO         1487    .ARM.Collect$$libinit$$00000001  c_w.l(libinit2.o)
    0x0800023e   0x0800023e   0x00000000   Code   RO         1490    .ARM.Collect$$libinit$$00000004  c_w.l(libinit2.o)
    0x0800023e   0x0800023e   0x00000000   Code   RO         1492    .ARM.Collect$$libinit$$00000006  c_w.l(libinit2.o)
    0x0800023e   0x0800023e   0x00000000   Code   RO         1495    .ARM.Collect$$libinit$$0000000C  c_w.l(libinit2.o)
    0x0800023e   0x0800023e   0x00000000   Code   RO         1497    .ARM.Collect$$libinit$$0000000E  c_w.l(libinit2.o)
    0x0800023e   0x0800023e   0x00000000   Code   RO         1499    .ARM.Collect$$libinit$$00000010  c_w.l(libinit2.o)
    0x0800023e   0x0800023e   0x00000000   Code   RO         1502    .ARM.Collect$$libinit$$00000013  c_w.l(libinit2.o)
    0x0800023e   0x0800023e   0x00000000   Code   RO         1504    .ARM.Collect$$libinit$$00000015  c_w.l(libinit2.o)
    0x0800023e   0x0800023e   0x00000000   Code   RO         1506    .ARM.Collect$$libinit$$00000017  c_w.l(libinit2.o)
    0x0800023e   0x0800023e   0x00000000   Code   RO         1508    .ARM.Collect$$libinit$$00000019  c_w.l(libinit2.o)
    0x0800023e   0x0800023e   0x00000000   Code   RO         1510    .ARM.Collect$$libinit$$0000001B  c_w.l(libinit2.o)
    0x0800023e   0x0800023e   0x00000000   Code   RO         1512    .ARM.Collect$$libinit$$0000001D  c_w.l(libinit2.o)
    0x0800023e   0x0800023e   0x00000000   Code   RO         1514    .ARM.Collect$$libinit$$0000001F  c_w.l(libinit2.o)
    0x0800023e   0x0800023e   0x00000000   Code   RO         1516    .ARM.Collect$$libinit$$00000021  c_w.l(libinit2.o)
    0x0800023e   0x0800023e   0x00000000   Code   RO         1518    .ARM.Collect$$libinit$$00000023  c_w.l(libinit2.o)
    0x0800023e   0x0800023e   0x00000000   Code   RO         1520    .ARM.Collect$$libinit$$00000025  c_w.l(libinit2.o)
    0x0800023e   0x0800023e   0x00000000   Code   RO         1522    .ARM.Collect$$libinit$$00000027  c_w.l(libinit2.o)
    0x0800023e   0x0800023e   0x00000000   Code   RO         1526    .ARM.Collect$$libinit$$0000002E  c_w.l(libinit2.o)
    0x0800023e   0x0800023e   0x00000000   Code   RO         1528    .ARM.Collect$$libinit$$00000030  c_w.l(libinit2.o)
    0x0800023e   0x0800023e   0x00000000   Code   RO         1530    .ARM.Collect$$libinit$$00000032  c_w.l(libinit2.o)
    0x0800023e   0x0800023e   0x00000000   Code   RO         1532    .ARM.Collect$$libinit$$00000034  c_w.l(libinit2.o)
    0x0800023e   0x0800023e   0x00000002   Code   RO         1533    .ARM.Collect$$libinit$$00000035  c_w.l(libinit2.o)
    0x08000240   0x08000240   0x00000002   Code   RO         1555    .ARM.Collect$$libshutdown$$00000000  c_w.l(libshutdown.o)
    0x08000242   0x08000242   0x00000000   Code   RO         1570    .ARM.Collect$$libshutdown$$00000002  c_w.l(libshutdown2.o)
    0x08000242   0x08000242   0x00000000   Code   RO         1572    .ARM.Collect$$libshutdown$$00000004  c_w.l(libshutdown2.o)
    0x08000242   0x08000242   0x00000000   Code   RO         1575    .ARM.Collect$$libshutdown$$00000007  c_w.l(libshutdown2.o)
    0x08000242   0x08000242   0x00000000   Code   RO         1578    .ARM.Collect$$libshutdown$$0000000A  c_w.l(libshutdown2.o)
    0x08000242   0x08000242   0x00000000   Code   RO         1580    .ARM.Collect$$libshutdown$$0000000C  c_w.l(libshutdown2.o)
    0x08000242   0x08000242   0x00000000   Code   RO         1583    .ARM.Collect$$libshutdown$$0000000F  c_w.l(libshutdown2.o)
    0x08000242   0x08000242   0x00000002   Code   RO         1584    .ARM.Collect$$libshutdown$$00000010  c_w.l(libshutdown2.o)
    0x08000244   0x08000244   0x00000000   Code   RO         1454    .ARM.Collect$$rtentry$$00000000  c_w.l(__rtentry.o)
    0x08000244   0x08000244   0x00000000   Code   RO         1458    .ARM.Collect$$rtentry$$00000002  c_w.l(__rtentry2.o)
    0x08000244   0x08000244   0x00000006   Code   RO         1470    .ARM.Collect$$rtentry$$00000004  c_w.l(__rtentry4.o)
    0x0800024a   0x0800024a   0x00000000   Code   RO         1460    .ARM.Collect$$rtentry$$00000009  c_w.l(__rtentry2.o)
    0x0800024a   0x0800024a   0x00000004   Code   RO         1461    .ARM.Collect$$rtentry$$0000000A  c_w.l(__rtentry2.o)
    0x0800024e   0x0800024e   0x00000000   Code   RO         1463    .ARM.Collect$$rtentry$$0000000C  c_w.l(__rtentry2.o)
    0x0800024e   0x0800024e   0x00000008   Code   RO         1464    .ARM.Collect$$rtentry$$0000000D  c_w.l(__rtentry2.o)
    0x08000256   0x08000256   0x00000002   Code   RO         1485    .ARM.Collect$$rtexit$$00000000  c_w.l(rtexit.o)
    0x08000258   0x08000258   0x00000000   Code   RO         1535    .ARM.Collect$$rtexit$$00000002  c_w.l(rtexit2.o)
    0x08000258   0x08000258   0x00000004   Code   RO         1536    .ARM.Collect$$rtexit$$00000003  c_w.l(rtexit2.o)
    0x0800025c   0x0800025c   0x00000006   Code   RO         1537    .ARM.Collect$$rtexit$$00000004  c_w.l(rtexit2.o)
    0x08000262   0x08000262   0x00000002   PAD
    0x08000264   0x08000264   0x00000040   Code   RO            4    .text               startup_n32g4fr.o
    0x080002a4   0x080002a4   0x00000044   Code   RO         1448    .text               c_w.l(rt_memclr.o)
    0x080002e8   0x080002e8   0x00000006   Code   RO         1450    .text               c_w.l(heapauxi.o)
    0x080002ee   0x080002ee   0x0000004e   Code   RO         1455    .text               c_w.l(rt_memclr_w.o)
    0x0800033c   0x0800033c   0x0000004a   Code   RO         1472    .text               c_w.l(sys_stackheap_outer.o)
    0x08000386   0x08000386   0x00000012   Code   RO         1474    .text               c_w.l(exit.o)
    0x08000398   0x08000398   0x00000008   Code   RO         1482    .text               c_w.l(libspace.o)
    0x080003a0   0x080003a0   0x0000000c   Code   RO         1545    .text               c_w.l(sys_exit.o)
    0x080003ac   0x080003ac   0x00000002   Code   RO         1560    .text               c_w.l(use_no_semi.o)
    0x080003ae   0x080003ae   0x00000000   Code   RO         1562    .text               c_w.l(indicate_semi.o)
    0x080003ae   0x080003ae   0x00000002   PAD
    0x080003b0   0x080003b0   0x00000004   Code   RO         1356    .text.BusFault_Handler  n32g4fr_it.o
    0x080003b4   0x080003b4   0x0000008e   Code   RO         1430    .text.CRC16         modbus.o
    0x08000442   0x08000442   0x00000002   PAD
    0x08000444   0x08000444   0x00000010   Code   RO          336    .text.DMA_ClearFlag  n32g4fr_dma.o
    0x08000454   0x08000454   0x0000021c   Code   RO          320    .text.DMA_DeInit    n32g4fr_dma.o
    0x08000670   0x08000670   0x0000002e   Code   RO          326    .text.DMA_EnableChannel  n32g4fr_dma.o
    0x0800069e   0x0800069e   0x00000002   PAD
    0x080006a0   0x080006a0   0x0000000e   Code   RO          332    .text.DMA_GetCurrDataCounter  n32g4fr_dma.o
    0x080006ae   0x080006ae   0x00000002   PAD
    0x080006b0   0x080006b0   0x00000036   Code   RO          334    .text.DMA_GetFlagStatus  n32g4fr_dma.o
    0x080006e6   0x080006e6   0x00000002   PAD
    0x080006e8   0x080006e8   0x0000006c   Code   RO          322    .text.DMA_Init      n32g4fr_dma.o
    0x08000754   0x08000754   0x00000032   Code   RO          342    .text.DMA_RequestRemap  n32g4fr_dma.o
    0x08000786   0x08000786   0x00000002   PAD
    0x08000788   0x08000788   0x00000002   Code   RO         1362    .text.DebugMon_Handler  n32g4fr_it.o
    0x0800078a   0x0800078a   0x00000002   PAD
    0x0800078c   0x0800078c   0x00000186   Code   RO          460    .text.GPIO_InitPeripheral  n32g4fr_gpio.o
    0x08000912   0x08000912   0x00000002   PAD
    0x08000914   0x08000914   0x00000004   Code   RO         1352    .text.HardFault_Handler  n32g4fr_it.o
    0x08000918   0x08000918   0x00000004   Code   RO         1354    .text.MemManage_Handler  n32g4fr_it.o
    0x0800091c   0x0800091c   0x000002be   Code   RO         1428    .text.Modbus_Process  modbus.o
    0x08000bda   0x08000bda   0x00000002   PAD
    0x08000bdc   0x08000bdc   0x0000005c   Code   RO         1432    .text.Modbus_SendException  modbus.o
    0x08000c38   0x08000c38   0x00000060   Code   RO         1434    .text.Modbus_SendReadHoldingOneReg  modbus.o
    0x08000c98   0x08000c98   0x0000006a   Code   RO         1436    .text.Modbus_SendWriteSingleRegAck  modbus.o
    0x08000d02   0x08000d02   0x00000002   PAD
    0x08000d04   0x08000d04   0x00000002   Code   RO         1350    .text.NMI_Handler   n32g4fr_it.o
    0x08000d06   0x08000d06   0x00000002   PAD
    0x08000d08   0x08000d08   0x000000a6   Code   RO           32    .text.NVIC_Init     misc.o
    0x08000dae   0x08000dae   0x00000002   PAD
    0x08000db0   0x08000db0   0x0000002c   Code   RO          695    .text.RCC_ConfigSysclk  n32g4fr_rcc.o
    0x08000ddc   0x08000ddc   0x00000038   Code   RO          735    .text.RCC_EnableAHBPeriphClk  n32g4fr_rcc.o
    0x08000e14   0x08000e14   0x00000038   Code   RO          737    .text.RCC_EnableAPB2PeriphClk  n32g4fr_rcc.o
    0x08000e4c   0x08000e4c   0x000001c4   Code   RO          733    .text.RCC_GetClocksFreqValue  n32g4fr_rcc.o
    0x08001010   0x08001010   0x00000010   Code   RO          697    .text.RCC_GetSysclkSrc  n32g4fr_rcc.o
    0x08001020   0x08001020   0x0000004e   Code   RO           13    .text.ReadBackBDCTRL  system_n32g4fr.o
    0x0800106e   0x0800106e   0x00000002   PAD
    0x08001070   0x08001070   0x00000002   Code   RO         1360    .text.SVC_Handler   n32g4fr_it.o
    0x08001072   0x08001072   0x00000002   PAD
    0x08001074   0x08001074   0x00000166   Code   RO           15    .text.SetSysClock   system_n32g4fr.o
    0x080011da   0x080011da   0x00000002   PAD
    0x080011dc   0x080011dc   0x00000098   Code   RO           17    .text.SetVDDDBKTrim  system_n32g4fr.o
    0x08001274   0x08001274   0x00000002   Code   RO         1364    .text.SysTick_Handler  n32g4fr_it.o
    0x08001276   0x08001276   0x00000002   PAD
    0x08001278   0x08001278   0x0000012c   Code   RO           11    .text.SystemInit    system_n32g4fr.o
    0x080013a4   0x080013a4   0x0000009c   Code   RO         1389    .text.USART1_IRQHandler  usart.o
    0x08001440   0x08001440   0x00000080   Code   RO         1393    .text.USART1_SetBaudRate  usart.o
    0x080014c0   0x080014c0   0x00000094   Code   RO         1391    .text.USART1_Transmit  usart.o
    0x08001554   0x08001554   0x00000092   Code   RO         1260    .text.USART_ConfigInt  n32g4fr_usart.o
    0x080015e6   0x080015e6   0x00000002   PAD
    0x080015e8   0x080015e8   0x0000002c   Code   RO         1258    .text.USART_Enable  n32g4fr_usart.o
    0x08001614   0x08001614   0x00000034   Code   RO         1262    .text.USART_EnableDMA  n32g4fr_usart.o
    0x08001648   0x08001648   0x00000044   Code   RO         1294    .text.USART_GetFlagStatus  n32g4fr_usart.o
    0x0800168c   0x0800168c   0x000000b0   Code   RO         1298    .text.USART_GetIntStatus  n32g4fr_usart.o
    0x0800173c   0x0800173c   0x0000014e   Code   RO         1250    .text.USART_Init    n32g4fr_usart.o
    0x0800188a   0x0800188a   0x00000002   PAD
    0x0800188c   0x0800188c   0x00000010   Code   RO         1276    .text.USART_ReceiveData  n32g4fr_usart.o
    0x0800189c   0x0800189c   0x00000018   Code   RO         1274    .text.USART_SendData  n32g4fr_usart.o
    0x080018b4   0x080018b4   0x00000004   Code   RO         1358    .text.UsageFault_Handler  n32g4fr_it.o
    0x080018b8   0x080018b8   0x0000003e   Code   RO         1334    .text.main          main.o
    0x080018f6   0x080018f6   0x00000002   PAD
    0x080018f8   0x080018f8   0x00002310   Code   RO         1416    .text.signal_process  signal_process.o
    0x08003c08   0x08003c08   0x00000104   Code   RO         1383    .text.usart1_dma_send_u16  usart.o
    0x08003d0c   0x08003d0c   0x00000046   Code   RO         1379    .text.usart1_dma_tx_init  usart.o
    0x08003d52   0x08003d52   0x00000002   PAD
    0x08003d54   0x08003d54   0x000000be   Code   RO         1385    .text.usart1_dma_tx_status  usart.o
    0x08003e12   0x08003e12   0x00000002   PAD
    0x08003e14   0x08003e14   0x00000054   Code   RO         1377    .text.usart1_gpio_init  usart.o
    0x08003e68   0x08003e68   0x00000046   Code   RO         1375    .text.usart1_init   usart.o
    0x08003eae   0x08003eae   0x00000002   PAD
    0x08003eb0   0x08003eb0   0x00000038   Code   RO         1381    .text.usart1_rx_irq_init  usart.o
    0x08003ee8   0x08003ee8   0x0000001a   Code   RO         1543    x$fpl$fpinit        fz_wm.l(fpinit.o)
    0x08003f02   0x08003f02   0x00000010   Data   RO          770    .rodata.s_AdcHclkPresTable  n32g4fr_rcc.o
    0x08003f12   0x08003f12   0x00000020   Data   RO          771    .rodata.s_AdcPllClkPresTable  n32g4fr_rcc.o
    0x08003f32   0x08003f32   0x00000010   Data   RO          769    .rodata.s_ApbAhbPresTable  n32g4fr_rcc.o
    0x08003f42   0x08003f42   0x00000002   PAD
    0x08003f44   0x08003f44   0x00000020   Data   RO         1618    Region$$Table       anon$$obj.o


    Execution Region RW_IRAM1 (Exec base: 0x20000000, Load base: 0x08003f68, Size: 0x0000a890, Max: 0x00024000, ABSOLUTE)

    Exec Addr    Load Addr    Size         Type   Attr      Idx    E Section Name        Object

    0x20000000   0x08003f68   0x00000004   Data   RW           21    .data.SystemCoreClock  system_n32g4fr.o
    0x20000004   0x08003f6c   0x00000001   Data   RW         1439    .data.slave_addr    modbus.o
    0x20000005   0x08003f6d   0x00000003   PAD
    0x20000008        -       0x00000060   Zero   RW         1483    .bss                c_w.l(libspace.o)
    0x20000068        -       0x00005e80   Zero   RW         1336    .bss.ADC_buff       main.o
    0x20005ee8        -       0x00000002   Zero   RW         1340    .bss.distance_mm    main.o
    0x20005eea        -       0x00000002   Zero   RW         1438    .bss.distance_temp  modbus.o
    0x20005eec        -       0x0000002c   Zero   RW         1399    .bss.dma_usart_tx   usart.o
    0x20005f18        -       0x00000010   Zero   RW         1396    .bss.huart1         usart.o
    0x20005f28        -       0x00000010   Zero   RW         1341    .bss.res            main.o
    0x20005f38        -       0x000000fc   Zero   RW         1418    .bss.s_i_win2       signal_process.o
    0x20006034        -       0x00002f4c   Zero   RW         1420    .bss.s_mag_buf      signal_process.o
    0x20008f80        -       0x000000fc   Zero   RW         1419    .bss.s_q_win2       signal_process.o
    0x2000907c        -       0x00000008   Zero   RW         1338    .bss.uart1_rx_buf   main.o
    0x20009084        -       0x00000001   Zero   RW         1395    .bss.uart1_rx_index  usart.o
    0x20009085        -       0x00000001   Zero   RW         1339    .bss.uart1_rx_ready  main.o
    0x20009086        -       0x00000001   Zero   RW         1398    .bss.usart1_dma_busy  usart.o
    0x20009087   0x08003f6d   0x00000001   PAD
    0x20009088        -       0x00000004   Zero   RW         1397    .bss.use_gpio_usart  usart.o
    0x2000908c   0x08003f6d   0x00000004   PAD
    0x20009090        -       0x00000300   Zero   RW            2    HEAP                startup_n32g4fr.o
    0x20009390        -       0x00001500   Zero   RW            1    STACK               startup_n32g4fr.o


==============================================================================

Image component sizes


      Code (inc. data)   RO Data    RW Data    ZI Data      Debug   Object Name

        62          0          0          0      24219       1228   main.o
       166          0          0          0          0       2993   misc.o
      1138         10          0          1          2       2663   modbus.o
       828          0          0          0          0       3998   n32g4fr_dma.o
       390          0          0          0          0       6273   n32g4fr_gpio.o
        24          0          0          0          0        977   n32g4fr_it.o
       624          0         64          0          0       9530   n32g4fr_rcc.o
       860          0          0          0          0       6930   n32g4fr_usart.o
      8976         36          0          0      12612      24161   signal_process.o
        64         26        408          0       6144        884   startup_n32g4fr.o
       888          0          0          4          0       3533   system_n32g4fr.o
      1162          0          0          0         66       6858   usart.o

    ----------------------------------------------------------------------
     15224         72        506          8      43048      70028   Object Totals
         0          0         32          0          0          0   (incl. Generated)
        42          0          2          3          5          0   (incl. Padding)

    ----------------------------------------------------------------------

      Code (inc. data)   RO Data    RW Data    ZI Data      Debug   Library Member Name

         8          0          0          0          0         68   __main.o
         0          0          0          0          0          0   __rtentry.o
        12          0          0          0          0          0   __rtentry2.o
         6          0          0          0          0          0   __rtentry4.o
        94          8          0          0          0          0   __scatter.o
        26          0          0          0          0          0   __scatter_copy.o
        28          0          0          0          0          0   __scatter_zi.o
        18          0          0          0          0         80   exit.o
         6          0          0          0          0        152   heapauxi.o
         0          0          0          0          0          0   indicate_semi.o
         2          0          0          0          0          0   libinit.o
         6          0          0          0          0          0   libinit2.o
         2          0          0          0          0          0   libshutdown.o
         2          0          0          0          0          0   libshutdown2.o
         8          4          0          0         96         68   libspace.o
        68          0          0          0          0         68   rt_memclr.o
        78          0          0          0          0         80   rt_memclr_w.o
         2          0          0          0          0          0   rtexit.o
        10          0          0          0          0          0   rtexit2.o
        12          4          0          0          0         68   sys_exit.o
        74          0          0          0          0         80   sys_stackheap_outer.o
         2          0          0          0          0         68   use_no_semi.o
        26          0          0          0          0        116   fpinit.o

    ----------------------------------------------------------------------
       498         16          0          0         96        848   Library Totals
         8          0          0          0          0          0   (incl. Padding)

    ----------------------------------------------------------------------

      Code (inc. data)   RO Data    RW Data    ZI Data      Debug   Library Name

       464         16          0          0         96        732   c_w.l
        26          0          0          0          0        116   fz_wm.l

    ----------------------------------------------------------------------
       498         16          0          0         96        848   Library Totals

    ----------------------------------------------------------------------

==============================================================================


      Code (inc. data)   RO Data    RW Data    ZI Data      Debug   

     15722         88        506          8      43144      70484   Grand Totals
     15722         88        506          8      43144      70484   ELF Image Totals
     15722         88        506          8          0          0   ROM Totals

==============================================================================

    Total RO  Size (Code + RO Data)                16228 (  15.85kB)
    Total RW  Size (RW Data + ZI Data)             43152 (  42.14kB)
    Total ROM Size (Code + RO Data + RW Data)      16236 (  15.86kB)

==============================================================================

