<!doctype html public "-//w3c//dtd html 4.0 transitional//en">
<html><head>
<title>Static Call Graph - [.\Objects\obstacleAvoidance.axf]</title></head>
<body><HR>
<H1>Static Call Graph for image .\Objects\obstacleAvoidance.axf</H1><HR>
<BR><P>#&#060CALLGRAPH&#062# ARM Linker, 6220000: Last Updated: Mon Jul  6 18:07:10 2026
<BR><P>
<H3>Maximum Stack Usage =       3272 bytes + Unknown(Functions without stacksize, Cycles, Untraceable Function Pointers)</H3><H3>
Call chain for Maximum Stack Depth:</H3>
__rt_entry_main &rArr; main &rArr; Modbus_Process &rArr; signal_process
<P>
<H3>
Functions with no stack information
</H3><UL>
 <LI><a href="#[76]">__user_initial_stackheap</a>
</UL>
</UL>
<P>
<H3>
Mutually Recursive functions
</H3> <LI><a href="#[8]">PendSV_Handler</a>&nbsp;&nbsp;&nbsp;&rArr;&nbsp;&nbsp;&nbsp;<a href="#[8]">PendSV_Handler</a><BR>
 <LI><a href="#[1c]">ADC1_2_IRQHandler</a>&nbsp;&nbsp;&nbsp;&rArr;&nbsp;&nbsp;&nbsp;<a href="#[1c]">ADC1_2_IRQHandler</a><BR>
</UL>
<P>
<H3>
Function Pointers
</H3><UL>
 <LI><a href="#[1c]">ADC1_2_IRQHandler</a> from startup_n32g4fr.o(.text) referenced from startup_n32g4fr.o(RESET)
 <LI><a href="#[4]">BusFault_Handler</a> from n32g4fr_it.o(.text.BusFault_Handler) referenced from startup_n32g4fr.o(RESET)
 <LI><a href="#[1f]">CAN1_RX1_IRQHandler</a> from startup_n32g4fr.o(.text) referenced from startup_n32g4fr.o(RESET)
 <LI><a href="#[20]">CAN1_SCE_IRQHandler</a> from startup_n32g4fr.o(.text) referenced from startup_n32g4fr.o(RESET)
 <LI><a href="#[4a]">CAN2_RX0_IRQHandler</a> from startup_n32g4fr.o(.text) referenced from startup_n32g4fr.o(RESET)
 <LI><a href="#[4b]">CAN2_RX1_IRQHandler</a> from startup_n32g4fr.o(.text) referenced from startup_n32g4fr.o(RESET)
 <LI><a href="#[4c]">CAN2_SCE_IRQHandler</a> from startup_n32g4fr.o(.text) referenced from startup_n32g4fr.o(RESET)
 <LI><a href="#[49]">CAN2_TX_IRQHandler</a> from startup_n32g4fr.o(.text) referenced from startup_n32g4fr.o(RESET)
 <LI><a href="#[15]">DMA1_Channel1_IRQHandler</a> from startup_n32g4fr.o(.text) referenced from startup_n32g4fr.o(RESET)
 <LI><a href="#[16]">DMA1_Channel2_IRQHandler</a> from startup_n32g4fr.o(.text) referenced from startup_n32g4fr.o(RESET)
 <LI><a href="#[17]">DMA1_Channel3_IRQHandler</a> from startup_n32g4fr.o(.text) referenced from startup_n32g4fr.o(RESET)
 <LI><a href="#[18]">DMA1_Channel4_IRQHandler</a> from startup_n32g4fr.o(.text) referenced from startup_n32g4fr.o(RESET)
 <LI><a href="#[19]">DMA1_Channel5_IRQHandler</a> from startup_n32g4fr.o(.text) referenced from startup_n32g4fr.o(RESET)
 <LI><a href="#[1a]">DMA1_Channel6_IRQHandler</a> from startup_n32g4fr.o(.text) referenced from startup_n32g4fr.o(RESET)
 <LI><a href="#[1b]">DMA1_Channel7_IRQHandler</a> from startup_n32g4fr.o(.text) referenced from startup_n32g4fr.o(RESET)
 <LI><a href="#[56]">DMA1_Channel8_IRQHandler</a> from startup_n32g4fr.o(.text) referenced from startup_n32g4fr.o(RESET)
 <LI><a href="#[42]">DMA2_Channel1_IRQHandler</a> from startup_n32g4fr.o(.text) referenced from startup_n32g4fr.o(RESET)
 <LI><a href="#[43]">DMA2_Channel2_IRQHandler</a> from startup_n32g4fr.o(.text) referenced from startup_n32g4fr.o(RESET)
 <LI><a href="#[44]">DMA2_Channel3_IRQHandler</a> from startup_n32g4fr.o(.text) referenced from startup_n32g4fr.o(RESET)
 <LI><a href="#[45]">DMA2_Channel4_IRQHandler</a> from startup_n32g4fr.o(.text) referenced from startup_n32g4fr.o(RESET)
 <LI><a href="#[46]">DMA2_Channel5_IRQHandler</a> from startup_n32g4fr.o(.text) referenced from startup_n32g4fr.o(RESET)
 <LI><a href="#[4e]">DMA2_Channel6_IRQHandler</a> from startup_n32g4fr.o(.text) referenced from startup_n32g4fr.o(RESET)
 <LI><a href="#[4f]">DMA2_Channel7_IRQHandler</a> from startup_n32g4fr.o(.text) referenced from startup_n32g4fr.o(RESET)
 <LI><a href="#[57]">DMA2_Channel8_IRQHandler</a> from startup_n32g4fr.o(.text) referenced from startup_n32g4fr.o(RESET)
 <LI><a href="#[58]">DVP_IRQHandler</a> from startup_n32g4fr.o(.text) referenced from startup_n32g4fr.o(RESET)
 <LI><a href="#[7]">DebugMon_Handler</a> from n32g4fr_it.o(.text.DebugMon_Handler) referenced from startup_n32g4fr.o(RESET)
 <LI><a href="#[10]">EXTI0_IRQHandler</a> from startup_n32g4fr.o(.text) referenced from startup_n32g4fr.o(RESET)
 <LI><a href="#[32]">EXTI15_10_IRQHandler</a> from startup_n32g4fr.o(.text) referenced from startup_n32g4fr.o(RESET)
 <LI><a href="#[11]">EXTI1_IRQHandler</a> from startup_n32g4fr.o(.text) referenced from startup_n32g4fr.o(RESET)
 <LI><a href="#[12]">EXTI2_IRQHandler</a> from startup_n32g4fr.o(.text) referenced from startup_n32g4fr.o(RESET)
 <LI><a href="#[13]">EXTI3_IRQHandler</a> from startup_n32g4fr.o(.text) referenced from startup_n32g4fr.o(RESET)
 <LI><a href="#[14]">EXTI4_IRQHandler</a> from startup_n32g4fr.o(.text) referenced from startup_n32g4fr.o(RESET)
 <LI><a href="#[21]">EXTI9_5_IRQHandler</a> from startup_n32g4fr.o(.text) referenced from startup_n32g4fr.o(RESET)
 <LI><a href="#[e]">FLASH_IRQHandler</a> from startup_n32g4fr.o(.text) referenced from startup_n32g4fr.o(RESET)
 <LI><a href="#[2]">HardFault_Handler</a> from n32g4fr_it.o(.text.HardFault_Handler) referenced from startup_n32g4fr.o(RESET)
 <LI><a href="#[2a]">I2C1_ER_IRQHandler</a> from startup_n32g4fr.o(.text) referenced from startup_n32g4fr.o(RESET)
 <LI><a href="#[29]">I2C1_EV_IRQHandler</a> from startup_n32g4fr.o(.text) referenced from startup_n32g4fr.o(RESET)
 <LI><a href="#[2c]">I2C2_ER_IRQHandler</a> from startup_n32g4fr.o(.text) referenced from startup_n32g4fr.o(RESET)
 <LI><a href="#[2b]">I2C2_EV_IRQHandler</a> from startup_n32g4fr.o(.text) referenced from startup_n32g4fr.o(RESET)
 <LI><a href="#[51]">I2C3_ER_IRQHandler</a> from startup_n32g4fr.o(.text) referenced from startup_n32g4fr.o(RESET)
 <LI><a href="#[50]">I2C3_EV_IRQHandler</a> from startup_n32g4fr.o(.text) referenced from startup_n32g4fr.o(RESET)
 <LI><a href="#[53]">I2C4_ER_IRQHandler</a> from startup_n32g4fr.o(.text) referenced from startup_n32g4fr.o(RESET)
 <LI><a href="#[52]">I2C4_EV_IRQHandler</a> from startup_n32g4fr.o(.text) referenced from startup_n32g4fr.o(RESET)
 <LI><a href="#[5a]">MMU_IRQHandler</a> from startup_n32g4fr.o(.text) referenced from startup_n32g4fr.o(RESET)
 <LI><a href="#[3]">MemManage_Handler</a> from n32g4fr_it.o(.text.MemManage_Handler) referenced from startup_n32g4fr.o(RESET)
 <LI><a href="#[1]">NMI_Handler</a> from n32g4fr_it.o(.text.NMI_Handler) referenced from startup_n32g4fr.o(RESET)
 <LI><a href="#[b]">PVD_IRQHandler</a> from startup_n32g4fr.o(.text) referenced from startup_n32g4fr.o(RESET)
 <LI><a href="#[8]">PendSV_Handler</a> from startup_n32g4fr.o(.text) referenced from startup_n32g4fr.o(RESET)
 <LI><a href="#[4d]">QSPI_IRQHandler</a> from startup_n32g4fr.o(.text) referenced from startup_n32g4fr.o(RESET)
 <LI><a href="#[f]">RCC_IRQHandler</a> from startup_n32g4fr.o(.text) referenced from startup_n32g4fr.o(RESET)
 <LI><a href="#[39]">RESERVE47_IRQHandler</a> from startup_n32g4fr.o(.text) referenced from startup_n32g4fr.o(RESET)
 <LI><a href="#[3a]">RESERVE48_IRQHandler</a> from startup_n32g4fr.o(.text) referenced from startup_n32g4fr.o(RESET)
 <LI><a href="#[47]">RESERVE61_IRQHandler</a> from startup_n32g4fr.o(.text) referenced from startup_n32g4fr.o(RESET)
 <LI><a href="#[48]">RESERVE62_IRQHandler</a> from startup_n32g4fr.o(.text) referenced from startup_n32g4fr.o(RESET)
 <LI><a href="#[5c]">RESERVE82_IRQHandler</a> from startup_n32g4fr.o(.text) referenced from startup_n32g4fr.o(RESET)
 <LI><a href="#[5d]">RESERVE83_IRQHandler</a> from startup_n32g4fr.o(.text) referenced from startup_n32g4fr.o(RESET)
 <LI><a href="#[5e]">RESERVE84_IRQHandler</a> from startup_n32g4fr.o(.text) referenced from startup_n32g4fr.o(RESET)
 <LI><a href="#[5f]">RSRAM_IRQHandler</a> from startup_n32g4fr.o(.text) referenced from startup_n32g4fr.o(RESET)
 <LI><a href="#[33]">RTCAlarm_IRQHandler</a> from startup_n32g4fr.o(.text) referenced from startup_n32g4fr.o(RESET)
 <LI><a href="#[d]">RTC_WKUP_IRQHandler</a> from startup_n32g4fr.o(.text) referenced from startup_n32g4fr.o(RESET)
 <LI><a href="#[0]">Reset_Handler</a> from startup_n32g4fr.o(.text) referenced from startup_n32g4fr.o(RESET)
 <LI><a href="#[59]">SAC_IRQHandler</a> from startup_n32g4fr.o(.text) referenced from startup_n32g4fr.o(RESET)
 <LI><a href="#[3b]">SDIO_IRQHandler</a> from startup_n32g4fr.o(.text) referenced from startup_n32g4fr.o(RESET)
 <LI><a href="#[2d]">SPI1_IRQHandler</a> from startup_n32g4fr.o(.text) referenced from startup_n32g4fr.o(RESET)
 <LI><a href="#[2e]">SPI2_IRQHandler</a> from startup_n32g4fr.o(.text) referenced from startup_n32g4fr.o(RESET)
 <LI><a href="#[3d]">SPI3_IRQHandler</a> from startup_n32g4fr.o(.text) referenced from startup_n32g4fr.o(RESET)
 <LI><a href="#[6]">SVC_Handler</a> from n32g4fr_it.o(.text.SVC_Handler) referenced from startup_n32g4fr.o(RESET)
 <LI><a href="#[9]">SysTick_Handler</a> from n32g4fr_it.o(.text.SysTick_Handler) referenced from startup_n32g4fr.o(RESET)
 <LI><a href="#[60]">SystemInit</a> from system_n32g4fr.o(.text.SystemInit) referenced from startup_n32g4fr.o(.text)
 <LI><a href="#[c]">TAMPER_IRQHandler</a> from startup_n32g4fr.o(.text) referenced from startup_n32g4fr.o(RESET)
 <LI><a href="#[22]">TIM1_BRK_IRQHandler</a> from startup_n32g4fr.o(.text) referenced from startup_n32g4fr.o(RESET)
 <LI><a href="#[25]">TIM1_CC_IRQHandler</a> from startup_n32g4fr.o(.text) referenced from startup_n32g4fr.o(RESET)
 <LI><a href="#[24]">TIM1_TRG_COM_IRQHandler</a> from startup_n32g4fr.o(.text) referenced from startup_n32g4fr.o(RESET)
 <LI><a href="#[23]">TIM1_UP_IRQHandler</a> from startup_n32g4fr.o(.text) referenced from startup_n32g4fr.o(RESET)
 <LI><a href="#[26]">TIM2_IRQHandler</a> from startup_n32g4fr.o(.text) referenced from startup_n32g4fr.o(RESET)
 <LI><a href="#[27]">TIM3_IRQHandler</a> from startup_n32g4fr.o(.text) referenced from startup_n32g4fr.o(RESET)
 <LI><a href="#[28]">TIM4_IRQHandler</a> from startup_n32g4fr.o(.text) referenced from startup_n32g4fr.o(RESET)
 <LI><a href="#[3c]">TIM5_IRQHandler</a> from startup_n32g4fr.o(.text) referenced from startup_n32g4fr.o(RESET)
 <LI><a href="#[40]">TIM6_IRQHandler</a> from startup_n32g4fr.o(.text) referenced from startup_n32g4fr.o(RESET)
 <LI><a href="#[41]">TIM7_IRQHandler</a> from startup_n32g4fr.o(.text) referenced from startup_n32g4fr.o(RESET)
 <LI><a href="#[35]">TIM8_BRK_IRQHandler</a> from startup_n32g4fr.o(.text) referenced from startup_n32g4fr.o(RESET)
 <LI><a href="#[38]">TIM8_CC_IRQHandler</a> from startup_n32g4fr.o(.text) referenced from startup_n32g4fr.o(RESET)
 <LI><a href="#[37]">TIM8_TRG_COM_IRQHandler</a> from startup_n32g4fr.o(.text) referenced from startup_n32g4fr.o(RESET)
 <LI><a href="#[36]">TIM8_UP_IRQHandler</a> from startup_n32g4fr.o(.text) referenced from startup_n32g4fr.o(RESET)
 <LI><a href="#[5b]">TSC_IRQHandler</a> from startup_n32g4fr.o(.text) referenced from startup_n32g4fr.o(RESET)
 <LI><a href="#[3e]">UART4_IRQHandler</a> from startup_n32g4fr.o(.text) referenced from startup_n32g4fr.o(RESET)
 <LI><a href="#[3f]">UART5_IRQHandler</a> from startup_n32g4fr.o(.text) referenced from startup_n32g4fr.o(RESET)
 <LI><a href="#[54]">UART6_IRQHandler</a> from startup_n32g4fr.o(.text) referenced from startup_n32g4fr.o(RESET)
 <LI><a href="#[55]">UART7_IRQHandler</a> from startup_n32g4fr.o(.text) referenced from startup_n32g4fr.o(RESET)
 <LI><a href="#[2f]">USART1_IRQHandler</a> from usart.o(.text.USART1_IRQHandler) referenced from startup_n32g4fr.o(RESET)
 <LI><a href="#[30]">USART2_IRQHandler</a> from startup_n32g4fr.o(.text) referenced from startup_n32g4fr.o(RESET)
 <LI><a href="#[31]">USART3_IRQHandler</a> from startup_n32g4fr.o(.text) referenced from startup_n32g4fr.o(RESET)
 <LI><a href="#[34]">USBWakeUp_IRQHandler</a> from startup_n32g4fr.o(.text) referenced from startup_n32g4fr.o(RESET)
 <LI><a href="#[1d]">USB_HP_CAN1_TX_IRQHandler</a> from startup_n32g4fr.o(.text) referenced from startup_n32g4fr.o(RESET)
 <LI><a href="#[1e]">USB_LP_CAN1_RX0_IRQHandler</a> from startup_n32g4fr.o(.text) referenced from startup_n32g4fr.o(RESET)
 <LI><a href="#[5]">UsageFault_Handler</a> from n32g4fr_it.o(.text.UsageFault_Handler) referenced from startup_n32g4fr.o(RESET)
 <LI><a href="#[a]">WWDG_IRQHandler</a> from startup_n32g4fr.o(.text) referenced from startup_n32g4fr.o(RESET)
 <LI><a href="#[61]">__main</a> from __main.o(!!!main) referenced from startup_n32g4fr.o(.text)
</UL>
<P>
<H3>
Global Symbols
</H3>
<P><STRONG><a name="[61]"></a>__main</STRONG> (Thumb, 8 bytes, Stack size 0 bytes, __main.o(!!!main))
<BR><BR>[Calls]<UL><LI><a href="#[63]">&gt;&gt;</a>&nbsp;&nbsp;&nbsp;__rt_entry
<LI><a href="#[62]">&gt;&gt;</a>&nbsp;&nbsp;&nbsp;__scatterload
</UL>
<BR>[Address Reference Count : 1]<UL><LI> startup_n32g4fr.o(.text)
</UL>
<P><STRONG><a name="[62]"></a>__scatterload</STRONG> (Thumb, 0 bytes, Stack size unknown bytes, __scatter.o(!!!scatter))
<BR><BR>[Called By]<UL><LI><a href="#[61]">&gt;&gt;</a>&nbsp;&nbsp;&nbsp;__main
</UL>

<P><STRONG><a name="[64]"></a>__scatterload_rt2</STRONG> (Thumb, 84 bytes, Stack size unknown bytes, __scatter.o(!!!scatter), UNUSED)
<BR><BR>[Calls]<UL><LI><a href="#[63]">&gt;&gt;</a>&nbsp;&nbsp;&nbsp;__rt_entry
</UL>

<P><STRONG><a name="[a0]"></a>__scatterload_rt2_thumb_only</STRONG> (Thumb, 0 bytes, Stack size unknown bytes, __scatter.o(!!!scatter), UNUSED)

<P><STRONG><a name="[a1]"></a>__scatterload_loop</STRONG> (Thumb, 0 bytes, Stack size unknown bytes, __scatter.o(!!!scatter), UNUSED)

<P><STRONG><a name="[65]"></a>__scatterload_copy</STRONG> (Thumb, 26 bytes, Stack size unknown bytes, __scatter_copy.o(!!handler_copy), UNUSED)
<BR><BR>[Calls]<UL><LI><a href="#[65]">&gt;&gt;</a>&nbsp;&nbsp;&nbsp;__scatterload_copy
</UL>
<BR>[Called By]<UL><LI><a href="#[65]">&gt;&gt;</a>&nbsp;&nbsp;&nbsp;__scatterload_copy
</UL>

<P><STRONG><a name="[a2]"></a>__scatterload_null</STRONG> (Thumb, 2 bytes, Stack size unknown bytes, __scatter.o(!!handler_null), UNUSED)

<P><STRONG><a name="[a3]"></a>__scatterload_zeroinit</STRONG> (Thumb, 28 bytes, Stack size unknown bytes, __scatter_zi.o(!!handler_zi), UNUSED)

<P><STRONG><a name="[6b]"></a>__rt_lib_init</STRONG> (Thumb, 0 bytes, Stack size unknown bytes, libinit.o(.ARM.Collect$$libinit$$00000000))
<BR><BR>[Called By]<UL><LI><a href="#[6a]">&gt;&gt;</a>&nbsp;&nbsp;&nbsp;__rt_entry_li
</UL>

<P><STRONG><a name="[66]"></a>__rt_lib_init_fp_1</STRONG> (Thumb, 0 bytes, Stack size unknown bytes, libinit2.o(.ARM.Collect$$libinit$$00000001))
<BR><BR>[Calls]<UL><LI><a href="#[67]">&gt;&gt;</a>&nbsp;&nbsp;&nbsp;_fp_init
</UL>

<P><STRONG><a name="[a4]"></a>__rt_lib_init_alloca_1</STRONG> (Thumb, 0 bytes, Stack size unknown bytes, libinit2.o(.ARM.Collect$$libinit$$00000030))

<P><STRONG><a name="[a5]"></a>__rt_lib_init_argv_1</STRONG> (Thumb, 0 bytes, Stack size unknown bytes, libinit2.o(.ARM.Collect$$libinit$$0000002E))

<P><STRONG><a name="[a6]"></a>__rt_lib_init_atexit_1</STRONG> (Thumb, 0 bytes, Stack size unknown bytes, libinit2.o(.ARM.Collect$$libinit$$0000001D))

<P><STRONG><a name="[a7]"></a>__rt_lib_init_clock_1</STRONG> (Thumb, 0 bytes, Stack size unknown bytes, libinit2.o(.ARM.Collect$$libinit$$00000023))

<P><STRONG><a name="[a8]"></a>__rt_lib_init_cpp_1</STRONG> (Thumb, 0 bytes, Stack size unknown bytes, libinit2.o(.ARM.Collect$$libinit$$00000034))

<P><STRONG><a name="[a9]"></a>__rt_lib_init_exceptions_1</STRONG> (Thumb, 0 bytes, Stack size unknown bytes, libinit2.o(.ARM.Collect$$libinit$$00000032))

<P><STRONG><a name="[aa]"></a>__rt_lib_init_fp_trap_1</STRONG> (Thumb, 0 bytes, Stack size unknown bytes, libinit2.o(.ARM.Collect$$libinit$$00000021))

<P><STRONG><a name="[ab]"></a>__rt_lib_init_getenv_1</STRONG> (Thumb, 0 bytes, Stack size unknown bytes, libinit2.o(.ARM.Collect$$libinit$$00000025))

<P><STRONG><a name="[ac]"></a>__rt_lib_init_heap_1</STRONG> (Thumb, 0 bytes, Stack size unknown bytes, libinit2.o(.ARM.Collect$$libinit$$0000000C))

<P><STRONG><a name="[ad]"></a>__rt_lib_init_lc_collate_1</STRONG> (Thumb, 0 bytes, Stack size unknown bytes, libinit2.o(.ARM.Collect$$libinit$$00000013))

<P><STRONG><a name="[ae]"></a>__rt_lib_init_lc_ctype_1</STRONG> (Thumb, 0 bytes, Stack size unknown bytes, libinit2.o(.ARM.Collect$$libinit$$00000015))

<P><STRONG><a name="[af]"></a>__rt_lib_init_lc_monetary_1</STRONG> (Thumb, 0 bytes, Stack size unknown bytes, libinit2.o(.ARM.Collect$$libinit$$00000017))

<P><STRONG><a name="[b0]"></a>__rt_lib_init_lc_numeric_1</STRONG> (Thumb, 0 bytes, Stack size unknown bytes, libinit2.o(.ARM.Collect$$libinit$$00000019))

<P><STRONG><a name="[b1]"></a>__rt_lib_init_lc_time_1</STRONG> (Thumb, 0 bytes, Stack size unknown bytes, libinit2.o(.ARM.Collect$$libinit$$0000001B))

<P><STRONG><a name="[b2]"></a>__rt_lib_init_preinit_1</STRONG> (Thumb, 0 bytes, Stack size unknown bytes, libinit2.o(.ARM.Collect$$libinit$$00000006))

<P><STRONG><a name="[b3]"></a>__rt_lib_init_rand_1</STRONG> (Thumb, 0 bytes, Stack size unknown bytes, libinit2.o(.ARM.Collect$$libinit$$00000010))

<P><STRONG><a name="[b4]"></a>__rt_lib_init_relocate_pie_1</STRONG> (Thumb, 0 bytes, Stack size unknown bytes, libinit2.o(.ARM.Collect$$libinit$$00000004))

<P><STRONG><a name="[b5]"></a>__rt_lib_init_return</STRONG> (Thumb, 0 bytes, Stack size unknown bytes, libinit2.o(.ARM.Collect$$libinit$$00000035))

<P><STRONG><a name="[b6]"></a>__rt_lib_init_signal_1</STRONG> (Thumb, 0 bytes, Stack size unknown bytes, libinit2.o(.ARM.Collect$$libinit$$0000001F))

<P><STRONG><a name="[b7]"></a>__rt_lib_init_stdio_1</STRONG> (Thumb, 0 bytes, Stack size unknown bytes, libinit2.o(.ARM.Collect$$libinit$$00000027))

<P><STRONG><a name="[b8]"></a>__rt_lib_init_user_alloc_1</STRONG> (Thumb, 0 bytes, Stack size unknown bytes, libinit2.o(.ARM.Collect$$libinit$$0000000E))

<P><STRONG><a name="[70]"></a>__rt_lib_shutdown</STRONG> (Thumb, 0 bytes, Stack size unknown bytes, libshutdown.o(.ARM.Collect$$libshutdown$$00000000))
<BR><BR>[Called By]<UL><LI><a href="#[6f]">&gt;&gt;</a>&nbsp;&nbsp;&nbsp;__rt_exit_ls
</UL>

<P><STRONG><a name="[b9]"></a>__rt_lib_shutdown_cpp_1</STRONG> (Thumb, 0 bytes, Stack size unknown bytes, libshutdown2.o(.ARM.Collect$$libshutdown$$00000002))

<P><STRONG><a name="[ba]"></a>__rt_lib_shutdown_fp_trap_1</STRONG> (Thumb, 0 bytes, Stack size unknown bytes, libshutdown2.o(.ARM.Collect$$libshutdown$$00000007))

<P><STRONG><a name="[bb]"></a>__rt_lib_shutdown_heap_1</STRONG> (Thumb, 0 bytes, Stack size unknown bytes, libshutdown2.o(.ARM.Collect$$libshutdown$$0000000F))

<P><STRONG><a name="[bc]"></a>__rt_lib_shutdown_return</STRONG> (Thumb, 0 bytes, Stack size unknown bytes, libshutdown2.o(.ARM.Collect$$libshutdown$$00000010))

<P><STRONG><a name="[bd]"></a>__rt_lib_shutdown_signal_1</STRONG> (Thumb, 0 bytes, Stack size unknown bytes, libshutdown2.o(.ARM.Collect$$libshutdown$$0000000A))

<P><STRONG><a name="[be]"></a>__rt_lib_shutdown_stdio_1</STRONG> (Thumb, 0 bytes, Stack size unknown bytes, libshutdown2.o(.ARM.Collect$$libshutdown$$00000004))

<P><STRONG><a name="[bf]"></a>__rt_lib_shutdown_user_alloc_1</STRONG> (Thumb, 0 bytes, Stack size unknown bytes, libshutdown2.o(.ARM.Collect$$libshutdown$$0000000C))

<P><STRONG><a name="[63]"></a>__rt_entry</STRONG> (Thumb, 0 bytes, Stack size unknown bytes, __rtentry.o(.ARM.Collect$$rtentry$$00000000))
<BR><BR>[Called By]<UL><LI><a href="#[61]">&gt;&gt;</a>&nbsp;&nbsp;&nbsp;__main
<LI><a href="#[64]">&gt;&gt;</a>&nbsp;&nbsp;&nbsp;__scatterload_rt2
</UL>

<P><STRONG><a name="[c0]"></a>__rt_entry_presh_1</STRONG> (Thumb, 0 bytes, Stack size unknown bytes, __rtentry2.o(.ARM.Collect$$rtentry$$00000002))

<P><STRONG><a name="[68]"></a>__rt_entry_sh</STRONG> (Thumb, 0 bytes, Stack size unknown bytes, __rtentry4.o(.ARM.Collect$$rtentry$$00000004))
<BR><BR>[Stack]<UL><LI>Max Depth = 8 + Unknown Stack Size
<LI>Call Chain = __rt_entry_sh &rArr; __user_setup_stackheap
</UL>
<BR>[Calls]<UL><LI><a href="#[69]">&gt;&gt;</a>&nbsp;&nbsp;&nbsp;__user_setup_stackheap
</UL>

<P><STRONG><a name="[6a]"></a>__rt_entry_li</STRONG> (Thumb, 0 bytes, Stack size unknown bytes, __rtentry2.o(.ARM.Collect$$rtentry$$0000000A))
<BR><BR>[Calls]<UL><LI><a href="#[6b]">&gt;&gt;</a>&nbsp;&nbsp;&nbsp;__rt_lib_init
</UL>

<P><STRONG><a name="[c1]"></a>__rt_entry_postsh_1</STRONG> (Thumb, 0 bytes, Stack size unknown bytes, __rtentry2.o(.ARM.Collect$$rtentry$$00000009))

<P><STRONG><a name="[6c]"></a>__rt_entry_main</STRONG> (Thumb, 0 bytes, Stack size unknown bytes, __rtentry2.o(.ARM.Collect$$rtentry$$0000000D))
<BR><BR>[Stack]<UL><LI>Max Depth = 3272 + Unknown Stack Size
<LI>Call Chain = __rt_entry_main &rArr; main &rArr; Modbus_Process &rArr; signal_process
</UL>
<BR>[Calls]<UL><LI><a href="#[6e]">&gt;&gt;</a>&nbsp;&nbsp;&nbsp;exit
<LI><a href="#[6d]">&gt;&gt;</a>&nbsp;&nbsp;&nbsp;main
</UL>

<P><STRONG><a name="[c2]"></a>__rt_entry_postli_1</STRONG> (Thumb, 0 bytes, Stack size unknown bytes, __rtentry2.o(.ARM.Collect$$rtentry$$0000000C))

<P><STRONG><a name="[77]"></a>__rt_exit</STRONG> (Thumb, 0 bytes, Stack size unknown bytes, rtexit.o(.ARM.Collect$$rtexit$$00000000))
<BR><BR>[Called By]<UL><LI><a href="#[6e]">&gt;&gt;</a>&nbsp;&nbsp;&nbsp;exit
</UL>

<P><STRONG><a name="[6f]"></a>__rt_exit_ls</STRONG> (Thumb, 0 bytes, Stack size unknown bytes, rtexit2.o(.ARM.Collect$$rtexit$$00000003))
<BR><BR>[Calls]<UL><LI><a href="#[70]">&gt;&gt;</a>&nbsp;&nbsp;&nbsp;__rt_lib_shutdown
</UL>

<P><STRONG><a name="[c3]"></a>__rt_exit_prels_1</STRONG> (Thumb, 0 bytes, Stack size unknown bytes, rtexit2.o(.ARM.Collect$$rtexit$$00000002))

<P><STRONG><a name="[71]"></a>__rt_exit_exit</STRONG> (Thumb, 0 bytes, Stack size unknown bytes, rtexit2.o(.ARM.Collect$$rtexit$$00000004))
<BR><BR>[Calls]<UL><LI><a href="#[72]">&gt;&gt;</a>&nbsp;&nbsp;&nbsp;_sys_exit
</UL>

<P><STRONG><a name="[0]"></a>Reset_Handler</STRONG> (Thumb, 8 bytes, Stack size 0 bytes, startup_n32g4fr.o(.text))
<BR>[Address Reference Count : 1]<UL><LI> startup_n32g4fr.o(RESET)
</UL>
<P><STRONG><a name="[8]"></a>PendSV_Handler</STRONG> (Thumb, 2 bytes, Stack size 0 bytes, startup_n32g4fr.o(.text))
<BR><BR>[Calls]<UL><LI><a href="#[8]">&gt;&gt;</a>&nbsp;&nbsp;&nbsp;PendSV_Handler
</UL>
<BR>[Called By]<UL><LI><a href="#[8]">&gt;&gt;</a>&nbsp;&nbsp;&nbsp;PendSV_Handler
</UL>
<BR>[Address Reference Count : 1]<UL><LI> startup_n32g4fr.o(RESET)
</UL>
<P><STRONG><a name="[1c]"></a>ADC1_2_IRQHandler</STRONG> (Thumb, 0 bytes, Stack size 0 bytes, startup_n32g4fr.o(.text))
<BR><BR>[Calls]<UL><LI><a href="#[1c]">&gt;&gt;</a>&nbsp;&nbsp;&nbsp;ADC1_2_IRQHandler
</UL>
<BR>[Called By]<UL><LI><a href="#[1c]">&gt;&gt;</a>&nbsp;&nbsp;&nbsp;ADC1_2_IRQHandler
</UL>
<BR>[Address Reference Count : 1]<UL><LI> startup_n32g4fr.o(RESET)
</UL>
<P><STRONG><a name="[1f]"></a>CAN1_RX1_IRQHandler</STRONG> (Thumb, 0 bytes, Stack size 0 bytes, startup_n32g4fr.o(.text))
<BR>[Address Reference Count : 1]<UL><LI> startup_n32g4fr.o(RESET)
</UL>
<P><STRONG><a name="[20]"></a>CAN1_SCE_IRQHandler</STRONG> (Thumb, 0 bytes, Stack size 0 bytes, startup_n32g4fr.o(.text))
<BR>[Address Reference Count : 1]<UL><LI> startup_n32g4fr.o(RESET)
</UL>
<P><STRONG><a name="[4a]"></a>CAN2_RX0_IRQHandler</STRONG> (Thumb, 0 bytes, Stack size 0 bytes, startup_n32g4fr.o(.text))
<BR>[Address Reference Count : 1]<UL><LI> startup_n32g4fr.o(RESET)
</UL>
<P><STRONG><a name="[4b]"></a>CAN2_RX1_IRQHandler</STRONG> (Thumb, 0 bytes, Stack size 0 bytes, startup_n32g4fr.o(.text))
<BR>[Address Reference Count : 1]<UL><LI> startup_n32g4fr.o(RESET)
</UL>
<P><STRONG><a name="[4c]"></a>CAN2_SCE_IRQHandler</STRONG> (Thumb, 0 bytes, Stack size 0 bytes, startup_n32g4fr.o(.text))
<BR>[Address Reference Count : 1]<UL><LI> startup_n32g4fr.o(RESET)
</UL>
<P><STRONG><a name="[49]"></a>CAN2_TX_IRQHandler</STRONG> (Thumb, 0 bytes, Stack size 0 bytes, startup_n32g4fr.o(.text))
<BR>[Address Reference Count : 1]<UL><LI> startup_n32g4fr.o(RESET)
</UL>
<P><STRONG><a name="[15]"></a>DMA1_Channel1_IRQHandler</STRONG> (Thumb, 0 bytes, Stack size 0 bytes, startup_n32g4fr.o(.text))
<BR>[Address Reference Count : 1]<UL><LI> startup_n32g4fr.o(RESET)
</UL>
<P><STRONG><a name="[16]"></a>DMA1_Channel2_IRQHandler</STRONG> (Thumb, 0 bytes, Stack size 0 bytes, startup_n32g4fr.o(.text))
<BR>[Address Reference Count : 1]<UL><LI> startup_n32g4fr.o(RESET)
</UL>
<P><STRONG><a name="[17]"></a>DMA1_Channel3_IRQHandler</STRONG> (Thumb, 0 bytes, Stack size 0 bytes, startup_n32g4fr.o(.text))
<BR>[Address Reference Count : 1]<UL><LI> startup_n32g4fr.o(RESET)
</UL>
<P><STRONG><a name="[18]"></a>DMA1_Channel4_IRQHandler</STRONG> (Thumb, 0 bytes, Stack size 0 bytes, startup_n32g4fr.o(.text))
<BR>[Address Reference Count : 1]<UL><LI> startup_n32g4fr.o(RESET)
</UL>
<P><STRONG><a name="[19]"></a>DMA1_Channel5_IRQHandler</STRONG> (Thumb, 0 bytes, Stack size 0 bytes, startup_n32g4fr.o(.text))
<BR>[Address Reference Count : 1]<UL><LI> startup_n32g4fr.o(RESET)
</UL>
<P><STRONG><a name="[1a]"></a>DMA1_Channel6_IRQHandler</STRONG> (Thumb, 0 bytes, Stack size 0 bytes, startup_n32g4fr.o(.text))
<BR>[Address Reference Count : 1]<UL><LI> startup_n32g4fr.o(RESET)
</UL>
<P><STRONG><a name="[1b]"></a>DMA1_Channel7_IRQHandler</STRONG> (Thumb, 0 bytes, Stack size 0 bytes, startup_n32g4fr.o(.text))
<BR>[Address Reference Count : 1]<UL><LI> startup_n32g4fr.o(RESET)
</UL>
<P><STRONG><a name="[56]"></a>DMA1_Channel8_IRQHandler</STRONG> (Thumb, 0 bytes, Stack size 0 bytes, startup_n32g4fr.o(.text))
<BR>[Address Reference Count : 1]<UL><LI> startup_n32g4fr.o(RESET)
</UL>
<P><STRONG><a name="[42]"></a>DMA2_Channel1_IRQHandler</STRONG> (Thumb, 0 bytes, Stack size 0 bytes, startup_n32g4fr.o(.text))
<BR>[Address Reference Count : 1]<UL><LI> startup_n32g4fr.o(RESET)
</UL>
<P><STRONG><a name="[43]"></a>DMA2_Channel2_IRQHandler</STRONG> (Thumb, 0 bytes, Stack size 0 bytes, startup_n32g4fr.o(.text))
<BR>[Address Reference Count : 1]<UL><LI> startup_n32g4fr.o(RESET)
</UL>
<P><STRONG><a name="[44]"></a>DMA2_Channel3_IRQHandler</STRONG> (Thumb, 0 bytes, Stack size 0 bytes, startup_n32g4fr.o(.text))
<BR>[Address Reference Count : 1]<UL><LI> startup_n32g4fr.o(RESET)
</UL>
<P><STRONG><a name="[45]"></a>DMA2_Channel4_IRQHandler</STRONG> (Thumb, 0 bytes, Stack size 0 bytes, startup_n32g4fr.o(.text))
<BR>[Address Reference Count : 1]<UL><LI> startup_n32g4fr.o(RESET)
</UL>
<P><STRONG><a name="[46]"></a>DMA2_Channel5_IRQHandler</STRONG> (Thumb, 0 bytes, Stack size 0 bytes, startup_n32g4fr.o(.text))
<BR>[Address Reference Count : 1]<UL><LI> startup_n32g4fr.o(RESET)
</UL>
<P><STRONG><a name="[4e]"></a>DMA2_Channel6_IRQHandler</STRONG> (Thumb, 0 bytes, Stack size 0 bytes, startup_n32g4fr.o(.text))
<BR>[Address Reference Count : 1]<UL><LI> startup_n32g4fr.o(RESET)
</UL>
<P><STRONG><a name="[4f]"></a>DMA2_Channel7_IRQHandler</STRONG> (Thumb, 0 bytes, Stack size 0 bytes, startup_n32g4fr.o(.text))
<BR>[Address Reference Count : 1]<UL><LI> startup_n32g4fr.o(RESET)
</UL>
<P><STRONG><a name="[57]"></a>DMA2_Channel8_IRQHandler</STRONG> (Thumb, 0 bytes, Stack size 0 bytes, startup_n32g4fr.o(.text))
<BR>[Address Reference Count : 1]<UL><LI> startup_n32g4fr.o(RESET)
</UL>
<P><STRONG><a name="[58]"></a>DVP_IRQHandler</STRONG> (Thumb, 0 bytes, Stack size 0 bytes, startup_n32g4fr.o(.text))
<BR>[Address Reference Count : 1]<UL><LI> startup_n32g4fr.o(RESET)
</UL>
<P><STRONG><a name="[10]"></a>EXTI0_IRQHandler</STRONG> (Thumb, 0 bytes, Stack size 0 bytes, startup_n32g4fr.o(.text))
<BR>[Address Reference Count : 1]<UL><LI> startup_n32g4fr.o(RESET)
</UL>
<P><STRONG><a name="[32]"></a>EXTI15_10_IRQHandler</STRONG> (Thumb, 0 bytes, Stack size 0 bytes, startup_n32g4fr.o(.text))
<BR>[Address Reference Count : 1]<UL><LI> startup_n32g4fr.o(RESET)
</UL>
<P><STRONG><a name="[11]"></a>EXTI1_IRQHandler</STRONG> (Thumb, 0 bytes, Stack size 0 bytes, startup_n32g4fr.o(.text))
<BR>[Address Reference Count : 1]<UL><LI> startup_n32g4fr.o(RESET)
</UL>
<P><STRONG><a name="[12]"></a>EXTI2_IRQHandler</STRONG> (Thumb, 0 bytes, Stack size 0 bytes, startup_n32g4fr.o(.text))
<BR>[Address Reference Count : 1]<UL><LI> startup_n32g4fr.o(RESET)
</UL>
<P><STRONG><a name="[13]"></a>EXTI3_IRQHandler</STRONG> (Thumb, 0 bytes, Stack size 0 bytes, startup_n32g4fr.o(.text))
<BR>[Address Reference Count : 1]<UL><LI> startup_n32g4fr.o(RESET)
</UL>
<P><STRONG><a name="[14]"></a>EXTI4_IRQHandler</STRONG> (Thumb, 0 bytes, Stack size 0 bytes, startup_n32g4fr.o(.text))
<BR>[Address Reference Count : 1]<UL><LI> startup_n32g4fr.o(RESET)
</UL>
<P><STRONG><a name="[21]"></a>EXTI9_5_IRQHandler</STRONG> (Thumb, 0 bytes, Stack size 0 bytes, startup_n32g4fr.o(.text))
<BR>[Address Reference Count : 1]<UL><LI> startup_n32g4fr.o(RESET)
</UL>
<P><STRONG><a name="[e]"></a>FLASH_IRQHandler</STRONG> (Thumb, 0 bytes, Stack size 0 bytes, startup_n32g4fr.o(.text))
<BR>[Address Reference Count : 1]<UL><LI> startup_n32g4fr.o(RESET)
</UL>
<P><STRONG><a name="[2a]"></a>I2C1_ER_IRQHandler</STRONG> (Thumb, 0 bytes, Stack size 0 bytes, startup_n32g4fr.o(.text))
<BR>[Address Reference Count : 1]<UL><LI> startup_n32g4fr.o(RESET)
</UL>
<P><STRONG><a name="[29]"></a>I2C1_EV_IRQHandler</STRONG> (Thumb, 0 bytes, Stack size 0 bytes, startup_n32g4fr.o(.text))
<BR>[Address Reference Count : 1]<UL><LI> startup_n32g4fr.o(RESET)
</UL>
<P><STRONG><a name="[2c]"></a>I2C2_ER_IRQHandler</STRONG> (Thumb, 0 bytes, Stack size 0 bytes, startup_n32g4fr.o(.text))
<BR>[Address Reference Count : 1]<UL><LI> startup_n32g4fr.o(RESET)
</UL>
<P><STRONG><a name="[2b]"></a>I2C2_EV_IRQHandler</STRONG> (Thumb, 0 bytes, Stack size 0 bytes, startup_n32g4fr.o(.text))
<BR>[Address Reference Count : 1]<UL><LI> startup_n32g4fr.o(RESET)
</UL>
<P><STRONG><a name="[51]"></a>I2C3_ER_IRQHandler</STRONG> (Thumb, 0 bytes, Stack size 0 bytes, startup_n32g4fr.o(.text))
<BR>[Address Reference Count : 1]<UL><LI> startup_n32g4fr.o(RESET)
</UL>
<P><STRONG><a name="[50]"></a>I2C3_EV_IRQHandler</STRONG> (Thumb, 0 bytes, Stack size 0 bytes, startup_n32g4fr.o(.text))
<BR>[Address Reference Count : 1]<UL><LI> startup_n32g4fr.o(RESET)
</UL>
<P><STRONG><a name="[53]"></a>I2C4_ER_IRQHandler</STRONG> (Thumb, 0 bytes, Stack size 0 bytes, startup_n32g4fr.o(.text))
<BR>[Address Reference Count : 1]<UL><LI> startup_n32g4fr.o(RESET)
</UL>
<P><STRONG><a name="[52]"></a>I2C4_EV_IRQHandler</STRONG> (Thumb, 0 bytes, Stack size 0 bytes, startup_n32g4fr.o(.text))
<BR>[Address Reference Count : 1]<UL><LI> startup_n32g4fr.o(RESET)
</UL>
<P><STRONG><a name="[5a]"></a>MMU_IRQHandler</STRONG> (Thumb, 0 bytes, Stack size 0 bytes, startup_n32g4fr.o(.text))
<BR>[Address Reference Count : 1]<UL><LI> startup_n32g4fr.o(RESET)
</UL>
<P><STRONG><a name="[b]"></a>PVD_IRQHandler</STRONG> (Thumb, 0 bytes, Stack size 0 bytes, startup_n32g4fr.o(.text))
<BR>[Address Reference Count : 1]<UL><LI> startup_n32g4fr.o(RESET)
</UL>
<P><STRONG><a name="[4d]"></a>QSPI_IRQHandler</STRONG> (Thumb, 0 bytes, Stack size 0 bytes, startup_n32g4fr.o(.text))
<BR>[Address Reference Count : 1]<UL><LI> startup_n32g4fr.o(RESET)
</UL>
<P><STRONG><a name="[f]"></a>RCC_IRQHandler</STRONG> (Thumb, 0 bytes, Stack size 0 bytes, startup_n32g4fr.o(.text))
<BR>[Address Reference Count : 1]<UL><LI> startup_n32g4fr.o(RESET)
</UL>
<P><STRONG><a name="[5f]"></a>RSRAM_IRQHandler</STRONG> (Thumb, 0 bytes, Stack size 0 bytes, startup_n32g4fr.o(.text))
<BR>[Address Reference Count : 1]<UL><LI> startup_n32g4fr.o(RESET)
</UL>
<P><STRONG><a name="[33]"></a>RTCAlarm_IRQHandler</STRONG> (Thumb, 0 bytes, Stack size 0 bytes, startup_n32g4fr.o(.text))
<BR>[Address Reference Count : 1]<UL><LI> startup_n32g4fr.o(RESET)
</UL>
<P><STRONG><a name="[d]"></a>RTC_WKUP_IRQHandler</STRONG> (Thumb, 0 bytes, Stack size 0 bytes, startup_n32g4fr.o(.text))
<BR>[Address Reference Count : 1]<UL><LI> startup_n32g4fr.o(RESET)
</UL>
<P><STRONG><a name="[59]"></a>SAC_IRQHandler</STRONG> (Thumb, 0 bytes, Stack size 0 bytes, startup_n32g4fr.o(.text))
<BR>[Address Reference Count : 1]<UL><LI> startup_n32g4fr.o(RESET)
</UL>
<P><STRONG><a name="[3b]"></a>SDIO_IRQHandler</STRONG> (Thumb, 0 bytes, Stack size 0 bytes, startup_n32g4fr.o(.text))
<BR>[Address Reference Count : 1]<UL><LI> startup_n32g4fr.o(RESET)
</UL>
<P><STRONG><a name="[2d]"></a>SPI1_IRQHandler</STRONG> (Thumb, 0 bytes, Stack size 0 bytes, startup_n32g4fr.o(.text))
<BR>[Address Reference Count : 1]<UL><LI> startup_n32g4fr.o(RESET)
</UL>
<P><STRONG><a name="[2e]"></a>SPI2_IRQHandler</STRONG> (Thumb, 0 bytes, Stack size 0 bytes, startup_n32g4fr.o(.text))
<BR>[Address Reference Count : 1]<UL><LI> startup_n32g4fr.o(RESET)
</UL>
<P><STRONG><a name="[3d]"></a>SPI3_IRQHandler</STRONG> (Thumb, 0 bytes, Stack size 0 bytes, startup_n32g4fr.o(.text))
<BR>[Address Reference Count : 1]<UL><LI> startup_n32g4fr.o(RESET)
</UL>
<P><STRONG><a name="[c]"></a>TAMPER_IRQHandler</STRONG> (Thumb, 0 bytes, Stack size 0 bytes, startup_n32g4fr.o(.text))
<BR>[Address Reference Count : 1]<UL><LI> startup_n32g4fr.o(RESET)
</UL>
<P><STRONG><a name="[22]"></a>TIM1_BRK_IRQHandler</STRONG> (Thumb, 0 bytes, Stack size 0 bytes, startup_n32g4fr.o(.text))
<BR>[Address Reference Count : 1]<UL><LI> startup_n32g4fr.o(RESET)
</UL>
<P><STRONG><a name="[25]"></a>TIM1_CC_IRQHandler</STRONG> (Thumb, 0 bytes, Stack size 0 bytes, startup_n32g4fr.o(.text))
<BR>[Address Reference Count : 1]<UL><LI> startup_n32g4fr.o(RESET)
</UL>
<P><STRONG><a name="[24]"></a>TIM1_TRG_COM_IRQHandler</STRONG> (Thumb, 0 bytes, Stack size 0 bytes, startup_n32g4fr.o(.text))
<BR>[Address Reference Count : 1]<UL><LI> startup_n32g4fr.o(RESET)
</UL>
<P><STRONG><a name="[23]"></a>TIM1_UP_IRQHandler</STRONG> (Thumb, 0 bytes, Stack size 0 bytes, startup_n32g4fr.o(.text))
<BR>[Address Reference Count : 1]<UL><LI> startup_n32g4fr.o(RESET)
</UL>
<P><STRONG><a name="[26]"></a>TIM2_IRQHandler</STRONG> (Thumb, 0 bytes, Stack size 0 bytes, startup_n32g4fr.o(.text))
<BR>[Address Reference Count : 1]<UL><LI> startup_n32g4fr.o(RESET)
</UL>
<P><STRONG><a name="[27]"></a>TIM3_IRQHandler</STRONG> (Thumb, 0 bytes, Stack size 0 bytes, startup_n32g4fr.o(.text))
<BR>[Address Reference Count : 1]<UL><LI> startup_n32g4fr.o(RESET)
</UL>
<P><STRONG><a name="[28]"></a>TIM4_IRQHandler</STRONG> (Thumb, 0 bytes, Stack size 0 bytes, startup_n32g4fr.o(.text))
<BR>[Address Reference Count : 1]<UL><LI> startup_n32g4fr.o(RESET)
</UL>
<P><STRONG><a name="[3c]"></a>TIM5_IRQHandler</STRONG> (Thumb, 0 bytes, Stack size 0 bytes, startup_n32g4fr.o(.text))
<BR>[Address Reference Count : 1]<UL><LI> startup_n32g4fr.o(RESET)
</UL>
<P><STRONG><a name="[40]"></a>TIM6_IRQHandler</STRONG> (Thumb, 0 bytes, Stack size 0 bytes, startup_n32g4fr.o(.text))
<BR>[Address Reference Count : 1]<UL><LI> startup_n32g4fr.o(RESET)
</UL>
<P><STRONG><a name="[41]"></a>TIM7_IRQHandler</STRONG> (Thumb, 0 bytes, Stack size 0 bytes, startup_n32g4fr.o(.text))
<BR>[Address Reference Count : 1]<UL><LI> startup_n32g4fr.o(RESET)
</UL>
<P><STRONG><a name="[35]"></a>TIM8_BRK_IRQHandler</STRONG> (Thumb, 0 bytes, Stack size 0 bytes, startup_n32g4fr.o(.text))
<BR>[Address Reference Count : 1]<UL><LI> startup_n32g4fr.o(RESET)
</UL>
<P><STRONG><a name="[38]"></a>TIM8_CC_IRQHandler</STRONG> (Thumb, 0 bytes, Stack size 0 bytes, startup_n32g4fr.o(.text))
<BR>[Address Reference Count : 1]<UL><LI> startup_n32g4fr.o(RESET)
</UL>
<P><STRONG><a name="[37]"></a>TIM8_TRG_COM_IRQHandler</STRONG> (Thumb, 0 bytes, Stack size 0 bytes, startup_n32g4fr.o(.text))
<BR>[Address Reference Count : 1]<UL><LI> startup_n32g4fr.o(RESET)
</UL>
<P><STRONG><a name="[36]"></a>TIM8_UP_IRQHandler</STRONG> (Thumb, 0 bytes, Stack size 0 bytes, startup_n32g4fr.o(.text))
<BR>[Address Reference Count : 1]<UL><LI> startup_n32g4fr.o(RESET)
</UL>
<P><STRONG><a name="[5b]"></a>TSC_IRQHandler</STRONG> (Thumb, 0 bytes, Stack size 0 bytes, startup_n32g4fr.o(.text))
<BR>[Address Reference Count : 1]<UL><LI> startup_n32g4fr.o(RESET)
</UL>
<P><STRONG><a name="[3e]"></a>UART4_IRQHandler</STRONG> (Thumb, 0 bytes, Stack size 0 bytes, startup_n32g4fr.o(.text))
<BR>[Address Reference Count : 1]<UL><LI> startup_n32g4fr.o(RESET)
</UL>
<P><STRONG><a name="[3f]"></a>UART5_IRQHandler</STRONG> (Thumb, 0 bytes, Stack size 0 bytes, startup_n32g4fr.o(.text))
<BR>[Address Reference Count : 1]<UL><LI> startup_n32g4fr.o(RESET)
</UL>
<P><STRONG><a name="[54]"></a>UART6_IRQHandler</STRONG> (Thumb, 0 bytes, Stack size 0 bytes, startup_n32g4fr.o(.text))
<BR>[Address Reference Count : 1]<UL><LI> startup_n32g4fr.o(RESET)
</UL>
<P><STRONG><a name="[55]"></a>UART7_IRQHandler</STRONG> (Thumb, 0 bytes, Stack size 0 bytes, startup_n32g4fr.o(.text))
<BR>[Address Reference Count : 1]<UL><LI> startup_n32g4fr.o(RESET)
</UL>
<P><STRONG><a name="[30]"></a>USART2_IRQHandler</STRONG> (Thumb, 0 bytes, Stack size 0 bytes, startup_n32g4fr.o(.text))
<BR>[Address Reference Count : 1]<UL><LI> startup_n32g4fr.o(RESET)
</UL>
<P><STRONG><a name="[31]"></a>USART3_IRQHandler</STRONG> (Thumb, 0 bytes, Stack size 0 bytes, startup_n32g4fr.o(.text))
<BR>[Address Reference Count : 1]<UL><LI> startup_n32g4fr.o(RESET)
</UL>
<P><STRONG><a name="[34]"></a>USBWakeUp_IRQHandler</STRONG> (Thumb, 0 bytes, Stack size 0 bytes, startup_n32g4fr.o(.text))
<BR>[Address Reference Count : 1]<UL><LI> startup_n32g4fr.o(RESET)
</UL>
<P><STRONG><a name="[1d]"></a>USB_HP_CAN1_TX_IRQHandler</STRONG> (Thumb, 0 bytes, Stack size 0 bytes, startup_n32g4fr.o(.text))
<BR>[Address Reference Count : 1]<UL><LI> startup_n32g4fr.o(RESET)
</UL>
<P><STRONG><a name="[1e]"></a>USB_LP_CAN1_RX0_IRQHandler</STRONG> (Thumb, 0 bytes, Stack size 0 bytes, startup_n32g4fr.o(.text))
<BR>[Address Reference Count : 1]<UL><LI> startup_n32g4fr.o(RESET)
</UL>
<P><STRONG><a name="[a]"></a>WWDG_IRQHandler</STRONG> (Thumb, 0 bytes, Stack size 0 bytes, startup_n32g4fr.o(.text))
<BR>[Address Reference Count : 1]<UL><LI> startup_n32g4fr.o(RESET)
</UL>
<P><STRONG><a name="[76]"></a>__user_initial_stackheap</STRONG> (Thumb, 0 bytes, Stack size unknown bytes, startup_n32g4fr.o(.text))
<BR><BR>[Called By]<UL><LI><a href="#[69]">&gt;&gt;</a>&nbsp;&nbsp;&nbsp;__user_setup_stackheap
</UL>

<P><STRONG><a name="[90]"></a>__aeabi_memclr</STRONG> (Thumb, 0 bytes, Stack size unknown bytes, rt_memclr.o(.text))
<BR><BR>[Called By]<UL><LI><a href="#[7b]">&gt;&gt;</a>&nbsp;&nbsp;&nbsp;signal_process
</UL>

<P><STRONG><a name="[c4]"></a>__rt_memclr</STRONG> (Thumb, 0 bytes, Stack size unknown bytes, rt_memclr.o(.text), UNUSED)

<P><STRONG><a name="[73]"></a>_memset</STRONG> (Thumb, 64 bytes, Stack size 0 bytes, rt_memclr.o(.text), UNUSED)
<BR><BR>[Calls]<UL><LI><a href="#[74]">&gt;&gt;</a>&nbsp;&nbsp;&nbsp;_memset_w
</UL>

<P><STRONG><a name="[c5]"></a>__use_two_region_memory</STRONG> (Thumb, 2 bytes, Stack size 0 bytes, heapauxi.o(.text), UNUSED)

<P><STRONG><a name="[c6]"></a>__rt_heap_escrow$2region</STRONG> (Thumb, 2 bytes, Stack size 0 bytes, heapauxi.o(.text), UNUSED)

<P><STRONG><a name="[c7]"></a>__rt_heap_expand$2region</STRONG> (Thumb, 2 bytes, Stack size 0 bytes, heapauxi.o(.text), UNUSED)

<P><STRONG><a name="[c8]"></a>__aeabi_memclr4</STRONG> (Thumb, 0 bytes, Stack size unknown bytes, rt_memclr_w.o(.text), UNUSED)

<P><STRONG><a name="[c9]"></a>__aeabi_memclr8</STRONG> (Thumb, 0 bytes, Stack size unknown bytes, rt_memclr_w.o(.text), UNUSED)

<P><STRONG><a name="[ca]"></a>__rt_memclr_w</STRONG> (Thumb, 0 bytes, Stack size unknown bytes, rt_memclr_w.o(.text), UNUSED)

<P><STRONG><a name="[74]"></a>_memset_w</STRONG> (Thumb, 74 bytes, Stack size 4 bytes, rt_memclr_w.o(.text), UNUSED)
<BR><BR>[Called By]<UL><LI><a href="#[73]">&gt;&gt;</a>&nbsp;&nbsp;&nbsp;_memset
</UL>

<P><STRONG><a name="[69]"></a>__user_setup_stackheap</STRONG> (Thumb, 74 bytes, Stack size 8 bytes, sys_stackheap_outer.o(.text))
<BR><BR>[Stack]<UL><LI>Max Depth = 8 + Unknown Stack Size
<LI>Call Chain = __user_setup_stackheap
</UL>
<BR>[Calls]<UL><LI><a href="#[76]">&gt;&gt;</a>&nbsp;&nbsp;&nbsp;__user_initial_stackheap
<LI><a href="#[75]">&gt;&gt;</a>&nbsp;&nbsp;&nbsp;__user_perproc_libspace
</UL>
<BR>[Called By]<UL><LI><a href="#[68]">&gt;&gt;</a>&nbsp;&nbsp;&nbsp;__rt_entry_sh
</UL>

<P><STRONG><a name="[6e]"></a>exit</STRONG> (Thumb, 18 bytes, Stack size 8 bytes, exit.o(.text))
<BR><BR>[Stack]<UL><LI>Max Depth = 8 + Unknown Stack Size
<LI>Call Chain = exit
</UL>
<BR>[Calls]<UL><LI><a href="#[77]">&gt;&gt;</a>&nbsp;&nbsp;&nbsp;__rt_exit
</UL>
<BR>[Called By]<UL><LI><a href="#[6c]">&gt;&gt;</a>&nbsp;&nbsp;&nbsp;__rt_entry_main
</UL>

<P><STRONG><a name="[cb]"></a>__user_libspace</STRONG> (Thumb, 8 bytes, Stack size 0 bytes, libspace.o(.text), UNUSED)

<P><STRONG><a name="[75]"></a>__user_perproc_libspace</STRONG> (Thumb, 0 bytes, Stack size 0 bytes, libspace.o(.text))
<BR><BR>[Called By]<UL><LI><a href="#[69]">&gt;&gt;</a>&nbsp;&nbsp;&nbsp;__user_setup_stackheap
</UL>

<P><STRONG><a name="[cc]"></a>__user_perthread_libspace</STRONG> (Thumb, 0 bytes, Stack size 0 bytes, libspace.o(.text), UNUSED)

<P><STRONG><a name="[72]"></a>_sys_exit</STRONG> (Thumb, 8 bytes, Stack size 0 bytes, sys_exit.o(.text))
<BR><BR>[Called By]<UL><LI><a href="#[71]">&gt;&gt;</a>&nbsp;&nbsp;&nbsp;__rt_exit_exit
</UL>

<P><STRONG><a name="[cd]"></a>__I$use$semihosting</STRONG> (Thumb, 0 bytes, Stack size 0 bytes, use_no_semi.o(.text), UNUSED)

<P><STRONG><a name="[ce]"></a>__use_no_semihosting_swi</STRONG> (Thumb, 2 bytes, Stack size 0 bytes, use_no_semi.o(.text), UNUSED)

<P><STRONG><a name="[cf]"></a>__semihosting_library_function</STRONG> (Thumb, 0 bytes, Stack size unknown bytes, indicate_semi.o(.text), UNUSED)

<P><STRONG><a name="[4]"></a>BusFault_Handler</STRONG> (Thumb, 4 bytes, Stack size 0 bytes, n32g4fr_it.o(.text.BusFault_Handler))
<BR>[Address Reference Count : 1]<UL><LI> startup_n32g4fr.o(RESET)
</UL>
<P><STRONG><a name="[96]"></a>DMA_ClearFlag</STRONG> (Thumb, 16 bytes, Stack size 8 bytes, n32g4fr_dma.o(.text.DMA_ClearFlag))
<BR><BR>[Stack]<UL><LI>Max Depth = 8<LI>Call Chain = DMA_ClearFlag
</UL>
<BR>[Called By]<UL><LI><a href="#[7f]">&gt;&gt;</a>&nbsp;&nbsp;&nbsp;usart1_dma_send_u16
<LI><a href="#[8f]">&gt;&gt;</a>&nbsp;&nbsp;&nbsp;usart1_dma_tx_status
</UL>

<P><STRONG><a name="[93]"></a>DMA_DeInit</STRONG> (Thumb, 540 bytes, Stack size 4 bytes, n32g4fr_dma.o(.text.DMA_DeInit))
<BR><BR>[Stack]<UL><LI>Max Depth = 4<LI>Call Chain = DMA_DeInit
</UL>
<BR>[Called By]<UL><LI><a href="#[7f]">&gt;&gt;</a>&nbsp;&nbsp;&nbsp;usart1_dma_send_u16
<LI><a href="#[97]">&gt;&gt;</a>&nbsp;&nbsp;&nbsp;usart1_dma_tx_init
</UL>

<P><STRONG><a name="[92]"></a>DMA_EnableChannel</STRONG> (Thumb, 46 bytes, Stack size 8 bytes, n32g4fr_dma.o(.text.DMA_EnableChannel))
<BR><BR>[Stack]<UL><LI>Max Depth = 8<LI>Call Chain = DMA_EnableChannel
</UL>
<BR>[Called By]<UL><LI><a href="#[7f]">&gt;&gt;</a>&nbsp;&nbsp;&nbsp;usart1_dma_send_u16
<LI><a href="#[97]">&gt;&gt;</a>&nbsp;&nbsp;&nbsp;usart1_dma_tx_init
<LI><a href="#[8f]">&gt;&gt;</a>&nbsp;&nbsp;&nbsp;usart1_dma_tx_status
</UL>

<P><STRONG><a name="[91]"></a>DMA_GetCurrDataCounter</STRONG> (Thumb, 14 bytes, Stack size 4 bytes, n32g4fr_dma.o(.text.DMA_GetCurrDataCounter))
<BR><BR>[Stack]<UL><LI>Max Depth = 4<LI>Call Chain = DMA_GetCurrDataCounter
</UL>
<BR>[Called By]<UL><LI><a href="#[7f]">&gt;&gt;</a>&nbsp;&nbsp;&nbsp;usart1_dma_send_u16
</UL>

<P><STRONG><a name="[9a]"></a>DMA_GetFlagStatus</STRONG> (Thumb, 54 bytes, Stack size 16 bytes, n32g4fr_dma.o(.text.DMA_GetFlagStatus))
<BR><BR>[Stack]<UL><LI>Max Depth = 16<LI>Call Chain = DMA_GetFlagStatus
</UL>
<BR>[Called By]<UL><LI><a href="#[8f]">&gt;&gt;</a>&nbsp;&nbsp;&nbsp;usart1_dma_tx_status
</UL>

<P><STRONG><a name="[94]"></a>DMA_Init</STRONG> (Thumb, 108 bytes, Stack size 20 bytes, n32g4fr_dma.o(.text.DMA_Init))
<BR><BR>[Stack]<UL><LI>Max Depth = 20<LI>Call Chain = DMA_Init
</UL>
<BR>[Called By]<UL><LI><a href="#[7f]">&gt;&gt;</a>&nbsp;&nbsp;&nbsp;usart1_dma_send_u16
</UL>

<P><STRONG><a name="[95]"></a>DMA_RequestRemap</STRONG> (Thumb, 50 bytes, Stack size 16 bytes, n32g4fr_dma.o(.text.DMA_RequestRemap))
<BR><BR>[Stack]<UL><LI>Max Depth = 16<LI>Call Chain = DMA_RequestRemap
</UL>
<BR>[Called By]<UL><LI><a href="#[7f]">&gt;&gt;</a>&nbsp;&nbsp;&nbsp;usart1_dma_send_u16
<LI><a href="#[97]">&gt;&gt;</a>&nbsp;&nbsp;&nbsp;usart1_dma_tx_init
</UL>

<P><STRONG><a name="[7]"></a>DebugMon_Handler</STRONG> (Thumb, 2 bytes, Stack size 0 bytes, n32g4fr_it.o(.text.DebugMon_Handler))
<BR>[Address Reference Count : 1]<UL><LI> startup_n32g4fr.o(RESET)
</UL>
<P><STRONG><a name="[9d]"></a>GPIO_InitPeripheral</STRONG> (Thumb, 390 bytes, Stack size 32 bytes, n32g4fr_gpio.o(.text.GPIO_InitPeripheral))
<BR><BR>[Stack]<UL><LI>Max Depth = 32<LI>Call Chain = GPIO_InitPeripheral
</UL>
<BR>[Called By]<UL><LI><a href="#[9b]">&gt;&gt;</a>&nbsp;&nbsp;&nbsp;usart1_gpio_init
</UL>

<P><STRONG><a name="[2]"></a>HardFault_Handler</STRONG> (Thumb, 4 bytes, Stack size 0 bytes, n32g4fr_it.o(.text.HardFault_Handler))
<BR>[Address Reference Count : 1]<UL><LI> startup_n32g4fr.o(RESET)
</UL>
<P><STRONG><a name="[3]"></a>MemManage_Handler</STRONG> (Thumb, 4 bytes, Stack size 0 bytes, n32g4fr_it.o(.text.MemManage_Handler))
<BR>[Address Reference Count : 1]<UL><LI> startup_n32g4fr.o(RESET)
</UL>
<P><STRONG><a name="[78]"></a>Modbus_Process</STRONG> (Thumb, 702 bytes, Stack size 48 bytes, modbus.o(.text.Modbus_Process))
<BR><BR>[Stack]<UL><LI>Max Depth = 3256 + Unknown Stack Size
<LI>Call Chain = Modbus_Process &rArr; signal_process
</UL>
<BR>[Calls]<UL><LI><a href="#[7d]">&gt;&gt;</a>&nbsp;&nbsp;&nbsp;Modbus_SendWriteSingleRegAck
<LI><a href="#[7c]">&gt;&gt;</a>&nbsp;&nbsp;&nbsp;Modbus_SendReadHoldingOneReg
<LI><a href="#[7a]">&gt;&gt;</a>&nbsp;&nbsp;&nbsp;Modbus_SendException
<LI><a href="#[79]">&gt;&gt;</a>&nbsp;&nbsp;&nbsp;CRC16
<LI><a href="#[7b]">&gt;&gt;</a>&nbsp;&nbsp;&nbsp;signal_process
<LI><a href="#[7e]">&gt;&gt;</a>&nbsp;&nbsp;&nbsp;USART1_SetBaudRate
<LI><a href="#[7f]">&gt;&gt;</a>&nbsp;&nbsp;&nbsp;usart1_dma_send_u16
</UL>
<BR>[Called By]<UL><LI><a href="#[6d]">&gt;&gt;</a>&nbsp;&nbsp;&nbsp;main
</UL>

<P><STRONG><a name="[1]"></a>NMI_Handler</STRONG> (Thumb, 2 bytes, Stack size 0 bytes, n32g4fr_it.o(.text.NMI_Handler))
<BR>[Address Reference Count : 1]<UL><LI> startup_n32g4fr.o(RESET)
</UL>
<P><STRONG><a name="[9f]"></a>NVIC_Init</STRONG> (Thumb, 166 bytes, Stack size 16 bytes, misc.o(.text.NVIC_Init))
<BR><BR>[Stack]<UL><LI>Max Depth = 16<LI>Call Chain = NVIC_Init
</UL>
<BR>[Called By]<UL><LI><a href="#[9e]">&gt;&gt;</a>&nbsp;&nbsp;&nbsp;usart1_rx_irq_init
</UL>

<P><STRONG><a name="[81]"></a>RCC_ConfigSysclk</STRONG> (Thumb, 44 bytes, Stack size 8 bytes, n32g4fr_rcc.o(.text.RCC_ConfigSysclk))
<BR><BR>[Stack]<UL><LI>Max Depth = 8<LI>Call Chain = RCC_ConfigSysclk
</UL>
<BR>[Called By]<UL><LI><a href="#[60]">&gt;&gt;</a>&nbsp;&nbsp;&nbsp;SystemInit
</UL>

<P><STRONG><a name="[98]"></a>RCC_EnableAHBPeriphClk</STRONG> (Thumb, 56 bytes, Stack size 8 bytes, n32g4fr_rcc.o(.text.RCC_EnableAHBPeriphClk))
<BR><BR>[Stack]<UL><LI>Max Depth = 8<LI>Call Chain = RCC_EnableAHBPeriphClk
</UL>
<BR>[Called By]<UL><LI><a href="#[97]">&gt;&gt;</a>&nbsp;&nbsp;&nbsp;usart1_dma_tx_init
</UL>

<P><STRONG><a name="[9c]"></a>RCC_EnableAPB2PeriphClk</STRONG> (Thumb, 56 bytes, Stack size 8 bytes, n32g4fr_rcc.o(.text.RCC_EnableAPB2PeriphClk))
<BR><BR>[Stack]<UL><LI>Max Depth = 8<LI>Call Chain = RCC_EnableAPB2PeriphClk
</UL>
<BR>[Called By]<UL><LI><a href="#[9b]">&gt;&gt;</a>&nbsp;&nbsp;&nbsp;usart1_gpio_init
</UL>

<P><STRONG><a name="[8d]"></a>RCC_GetClocksFreqValue</STRONG> (Thumb, 452 bytes, Stack size 28 bytes, n32g4fr_rcc.o(.text.RCC_GetClocksFreqValue))
<BR><BR>[Stack]<UL><LI>Max Depth = 28<LI>Call Chain = RCC_GetClocksFreqValue
</UL>
<BR>[Called By]<UL><LI><a href="#[8b]">&gt;&gt;</a>&nbsp;&nbsp;&nbsp;USART_Init
</UL>

<P><STRONG><a name="[82]"></a>RCC_GetSysclkSrc</STRONG> (Thumb, 16 bytes, Stack size 0 bytes, n32g4fr_rcc.o(.text.RCC_GetSysclkSrc))
<BR><BR>[Called By]<UL><LI><a href="#[60]">&gt;&gt;</a>&nbsp;&nbsp;&nbsp;SystemInit
</UL>

<P><STRONG><a name="[6]"></a>SVC_Handler</STRONG> (Thumb, 2 bytes, Stack size 0 bytes, n32g4fr_it.o(.text.SVC_Handler))
<BR>[Address Reference Count : 1]<UL><LI> startup_n32g4fr.o(RESET)
</UL>
<P><STRONG><a name="[9]"></a>SysTick_Handler</STRONG> (Thumb, 2 bytes, Stack size 0 bytes, n32g4fr_it.o(.text.SysTick_Handler))
<BR>[Address Reference Count : 1]<UL><LI> startup_n32g4fr.o(RESET)
</UL>
<P><STRONG><a name="[60]"></a>SystemInit</STRONG> (Thumb, 300 bytes, Stack size 8 bytes, system_n32g4fr.o(.text.SystemInit))
<BR><BR>[Stack]<UL><LI>Max Depth = 32<LI>Call Chain = SystemInit &rArr; SetSysClock
</UL>
<BR>[Calls]<UL><LI><a href="#[82]">&gt;&gt;</a>&nbsp;&nbsp;&nbsp;RCC_GetSysclkSrc
<LI><a href="#[81]">&gt;&gt;</a>&nbsp;&nbsp;&nbsp;RCC_ConfigSysclk
<LI><a href="#[85]">&gt;&gt;</a>&nbsp;&nbsp;&nbsp;SetVDDDBKTrim
<LI><a href="#[84]">&gt;&gt;</a>&nbsp;&nbsp;&nbsp;SetSysClock
<LI><a href="#[83]">&gt;&gt;</a>&nbsp;&nbsp;&nbsp;ReadBackBDCTRL
</UL>
<BR>[Address Reference Count : 1]<UL><LI> startup_n32g4fr.o(.text)
</UL>
<P><STRONG><a name="[2f]"></a>USART1_IRQHandler</STRONG> (Thumb, 156 bytes, Stack size 16 bytes, usart.o(.text.USART1_IRQHandler))
<BR><BR>[Stack]<UL><LI>Max Depth = 40<LI>Call Chain = USART1_IRQHandler &rArr; USART_GetIntStatus
</UL>
<BR>[Calls]<UL><LI><a href="#[86]">&gt;&gt;</a>&nbsp;&nbsp;&nbsp;USART_GetIntStatus
<LI><a href="#[87]">&gt;&gt;</a>&nbsp;&nbsp;&nbsp;USART_ReceiveData
</UL>
<BR>[Address Reference Count : 1]<UL><LI> startup_n32g4fr.o(RESET)
</UL>
<P><STRONG><a name="[7e]"></a>USART1_SetBaudRate</STRONG> (Thumb, 128 bytes, Stack size 32 bytes, usart.o(.text.USART1_SetBaudRate))
<BR><BR>[Stack]<UL><LI>Max Depth = 124<LI>Call Chain = USART1_SetBaudRate &rArr; USART_Init &rArr; RCC_GetClocksFreqValue
</UL>
<BR>[Calls]<UL><LI><a href="#[88]">&gt;&gt;</a>&nbsp;&nbsp;&nbsp;USART_GetFlagStatus
<LI><a href="#[89]">&gt;&gt;</a>&nbsp;&nbsp;&nbsp;USART_ConfigInt
<LI><a href="#[8a]">&gt;&gt;</a>&nbsp;&nbsp;&nbsp;USART_Enable
<LI><a href="#[8b]">&gt;&gt;</a>&nbsp;&nbsp;&nbsp;USART_Init
</UL>
<BR>[Called By]<UL><LI><a href="#[78]">&gt;&gt;</a>&nbsp;&nbsp;&nbsp;Modbus_Process
</UL>

<P><STRONG><a name="[80]"></a>USART1_Transmit</STRONG> (Thumb, 148 bytes, Stack size 24 bytes, usart.o(.text.USART1_Transmit))
<BR><BR>[Stack]<UL><LI>Max Depth = 32<LI>Call Chain = USART1_Transmit &rArr; USART_GetFlagStatus
</UL>
<BR>[Calls]<UL><LI><a href="#[88]">&gt;&gt;</a>&nbsp;&nbsp;&nbsp;USART_GetFlagStatus
<LI><a href="#[8c]">&gt;&gt;</a>&nbsp;&nbsp;&nbsp;USART_SendData
</UL>
<BR>[Called By]<UL><LI><a href="#[7d]">&gt;&gt;</a>&nbsp;&nbsp;&nbsp;Modbus_SendWriteSingleRegAck
<LI><a href="#[7c]">&gt;&gt;</a>&nbsp;&nbsp;&nbsp;Modbus_SendReadHoldingOneReg
<LI><a href="#[7a]">&gt;&gt;</a>&nbsp;&nbsp;&nbsp;Modbus_SendException
</UL>

<P><STRONG><a name="[89]"></a>USART_ConfigInt</STRONG> (Thumb, 146 bytes, Stack size 24 bytes, n32g4fr_usart.o(.text.USART_ConfigInt))
<BR><BR>[Stack]<UL><LI>Max Depth = 24<LI>Call Chain = USART_ConfigInt
</UL>
<BR>[Called By]<UL><LI><a href="#[7e]">&gt;&gt;</a>&nbsp;&nbsp;&nbsp;USART1_SetBaudRate
<LI><a href="#[9e]">&gt;&gt;</a>&nbsp;&nbsp;&nbsp;usart1_rx_irq_init
</UL>

<P><STRONG><a name="[8a]"></a>USART_Enable</STRONG> (Thumb, 44 bytes, Stack size 8 bytes, n32g4fr_usart.o(.text.USART_Enable))
<BR><BR>[Stack]<UL><LI>Max Depth = 8<LI>Call Chain = USART_Enable
</UL>
<BR>[Called By]<UL><LI><a href="#[7e]">&gt;&gt;</a>&nbsp;&nbsp;&nbsp;USART1_SetBaudRate
<LI><a href="#[8e]">&gt;&gt;</a>&nbsp;&nbsp;&nbsp;usart1_init
</UL>

<P><STRONG><a name="[99]"></a>USART_EnableDMA</STRONG> (Thumb, 52 bytes, Stack size 8 bytes, n32g4fr_usart.o(.text.USART_EnableDMA))
<BR><BR>[Stack]<UL><LI>Max Depth = 8<LI>Call Chain = USART_EnableDMA
</UL>
<BR>[Called By]<UL><LI><a href="#[97]">&gt;&gt;</a>&nbsp;&nbsp;&nbsp;usart1_dma_tx_init
</UL>

<P><STRONG><a name="[88]"></a>USART_GetFlagStatus</STRONG> (Thumb, 68 bytes, Stack size 8 bytes, n32g4fr_usart.o(.text.USART_GetFlagStatus))
<BR><BR>[Stack]<UL><LI>Max Depth = 8<LI>Call Chain = USART_GetFlagStatus
</UL>
<BR>[Called By]<UL><LI><a href="#[7e]">&gt;&gt;</a>&nbsp;&nbsp;&nbsp;USART1_SetBaudRate
<LI><a href="#[80]">&gt;&gt;</a>&nbsp;&nbsp;&nbsp;USART1_Transmit
<LI><a href="#[8f]">&gt;&gt;</a>&nbsp;&nbsp;&nbsp;usart1_dma_tx_status
</UL>

<P><STRONG><a name="[86]"></a>USART_GetIntStatus</STRONG> (Thumb, 176 bytes, Stack size 24 bytes, n32g4fr_usart.o(.text.USART_GetIntStatus))
<BR><BR>[Stack]<UL><LI>Max Depth = 24<LI>Call Chain = USART_GetIntStatus
</UL>
<BR>[Called By]<UL><LI><a href="#[2f]">&gt;&gt;</a>&nbsp;&nbsp;&nbsp;USART1_IRQHandler
</UL>

<P><STRONG><a name="[8b]"></a>USART_Init</STRONG> (Thumb, 334 bytes, Stack size 64 bytes, n32g4fr_usart.o(.text.USART_Init))
<BR><BR>[Stack]<UL><LI>Max Depth = 92<LI>Call Chain = USART_Init &rArr; RCC_GetClocksFreqValue
</UL>
<BR>[Calls]<UL><LI><a href="#[8d]">&gt;&gt;</a>&nbsp;&nbsp;&nbsp;RCC_GetClocksFreqValue
</UL>
<BR>[Called By]<UL><LI><a href="#[7e]">&gt;&gt;</a>&nbsp;&nbsp;&nbsp;USART1_SetBaudRate
<LI><a href="#[8e]">&gt;&gt;</a>&nbsp;&nbsp;&nbsp;usart1_init
</UL>

<P><STRONG><a name="[87]"></a>USART_ReceiveData</STRONG> (Thumb, 16 bytes, Stack size 4 bytes, n32g4fr_usart.o(.text.USART_ReceiveData))
<BR><BR>[Stack]<UL><LI>Max Depth = 4<LI>Call Chain = USART_ReceiveData
</UL>
<BR>[Called By]<UL><LI><a href="#[2f]">&gt;&gt;</a>&nbsp;&nbsp;&nbsp;USART1_IRQHandler
</UL>

<P><STRONG><a name="[8c]"></a>USART_SendData</STRONG> (Thumb, 24 bytes, Stack size 8 bytes, n32g4fr_usart.o(.text.USART_SendData))
<BR><BR>[Stack]<UL><LI>Max Depth = 8<LI>Call Chain = USART_SendData
</UL>
<BR>[Called By]<UL><LI><a href="#[80]">&gt;&gt;</a>&nbsp;&nbsp;&nbsp;USART1_Transmit
</UL>

<P><STRONG><a name="[5]"></a>UsageFault_Handler</STRONG> (Thumb, 4 bytes, Stack size 0 bytes, n32g4fr_it.o(.text.UsageFault_Handler))
<BR>[Address Reference Count : 1]<UL><LI> startup_n32g4fr.o(RESET)
</UL>
<P><STRONG><a name="[6d]"></a>main</STRONG> (Thumb, 62 bytes, Stack size 16 bytes, main.o(.text.main))
<BR><BR>[Stack]<UL><LI>Max Depth = 3272 + Unknown Stack Size
<LI>Call Chain = main &rArr; Modbus_Process &rArr; signal_process
</UL>
<BR>[Calls]<UL><LI><a href="#[78]">&gt;&gt;</a>&nbsp;&nbsp;&nbsp;Modbus_Process
<LI><a href="#[8f]">&gt;&gt;</a>&nbsp;&nbsp;&nbsp;usart1_dma_tx_status
<LI><a href="#[8e]">&gt;&gt;</a>&nbsp;&nbsp;&nbsp;usart1_init
</UL>
<BR>[Called By]<UL><LI><a href="#[6c]">&gt;&gt;</a>&nbsp;&nbsp;&nbsp;__rt_entry_main
</UL>

<P><STRONG><a name="[7b]"></a>signal_process</STRONG> (Thumb, 8948 bytes, Stack size 3208 bytes, signal_process.o(.text.signal_process))
<BR><BR>[Stack]<UL><LI>Max Depth = 3208 + Unknown Stack Size
<LI>Call Chain = signal_process
</UL>
<BR>[Calls]<UL><LI><a href="#[90]">&gt;&gt;</a>&nbsp;&nbsp;&nbsp;__aeabi_memclr
</UL>
<BR>[Called By]<UL><LI><a href="#[78]">&gt;&gt;</a>&nbsp;&nbsp;&nbsp;Modbus_Process
</UL>

<P><STRONG><a name="[7f]"></a>usart1_dma_send_u16</STRONG> (Thumb, 260 bytes, Stack size 56 bytes, usart.o(.text.usart1_dma_send_u16))
<BR><BR>[Stack]<UL><LI>Max Depth = 76<LI>Call Chain = usart1_dma_send_u16 &rArr; DMA_Init
</UL>
<BR>[Calls]<UL><LI><a href="#[95]">&gt;&gt;</a>&nbsp;&nbsp;&nbsp;DMA_RequestRemap
<LI><a href="#[96]">&gt;&gt;</a>&nbsp;&nbsp;&nbsp;DMA_ClearFlag
<LI><a href="#[91]">&gt;&gt;</a>&nbsp;&nbsp;&nbsp;DMA_GetCurrDataCounter
<LI><a href="#[92]">&gt;&gt;</a>&nbsp;&nbsp;&nbsp;DMA_EnableChannel
<LI><a href="#[94]">&gt;&gt;</a>&nbsp;&nbsp;&nbsp;DMA_Init
<LI><a href="#[93]">&gt;&gt;</a>&nbsp;&nbsp;&nbsp;DMA_DeInit
</UL>
<BR>[Called By]<UL><LI><a href="#[78]">&gt;&gt;</a>&nbsp;&nbsp;&nbsp;Modbus_Process
</UL>

<P><STRONG><a name="[97]"></a>usart1_dma_tx_init</STRONG> (Thumb, 70 bytes, Stack size 16 bytes, usart.o(.text.usart1_dma_tx_init))
<BR><BR>[Stack]<UL><LI>Max Depth = 32<LI>Call Chain = usart1_dma_tx_init &rArr; DMA_RequestRemap
</UL>
<BR>[Calls]<UL><LI><a href="#[98]">&gt;&gt;</a>&nbsp;&nbsp;&nbsp;RCC_EnableAHBPeriphClk
<LI><a href="#[95]">&gt;&gt;</a>&nbsp;&nbsp;&nbsp;DMA_RequestRemap
<LI><a href="#[92]">&gt;&gt;</a>&nbsp;&nbsp;&nbsp;DMA_EnableChannel
<LI><a href="#[93]">&gt;&gt;</a>&nbsp;&nbsp;&nbsp;DMA_DeInit
<LI><a href="#[99]">&gt;&gt;</a>&nbsp;&nbsp;&nbsp;USART_EnableDMA
</UL>
<BR>[Called By]<UL><LI><a href="#[8e]">&gt;&gt;</a>&nbsp;&nbsp;&nbsp;usart1_init
</UL>

<P><STRONG><a name="[8f]"></a>usart1_dma_tx_status</STRONG> (Thumb, 190 bytes, Stack size 24 bytes, usart.o(.text.usart1_dma_tx_status))
<BR><BR>[Stack]<UL><LI>Max Depth = 40<LI>Call Chain = usart1_dma_tx_status &rArr; DMA_GetFlagStatus
</UL>
<BR>[Calls]<UL><LI><a href="#[96]">&gt;&gt;</a>&nbsp;&nbsp;&nbsp;DMA_ClearFlag
<LI><a href="#[9a]">&gt;&gt;</a>&nbsp;&nbsp;&nbsp;DMA_GetFlagStatus
<LI><a href="#[92]">&gt;&gt;</a>&nbsp;&nbsp;&nbsp;DMA_EnableChannel
<LI><a href="#[88]">&gt;&gt;</a>&nbsp;&nbsp;&nbsp;USART_GetFlagStatus
</UL>
<BR>[Called By]<UL><LI><a href="#[6d]">&gt;&gt;</a>&nbsp;&nbsp;&nbsp;main
</UL>

<P><STRONG><a name="[9b]"></a>usart1_gpio_init</STRONG> (Thumb, 84 bytes, Stack size 24 bytes, usart.o(.text.usart1_gpio_init))
<BR><BR>[Stack]<UL><LI>Max Depth = 56<LI>Call Chain = usart1_gpio_init &rArr; GPIO_InitPeripheral
</UL>
<BR>[Calls]<UL><LI><a href="#[9c]">&gt;&gt;</a>&nbsp;&nbsp;&nbsp;RCC_EnableAPB2PeriphClk
<LI><a href="#[9d]">&gt;&gt;</a>&nbsp;&nbsp;&nbsp;GPIO_InitPeripheral
</UL>
<BR>[Called By]<UL><LI><a href="#[8e]">&gt;&gt;</a>&nbsp;&nbsp;&nbsp;usart1_init
</UL>

<P><STRONG><a name="[8e]"></a>usart1_init</STRONG> (Thumb, 70 bytes, Stack size 16 bytes, usart.o(.text.usart1_init))
<BR><BR>[Stack]<UL><LI>Max Depth = 108<LI>Call Chain = usart1_init &rArr; USART_Init &rArr; RCC_GetClocksFreqValue
</UL>
<BR>[Calls]<UL><LI><a href="#[97]">&gt;&gt;</a>&nbsp;&nbsp;&nbsp;usart1_dma_tx_init
<LI><a href="#[9b]">&gt;&gt;</a>&nbsp;&nbsp;&nbsp;usart1_gpio_init
<LI><a href="#[9e]">&gt;&gt;</a>&nbsp;&nbsp;&nbsp;usart1_rx_irq_init
<LI><a href="#[8a]">&gt;&gt;</a>&nbsp;&nbsp;&nbsp;USART_Enable
<LI><a href="#[8b]">&gt;&gt;</a>&nbsp;&nbsp;&nbsp;USART_Init
</UL>
<BR>[Called By]<UL><LI><a href="#[6d]">&gt;&gt;</a>&nbsp;&nbsp;&nbsp;main
</UL>

<P><STRONG><a name="[67]"></a>_fp_init</STRONG> (Thumb, 26 bytes, Stack size 0 bytes, fpinit.o(x$fpl$fpinit))
<BR><BR>[Called By]<UL><LI><a href="#[66]">&gt;&gt;</a>&nbsp;&nbsp;&nbsp;__rt_lib_init_fp_1
</UL>

<P><STRONG><a name="[d0]"></a>__fplib_config_fpu_vfp</STRONG> (Thumb, 0 bytes, Stack size unknown bytes, fpinit.o(x$fpl$fpinit), UNUSED)

<P><STRONG><a name="[d1]"></a>__fplib_config_pureend_doubles</STRONG> (Thumb, 0 bytes, Stack size unknown bytes, fpinit.o(x$fpl$fpinit), UNUSED)
<P>
<H3>
Local Symbols
</H3>
<P><STRONG><a name="[39]"></a>RESERVE47_IRQHandler</STRONG> (Thumb, 0 bytes, Stack size 0 bytes, startup_n32g4fr.o(.text))
<BR>[Address Reference Count : 1]<UL><LI> startup_n32g4fr.o(RESET)
</UL>
<P><STRONG><a name="[3a]"></a>RESERVE48_IRQHandler</STRONG> (Thumb, 0 bytes, Stack size 0 bytes, startup_n32g4fr.o(.text))
<BR>[Address Reference Count : 1]<UL><LI> startup_n32g4fr.o(RESET)
</UL>
<P><STRONG><a name="[47]"></a>RESERVE61_IRQHandler</STRONG> (Thumb, 0 bytes, Stack size 0 bytes, startup_n32g4fr.o(.text))
<BR>[Address Reference Count : 1]<UL><LI> startup_n32g4fr.o(RESET)
</UL>
<P><STRONG><a name="[48]"></a>RESERVE62_IRQHandler</STRONG> (Thumb, 0 bytes, Stack size 0 bytes, startup_n32g4fr.o(.text))
<BR>[Address Reference Count : 1]<UL><LI> startup_n32g4fr.o(RESET)
</UL>
<P><STRONG><a name="[5c]"></a>RESERVE82_IRQHandler</STRONG> (Thumb, 0 bytes, Stack size 0 bytes, startup_n32g4fr.o(.text))
<BR>[Address Reference Count : 1]<UL><LI> startup_n32g4fr.o(RESET)
</UL>
<P><STRONG><a name="[5d]"></a>RESERVE83_IRQHandler</STRONG> (Thumb, 0 bytes, Stack size 0 bytes, startup_n32g4fr.o(.text))
<BR>[Address Reference Count : 1]<UL><LI> startup_n32g4fr.o(RESET)
</UL>
<P><STRONG><a name="[5e]"></a>RESERVE84_IRQHandler</STRONG> (Thumb, 0 bytes, Stack size 0 bytes, startup_n32g4fr.o(.text))
<BR>[Address Reference Count : 1]<UL><LI> startup_n32g4fr.o(RESET)
</UL>
<P><STRONG><a name="[83]"></a>ReadBackBDCTRL</STRONG> (Thumb, 78 bytes, Stack size 12 bytes, system_n32g4fr.o(.text.ReadBackBDCTRL))
<BR><BR>[Stack]<UL><LI>Max Depth = 12<LI>Call Chain = ReadBackBDCTRL
</UL>
<BR>[Called By]<UL><LI><a href="#[60]">&gt;&gt;</a>&nbsp;&nbsp;&nbsp;SystemInit
</UL>

<P><STRONG><a name="[84]"></a>SetSysClock</STRONG> (Thumb, 358 bytes, Stack size 24 bytes, system_n32g4fr.o(.text.SetSysClock))
<BR><BR>[Stack]<UL><LI>Max Depth = 24<LI>Call Chain = SetSysClock
</UL>
<BR>[Called By]<UL><LI><a href="#[60]">&gt;&gt;</a>&nbsp;&nbsp;&nbsp;SystemInit
</UL>

<P><STRONG><a name="[85]"></a>SetVDDDBKTrim</STRONG> (Thumb, 152 bytes, Stack size 8 bytes, system_n32g4fr.o(.text.SetVDDDBKTrim))
<BR><BR>[Stack]<UL><LI>Max Depth = 8<LI>Call Chain = SetVDDDBKTrim
</UL>
<BR>[Called By]<UL><LI><a href="#[60]">&gt;&gt;</a>&nbsp;&nbsp;&nbsp;SystemInit
</UL>

<P><STRONG><a name="[9e]"></a>usart1_rx_irq_init</STRONG> (Thumb, 56 bytes, Stack size 16 bytes, usart.o(.text.usart1_rx_irq_init))
<BR><BR>[Stack]<UL><LI>Max Depth = 40<LI>Call Chain = usart1_rx_irq_init &rArr; USART_ConfigInt
</UL>
<BR>[Calls]<UL><LI><a href="#[9f]">&gt;&gt;</a>&nbsp;&nbsp;&nbsp;NVIC_Init
<LI><a href="#[89]">&gt;&gt;</a>&nbsp;&nbsp;&nbsp;USART_ConfigInt
</UL>
<BR>[Called By]<UL><LI><a href="#[8e]">&gt;&gt;</a>&nbsp;&nbsp;&nbsp;usart1_init
</UL>

<P><STRONG><a name="[79]"></a>CRC16</STRONG> (Thumb, 142 bytes, Stack size 16 bytes, modbus.o(.text.CRC16))
<BR><BR>[Stack]<UL><LI>Max Depth = 16<LI>Call Chain = CRC16
</UL>
<BR>[Called By]<UL><LI><a href="#[7d]">&gt;&gt;</a>&nbsp;&nbsp;&nbsp;Modbus_SendWriteSingleRegAck
<LI><a href="#[7c]">&gt;&gt;</a>&nbsp;&nbsp;&nbsp;Modbus_SendReadHoldingOneReg
<LI><a href="#[7a]">&gt;&gt;</a>&nbsp;&nbsp;&nbsp;Modbus_SendException
<LI><a href="#[78]">&gt;&gt;</a>&nbsp;&nbsp;&nbsp;Modbus_Process
</UL>

<P><STRONG><a name="[7a]"></a>Modbus_SendException</STRONG> (Thumb, 92 bytes, Stack size 24 bytes, modbus.o(.text.Modbus_SendException))
<BR><BR>[Stack]<UL><LI>Max Depth = 56<LI>Call Chain = Modbus_SendException &rArr; USART1_Transmit &rArr; USART_GetFlagStatus
</UL>
<BR>[Calls]<UL><LI><a href="#[79]">&gt;&gt;</a>&nbsp;&nbsp;&nbsp;CRC16
<LI><a href="#[80]">&gt;&gt;</a>&nbsp;&nbsp;&nbsp;USART1_Transmit
</UL>
<BR>[Called By]<UL><LI><a href="#[78]">&gt;&gt;</a>&nbsp;&nbsp;&nbsp;Modbus_Process
</UL>

<P><STRONG><a name="[7c]"></a>Modbus_SendReadHoldingOneReg</STRONG> (Thumb, 96 bytes, Stack size 24 bytes, modbus.o(.text.Modbus_SendReadHoldingOneReg))
<BR><BR>[Stack]<UL><LI>Max Depth = 56<LI>Call Chain = Modbus_SendReadHoldingOneReg &rArr; USART1_Transmit &rArr; USART_GetFlagStatus
</UL>
<BR>[Calls]<UL><LI><a href="#[79]">&gt;&gt;</a>&nbsp;&nbsp;&nbsp;CRC16
<LI><a href="#[80]">&gt;&gt;</a>&nbsp;&nbsp;&nbsp;USART1_Transmit
</UL>
<BR>[Called By]<UL><LI><a href="#[78]">&gt;&gt;</a>&nbsp;&nbsp;&nbsp;Modbus_Process
</UL>

<P><STRONG><a name="[7d]"></a>Modbus_SendWriteSingleRegAck</STRONG> (Thumb, 106 bytes, Stack size 32 bytes, modbus.o(.text.Modbus_SendWriteSingleRegAck))
<BR><BR>[Stack]<UL><LI>Max Depth = 64<LI>Call Chain = Modbus_SendWriteSingleRegAck &rArr; USART1_Transmit &rArr; USART_GetFlagStatus
</UL>
<BR>[Calls]<UL><LI><a href="#[79]">&gt;&gt;</a>&nbsp;&nbsp;&nbsp;CRC16
<LI><a href="#[80]">&gt;&gt;</a>&nbsp;&nbsp;&nbsp;USART1_Transmit
</UL>
<BR>[Called By]<UL><LI><a href="#[78]">&gt;&gt;</a>&nbsp;&nbsp;&nbsp;Modbus_Process
</UL>
<P>
<H3>
Undefined Global Symbols
</H3><HR></body></html>
