<html>
<body>
<pre>
<h1>µVision Build Log</h1>
<h2>Tool Versions:</h2>
IDE-Version: ¦ÌVision V5.41.0.0
Copyright (C) 2024 ARM Ltd and ARM Germany GmbH. All rights reserved.
License Information: 11 pc, 111, LIC=BUURY-ID646-FWW2N-YH5A8-XKRDE-5IBHK
 
Tool Versions:
Toolchain:       MDK-ARM Plus  Version: 5.41.0.0
Toolchain Path:  D:\app\keil_use\ARM\ARMCLANG\Bin
C Compiler:      ArmClang.exe V6.22
Assembler:       Armasm.exe V6.22
Linker/Locator:  ArmLink.exe V6.22
Library Manager: ArmAr.exe V6.22
Hex Converter:   FromElf.exe V6.22
CPU DLL:         SARMCM3.DLL V5.41.0.0
Dialog DLL:      DCM.DLL V1.17.5.0
Target DLL:      CMSIS_AGDI.dll V1.33.21.0
Dialog DLL:      TCM.DLL V1.56.4.0
 
<h2>Project:</h2>
C:\Users\pc\Desktop\watersound\N32ÒÆÖ²\obstacleAvoidance.uvprojx
Project File Date:  07/06/2026

<h2>Output:</h2>
*** Using Compiler 'V6.22', folder: 'D:\app\keil_use\ARM\ARMCLANG\Bin'
Rebuild target 'Target_1'
compiling system_n32g4fr.c...
compiling misc.c...
compiling n32g4fr_dvp.c...
compiling n32g4fr_crc.c...
assembling startup_n32g4fr.s...
compiling n32g4fr_bkp.c...
compiling n32g4fr_can.c...
compiling n32g4fr_dbg.c...
compiling n32g4fr_dma.c...
compiling n32g4fr_dac.c...
compiling n32g4fr_adc.c...
compiling n32g4fr_exti.c...
compiling n32g4fr_flash.c...
compiling n32g4fr_qspi.c...
compiling n32g4fr_iwdg.c...
compiling n32g4fr_sdio.c...
compiling n32g4fr_pwr.c...
compiling n32g4fr_spi.c...
compiling n32g4fr_i2c.c...
compiling n32g4fr_rtc.c...
compiling n32g4fr_gpio.c...
compiling n32g4fr_rcc.c...
compiling n32g4fr_it.c...
compiling n32g4fr_wwdg.c...
compiling n32g4fr_tsc.c...
compiling rcc.c...
compiling usart.c...
compiling n32g4fr_tim.c...
compiling n32g4fr_usart.c...
compiling modbus.c...
compiling main.c...
compiling signal_process.c...
linking...
Program Size: Code=15722 RO-data=506 RW-data=8 ZI-data=43144  
".\Objects\obstacleAvoidance.axf" - 0 Error(s), 0 Warning(s).

<h2>Software Packages used:</h2>

Package Vendor: Nationstech
                http://www.keil.com/pack/Nationstech.N32G4FR_DFP.1.2.0.pack
                Nationstech::N32G4FR_DFP@1.2.0
                Nationstech N32G4FR Series Device Support, Drivers and Examples

<h2>Collection of Component include folders:</h2>
  D:/app/keil_use/pack/Nations/N32G4FR_DFP/1.2.0/firmware/CMSIS/device

<h2>Collection of Component Files used:</h2>
Build Time Elapsed:  00:00:02
</pre>
</body>
</html>
